D/StatusBar.NetworkController( 1228): refreshSignalCluster - setMobileDataIndicators:  mHasMobileDataFeature = true mPhoneSignalIconId = com.android.systemui:drawable/stat_sys_signal_null mDataSignalIconId = com.android.systemui:drawable/stat_sys_signal_null mMobileActivityIconId = (null) mDataTypeIconId = (null) mNoSimIconId = com.android.systemui:drawable/stat_sys_no_sim
D/StatusBar.NetworkController( 1228): refreshSignalCluster - setMobileDataIndicators:  mHasMobileDataFeature = true mPhoneSignalIconId = com.android.systemui:drawable/stat_sys_signal_null mDataSignalIconId = com.android.systemui:drawable/stat_sys_signal_null mMobileActivityIconId = (null) mDataTypeIconId = (null) mNoSimIconId = com.android.systemui:drawable/stat_sys_no_sim
D/StatusBar.NetworkController( 1228): changing data overlay icon id to 2130838414
W/ContextImpl( 3491): Failed to ensure directory: /storage/sdcard1/Android/data/com.google.android.apps.magazines/cache
D/StatusBar.NetworkController( 1228): hasService: mServiceState=2 1 home null null null  Unknown Unknown CSS not supported -1 -1 RoamInd=-1 DefRoamInd=-1 EmergOnly=true retVal=false
D/StatusBar.NetworkController( 1228): refreshViews: Data not connected!! Set no data type icon / Roaming
D/StatusBar.NetworkController( 1228): refreshViews connected={ wifi } level=0 combinedSignalIconId=0x7f020398/com.android.systemui:drawable/stat_sys_wifi_signal_4 combinedActivityIconId=0x0 mobileLabel=Emergency calls only wifiLabel="SwitchDatacentersGuest"xxxxXXXXxxxxXXXX emergencyOnly=true combinedLabel="SwitchDatacentersGuest"xxxxXXXXxxxxXXXX mAirplaneMode=false mDataActivity=0 mPhoneSignalIconId=0x7f020378/com.android.systemui:drawable/stat_sys_signal_null mQSPhoneSignalIconId=0x7f0200ae/com.android.systemui:drawable/ic_qs_signal_no_signal mDataDirectionIconId=0x0/(null) mDataSignalIconId=0x7f020378/com.android.systemui:drawable/stat_sys_signal_null mDataTypeIconId=0x0/(null) mQSDataTypeIconId=0x0/(null) mNoSimIconId=0x7f0201b5/com.android.systemui:drawable/stat_sys_no_sim mWifiIconId=0x7f020398/com.android.systemui:drawable/stat_sys_wifi_signal_4 mQSWifiIconId=0x7f0200bd/com.android.systemui:drawable/ic_qs_wifi_4 mWifiActivityIconId=0x0/(null) mBluetoothTetherIconId=0x108077d/android:drawable/stat_sys_tether_bluetooth
D/StatusBar.NetworkController( 1228): refreshSignalCluster - setMobileDataIndicators:  mHasMobileDataFeature = true mPhoneSignalIconId = com.android.systemui:drawable/stat_sys_signal_null mDataSignalIconId = com.android.systemui:drawable/stat_sys_signal_null mMobileActivityIconId = (null) mDataTypeIconId = (null) mNoSimIconId = com.android.systemui:drawable/stat_sys_no_sim
D/StatusBar.NetworkController( 1228): refreshSignalCluster - setMobileDataIndicators:  mHasMobileDataFeature = true mPhoneSignalIconId = com.android.systemui:drawable/stat_sys_signal_null mDataSignalIconId = com.android.systemui:drawable/stat_sys_signal_null mMobileActivityIconId = (null) mDataTypeIconId = (null) mNoSimIconId = com.android.systemui:drawable/stat_sys_no_sim
D/StatusBar.NetworkController( 1228): refreshSignalCluster - setMobileDataIndicators:  mHasMobileDataFeature = true mPhoneSignalIconId = com.android.systemui:drawable/stat_sys_signal_null mDataSignalIconId = com.android.systemui:drawable/stat_sys_signal_null mMobileActivityIconId = (null) mDataTypeIconId = (null) mNoSimIconId = com.android.systemui:drawable/stat_sys_no_sim
D/StatusBar.NetworkController( 1228): changing data overlay icon id to 0
E/Vold    (  295): Failed to find mounted volume for /storage/sdcard1/Android/data/com.google.android.apps.magazines/files/
W/Vold    (  295): Returning OperationFailed - no handler for errno 0
W/ContextImpl( 3491): Failed to ensure directory: /storage/sdcard1/Android/data/com.google.android.apps.magazines/files
I/CalendarProvider2( 3445): Sending notification intent: Intent { act=android.intent.action.PROVIDER_CHANGED dat=content://com.android.calendar }
W/ContentResolver( 3445): Failed to get type for: content://com.android.calendar (Unknown URL content://com.android.calendar)
I/AlarmManager(  912): trigger alam package=android type=0
I/WebViewFactory( 3491): Loading com.google.android.webview version 42.0.2311.138 (code 52311138)
I/MSM-irqbalance(  411): Decided to move IRQ130 from CPU4 to CPU6
I/LibraryLoader( 3491): Time to load native libraries: 82 ms (timestamps 4057-4139)
I/LibraryLoader( 3491): Expected native library version number "",actual native library version number ""
V/WebViewChromiumFactoryProvider( 3491): Binding Chromium to main looper Looper (main, tid 1) {3d5a3bcc}
I/LibraryLoader( 3491): Expected native library version number "",actual native library version number ""
I/chromium( 3491): [INFO:library_loader_hooks.cc(112)] Chromium logging enabled: level = 0, default verbosity = 0
I/BrowserStartupController( 3491): Initializing chromium process, singleProcess=true
W/art     ( 3491): Attempt to remove local handle scope entry from IRT, ignoring
E/SysUtils( 3491): ApplicationContext is null in ApplicationStatus
I/art     ( 2885): Background partial concurrent mark sweep GC freed 10039(956KB) AllocSpace objects, 1(20KB) LOS objects, 40% free, 9MB/16MB, paused 6.108ms total 93.099ms
I/ActivityManager(  912): Killing 1901:com.android.printspooler/u0a134 (adj 15): empty #21
W/AudioManagerAndroid( 3491): Requires BLUETOOTH permission
W/chromium( 3491): [WARNING:resource_bundle.cc(286)] locale_file_path.empty()
I/chromium( 3491): [INFO:aw_browser_main_parts.cc(63)] Load from apk succesful, fd=56 off=50364 len=3345
I/chromium( 3491): [INFO:aw_browser_main_parts.cc(76)] Loading webviewchromium.pak from, fd:57 off:9397000 len:1161174
W/libprocessgroup(  912): failed to open /acct/uid_10134/pid_1901/cgroup.procs: No such file or directory
D/ForegroundUtils( 1624): Process died; UID 10134 PID 1901
D/ForegroundUtils( 1624): Foreground changed, PID: 1901 UID: 10134 foreground: false
D/ForegroundUtils( 1624): Foreground UID/PID combinations:
I/Adreno-EGL( 3491): <qeglDrvAPI_eglInitialize:379>: EGL 1.4 QUALCOMM build: AU_LINUX_ANDROID_LA.BR.1.1.2.C2.05.00.00.059.008_msm8916_64_refs/tags/AU_LINUX_ANDROID_LA.BR.1.1.2.C2.05.00.00.059.008__release_AU (I68fa98814b)
I/Adreno-EGL( 3491): OpenGL ES Shader Compiler Version: E031.25.03.01
I/Adreno-EGL( 3491): Build Date: 04/27/15 Mon
I/Adreno-EGL( 3491): Local Branch: 
I/Adreno-EGL( 3491): Remote Branch: refs/tags/AU_LINUX_ANDROID_LA.BR.1.1.2.C2.05.00.00.059.008
I/Adreno-EGL( 3491): Local Patches: NONE
I/Adreno-EGL( 3491): Reconstruct Branch: NOTHING
I/wpa_supplicant( 1205): wlan0: Control interface command 'SIGNAL_POLL'
D/WifiWatchdogStateMachine(  912): RSSI current: 4 new: -58, 4
D/WifiWatchdogStateMachine(  912): RSSI current: 4 new: -58, 4
D/StatusBar.NetworkController( 1228): hasService: mServiceState=2 1 home null null null  Unknown Unknown CSS not supported -1 -1 RoamInd=-1 DefRoamInd=-1 EmergOnly=true retVal=false
D/StatusBar.NetworkController( 1228): refreshViews: Data not connected!! Set no data type icon / Roaming
D/StatusBar.NetworkController( 1228): refreshViews connected={ wifi } level=0 combinedSignalIconId=0x7f020398/com.android.systemui:drawable/stat_sys_wifi_signal_4 combinedActivityIconId=0x0 mobileLabel=Emergency calls only wifiLabel="SwitchDatacentersGuest"xxxxXXXXxxxxXXXX emergencyOnly=true combinedLabel="SwitchDatacentersGuest"xxxxXXXXxxxxXXXX mAirplaneMode=false mDataActivity=0 mPhoneSignalIconId=0x7f020378/com.android.systemui:drawable/stat_sys_signal_null mQSPhoneSignalIconId=0x7f0200ae/com.android.systemui:drawable/ic_qs_signal_no_signal mDataDirectionIconId=0x0/(null) mDataSignalIconId=0x7f020378/com.android.systemui:drawable/stat_sys_signal_null mDataTypeIconId=0x0/(null) mQSDataTypeIconId=0x0/(null) mNoSimIconId=0x7f0201b5/com.android.systemui:drawable/stat_sys_no_sim mWifiIconId=0x7f020398/com.android.systemui:drawable/stat_sys_wifi_signal_4 mQSWifiIconId=0x7f0200bd/com.android.systemui:drawable/ic_qs_wifi_4 mWifiActivityIconId=0x0/(null) mBluetoothTetherIconId=0x108077d/android:drawable/stat_sys_tether_bluetooth
D/StatusBar.NetworkController( 1228): hasService: mServiceState=2 1 home null null null  Unknown Unknown CSS not supported -1 -1 RoamInd=-1 DefRoamInd=-1 EmergOnly=true retVal=false
D/StatusBar.NetworkController( 1228): refreshViews: Data not connected!! Set no data type icon / Roaming
D/StatusBar.NetworkController( 1228): refreshViews connected={ wifi } level=0 combinedSignalIconId=0x7f020398/com.android.systemui:drawable/stat_sys_wifi_signal_4 combinedActivityIconId=0x0 mobileLabel=Emergency calls only wifiLabel="SwitchDatacentersGuest"xxxxXXXXxxxxXXXX emergencyOnly=true combinedLabel="SwitchDatacentersGuest"xxxxXXXXxxxxXXXX mAirplaneMode=false mDataActivity=0 mPhoneSignalIconId=0x7f020378/com.android.systemui:drawable/stat_sys_signal_null mQSPhoneSignalIconId=0x7f0200ae/com.android.systemui:drawable/ic_qs_signal_no_signal mDataDirectionIconId=0x0/(null) mDataSignalIconId=0x7f020378/com.android.systemui:drawable/stat_sys_signal_null mDataTypeIconId=0x0/(null) mQSDataTypeIconId=0x0/(null) mNoSimIconId=0x7f0201b5/com.android.systemui:drawable/stat_sys_no_sim mWifiIconId=0x7f020398/com.android.systemui:drawable/stat_sys_wifi_signal_4 mQSWifiIconId=0x7f0200bd/com.android.systemui:drawable/ic_qs_wifi_4 mWifiActivityIconId=0x0/(null) mBluetoothTetherIconId=0x108077d/android:drawable/stat_sys_tether_bluetooth
I/NSApplication( 3491): Starting up...
W/ActivityManager(  912): getRunningAppProcesses: caller 10120 does not hold REAL_GET_TASKS; limiting output
W/ActivityManager(  912): getRunningAppProcesses: caller 10120 does not hold REAL_GET_TASKS; limiting output
I/ActivityManager(  912): Killing 2966:com.sonymobile.protectedmedia/u0a125 (adj 15): empty #21
W/libprocessgroup(  912): failed to open /acct/uid_10125/pid_2966/cgroup.procs: No such file or directory
D/ForegroundUtils( 1624): Process died; UID 10125 PID 2966
D/ForegroundUtils( 1624): Foreground changed, PID: 2966 UID: 10125 foreground: false
D/ForegroundUtils( 1624): Foreground UID/PID combinations:
D/PhoneApp( 1791): getPhone phoneId:0
I/ActivityManager(  912): Start proc com.sonyericsson.pws for broadcast com.sonyericsson.pws/.receiver.ServiceStateReceiver: pid=3587 uid=10022 gids={50022, 9997, 1028, 1015} abi=arm64-v8a
I/art     (  340): Explicit concurrent mark sweep GC freed 706(30KB) AllocSpace objects, 0(0B) LOS objects, 40% free, 6MB/10MB, paused 409us total 40.643ms
D/pws - AlertStandardFactory( 3587): StandardsFactory init
D/pws - AlertStandardFactory( 3587): StandardsFactory setup
D/pws - CommonSetting( 3587):  new Settings init
I/PowerManagerService(  912): Going to sleep due to screen timeout (uid 1000)...
D/PowerManagerNotifier(  912): [PMS]onInteractiveChangeStarted: interactive=false reason=2
D/PowerManagerService(  912): [PMS]Acquiring suspend blocker "PowerManagerService.Broadcasts".
D/bsthal  (  912): [Sensors]activate, handle: 1598182229, enabled: 0, index: 3
D/bsthal  (  912): [Sensors] virtual int BMA2X2Sensor::enable(int32_t, int):en=0, handle=1598182229, ID_A=1598182229, mEnabled=1
I/PowerManagerService(  912): Sleeping (uid 1000)...
D/DisplayPowerController(  912): [PMS]Request new PowerState: policy=OFF, useProximitySensor=false, screenBrightness=102, screenAutoBrightnessAdjustment=0.0, useAutoBrightness=true, blockScreenOn=false, lowPowerMode=false, dozeScreenBrightness=-1, dozeScreenState=UNKNOWN, WFNP=false
I/bsthal  (  912): [Sensors] disable sensor <BOSCH Acceleration Sensor>
D/PowerManagerNotifier(  912): [PMS]Sending wake up broadcast - begin.
I/Adreno-EGL(  912): <qeglDrvAPI_eglInitialize:379>: EGL 1.4 QUALCOMM build: AU_LINUX_ANDROID_LA.BR.1.1.2.C2.05.00.00.059.008_msm8916_64_refs/tags/AU_LINUX_ANDROID_LA.BR.1.1.2.C2.05.00.00.059.008__release_AU (I68fa98814b)
I/Adreno-EGL(  912): OpenGL ES Shader Compiler Version: E031.25.03.01
I/Adreno-EGL(  912): Build Date: 04/27/15 Mon
I/Adreno-EGL(  912): Local Branch: 
I/Adreno-EGL(  912): Remote Branch: refs/tags/AU_LINUX_ANDROID_LA.BR.1.1.2.C2.05.00.00.059.008
I/Adreno-EGL(  912): Local Patches: NONE
I/Adreno-EGL(  912): Reconstruct Branch: NOTHING
D/WifiStateMachine(  912): backgroundScan enabled=false startBackgroundScanIfNeeded:false
E/WifiStateMachine(  912): handleScreenStateChanged Exit: true
V/SRS_Proc(  310): ParamSet string: screen_state=on
D/audio_hw_primary(  310): adev_set_parameters: enter: screen_state=on
E/audio_a2dp_hw(  310): adev_set_parameters: ERROR: set param called even when stream out is null
I/wpa_supplicant( 1205): wlan0: Control interface command 'SIGNAL_POLL'
D/WifiController(  912): CMD_SCREEN_ON message
D/PhoneStatusBar( 1228): disable: < expand ICONS alerts SYSTEM_INFO back HOME RECENT clock SEARCH >
E/WifiStateMachine(  912): setSuspendOptimizationsNative: 4 false -want true stack:setSuspendOptimizationsNative - access$13100 - processMessage - processMsg
E/native  (  912): do suspend false
I/wpa_supplicant( 1205): wlan0: Control interface command 'DRIVER SETSUSPENDMODE 0'
I/wpa_supplicant( 1205): wlan0: Control interface command 'BLACKLIST clear'
I/qdutils (  912): PartialUpdate status: Disabled
I/qdutils (  912): Left Align: 0
I/qdutils (  912): Width Align: 0
I/qdutils (  912): Top Align: 0
I/qdutils (  912): Height Align: 0
I/qdutils (  912): Min ROI Width: 0
I/qdutils (  912): Min ROI Height: 0
I/qdutils (  912): Needs ROI Merge: 0
I/qdutils (  912): Dynamic Fps: Disabled
I/qdutils (  912): Min Panel fps: 0
I/qdutils (  912): Max Panel fps: 0
D/PhoneApp( 1791): getPhone phoneId:-1000
D/PermissionCache(  296): checking android.permission.READ_FRAME_BUFFER for uid=1000 => granted (488 us)
D/IccSmsInterfaceManager( 1791): [IccSmsInterfaceManager] enableGsmBroadcastRange
D/IccSmsInterfaceManager( 1791): [IccSmsInterfaceManager] Calling setGsmBroadcastConfig with 1 configurations
I/ActivityManager(  912): Start proc com.sonymobile.customizationselector for broadcast com.sonymobile.customizationselector/.receivers.SimStateChangedReceiver: pid=3613 uid=1000 gids={41000, 9997, 3002, 3001, 1023, 1028, 1015, 3003, 1007, 2992, 2993, 2996, 2001, 1021, 3004, 3005, 1000, 3009, 1010} abi=arm64-v8a
I/ActivityManager(  912): Killing 3008:com.sonyericsson.metadatacleanup/u0a145 (adj 15): empty #21
D/IccSmsInterfaceManager( 1791): [IccSmsInterfaceManager] Failed to add cell broadcast subscription for MID range 4370 to 4370 from client com.sonyericsson.pws
D/DHCPCD  ( 1622): wlan0: sending ARP announce (2 of 2)
D/DisplayPowerController(  912): [PMS]Animating brightness: target=17, rate=40, mCurrentTarget=7
D/DisplayPowerController(  912): [PMS]Unfinished business...
W/libprocessgroup(  912): failed to open /acct/uid_10145/pid_3008/cgroup.procs: No such file or directory
D/ForegroundUtils( 1624): Process died; UID 10145 PID 3008
D/ForegroundUtils( 1624): Foreground changed, PID: 3008 UID: 10145 foreground: false
D/ForegroundUtils( 1624): Foreground UID/PID combinations:
I/art     (  912): Explicit concurrent mark sweep GC freed 29066(1434KB) AllocSpace objects, 1(20KB) LOS objects, 33% free, 20MB/30MB, paused 2.930ms total 253.401ms
D/Ulp_jni (  912): JNI:system_update. Event-0
E/NfcService( 1624): applyRouting -2
D/NfcService( 1624): Discovery configuration equal, not updating.
W/ResourcesManager( 3613): Asset path '/system/framework/semc_bootinfoif.jar' does not exist or contains no resources.
W/ResourcesManager( 3613): Asset path '/system/framework/com.sonymobile.miscta_impl.jar' does not exist or contains no resources.
W/ResourcesManager( 3613): Asset path '/system/framework/com.sonymobile.fota.jar' does not exist or contains no resources.
W/ContextImpl( 3613): Calling a method in the system process without a qualified user: android.app.ContextImpl.startService:1703 android.content.ContextWrapper.startService:515 android.content.ContextWrapper.startService:515 com.sonymobile.customizationselector.receivers.SimStateChangedReceiver.onReceive:68 android.app.ActivityThread.handleReceiver:2623 
I/ActivityManager(  912): Start proc com.sony.smallapp.managerservice for service com.sony.smallapp.managerservice/.SmallAppManagerService: pid=3640 uid=10151 gids={50151, 9997, 3003} abi=arm64-v8a
I/ActivityManager(  912): Start proc com.sonyericsson.customizedsettings for broadcast com.sonyericsson.customizedsettings/.SimBroadcastReceiver: pid=3660 uid=1000 gids={41000, 9997, 3002, 3001, 1023, 1028, 1015, 3003, 1007, 2992, 2993, 2996, 2001, 1021, 3004, 3005, 1000, 3009, 1010} abi=arm64-v8a
I/ActivityManager(  912): Killing 3040:com.sonymobile.synchub/u0a167 (adj 15): empty #21
D/DisplayPowerState(  912): [PMS]setScreenState: state=OFF
D/bsthal  (  912): [Sensors]activate, handle: 2, enabled: 0, index: 0
D/DisplayPowerController(  912): [PMS]Animating brightness: target=0, rate=0, mCurrentTarget=17
D/DisplayPowerState(  912): [PMS]Finish backlight change... State=OFF
D/DisplayPowerState(  912): [PMS]Request Display Off... State=OFF
I/DisplayManagerService(  912): Display device changed: DisplayDeviceInfo{"Built-in Screen": 720 x 1280, 60.0 fps, supportedRefreshRates [60.0], density 320, 281.353 x 280.275 dpi, appVsyncOff 0, presDeadline 9333334, touch INTERNAL, rotation 0, type BUILT_IN, state OFF, FLAG_DEFAULT_DISPLAY, FLAG_ROTATES_WITH_CONTENT, FLAG_SECURE, FLAG_SUPPORTS_PROTECTED_BUFFERS}
V/ActivityManager(  912): Display changed displayId=0
D/SurfaceFlinger(  296): Set power mode=0, type=0 flinger=0x55989f54b0
D/qdhwcomposer(  296): hwc_setPowerMode: Setting mode 0 on display: 0
E/qdutils (  296): int qdutils::getHDMINode(): Failed to open fb node 2
E/qdutils (  296): int qdutils::getHDMINode(): Failed to find HDMI node
W/libprocessgroup(  912): failed to open /acct/uid_10167/pid_3040/cgroup.procs: No such file or directory
D/ForegroundUtils( 1624): Process died; UID 10167 PID 3040
D/ForegroundUtils( 1624): Foreground changed, PID: 3040 UID: 10167 foreground: false
D/ForegroundUtils( 1624): Foreground UID/PID combinations:
D/PowerManagerNotifier(  912): [PMS]Sending wake up broadcast - done.
I/VibratorService(  912): service.runit.start: 0
I/NotificationService(  912): [FXN.ASD]nms:mInCall = false / mScreenOn = false / mLedNotification = null
I/NotificationService(  912): [FXN.ASD]nms:turn off LED
V/SRS_Proc(  310): ParamSet string: screen_state=off
D/audio_hw_primary(  310): adev_set_parameters: enter: screen_state=off
E/audio_a2dp_hw(  310): adev_set_parameters: ERROR: set param called even when stream out is null
D/WifiStateMachine(  912): backgroundScan enabled=false startBackgroundScanIfNeeded:false
E/WifiStateMachine(  912): handleScreenStateChanged Exit: false
I/AlarmManager(  912): [FXN.ASD]set  [type=2 trigger on=(+1h11m0s0ms) repeatInt=0 repeatInt=PendingIntent{1736ba91: PendingIntentRecord{2c4bcdf6 android broadcastIntent}} worksource = null]
D/WifiController(  912): CMD_SCREEN_OFF message
E/WifiStateMachine(  912): setSuspendOptimizationsNative: 4 true -want true stack:setSuspendOptimizationsNative - access$13100 - processMessage - processMsg
E/WifiStateMachine(  912): setSuspendOptimizationsNative do it 4 true stack:setSuspendOptimizationsNative - access$13100 - processMessage - processMsg
E/native  (  912): do suspend true
I/wpa_supplicant( 1205): wlan0: Control interface command 'DRIVER SETSUSPENDMODE 1'
W/GAV2    ( 3640): Thread[main,5,main]: Need to call initialize() and be in fallback mode to start dispatch.
I/GAV2    ( 3370): Thread[GAThread,5,main]: No campaign data found.
I/ActivityManager(  912): Killing 3070:com.sonyericsson.tetherentitlementcheck/u0a169 (adj 15): empty #21
I/qdhwcomposer(  296): handle_blank_event: dpy:0 panel power state: 0
E/qdutils (  296): int qdutils::getHDMINode(): Failed to open fb node 2
E/qdutils (  296): int qdutils::getHDMINode(): Failed to find HDMI node
D/qdhwcomposer(  296): hwc_setPowerMode: Done setting mode 0 on display 0
D/SurfaceControl(  912): Excessive delay in setPowerMode(): 279ms
I/QTI PowerHAL(  912): Got set_interactive hint
I/ANDR-PERF-MPCTL(  912): MPCTL client send 2
I/ANDR-PERF-MPCTL(  912): PERFLOCK client_comsoc: 160 time left on select, secs: 0, usecs: 999981
D/DisplayPowerController(  912): [PMS]Display ready!
D/DisplayPowerController(  912): [PMS]Finished business...
D/PowerManagerService(  912): [PMS]Releasing suspend blocker "PowerManagerService.Display".
D/BatteryService(  912): batteryPropertiesChanged: chargerAcOnline=false, chargerUsbOnline=true, chargerWirelessOnline=false, batteryStatus=2, batteryHealth=2, batteryPresent=true, batteryLevel=99, batteryTechnology=, batteryVoltage=4304, batteryTemperature=270
D/BatteryService(  912): Sending ACTION_BATTERY_CHANGED.  level:99, scale:100, status:2, health:2, present:true, voltage: 4304, temperature: 270, technology: , AC powered:false, USB powered:true, Wireless powered:false, icon:17303365, invalid charger:0
D/BatteryService(  912): fire battery changed intent.
W/libprocessgroup(  912): failed to open /acct/uid_10169/pid_3070/cgroup.procs: No such file or directory
D/ForegroundUtils( 1624): Process died; UID 10169 PID 3070
D/ForegroundUtils( 1624): Foreground changed, PID: 3070 UID: 10169 foreground: false
D/ForegroundUtils( 1624): Foreground UID/PID combinations:
D/BatteryController( 1228): [FXN.ASD] dump battery while update view: mLevel = 99/ mPluggedIn = true/ mCharging = true/ mCharged = false/ mPowerSave = false
E/NxpTml  ( 1624): _i2c_write() errno : 5
E/NxpTml  ( 1624): PN547 - Error in I2C Write.....
E/NxpHal  ( 1624): write error status = 0x1ff
E/NxpHal  ( 1624): write_unlocked failed - PN547 Maybe in Standby Mode - Retry
E/NfcService( 1624): applyRouting -2
E/BrcmNfcJni( 1624): getReconnectState = 0x0
E/BrcmNfcJni( 1624): nfcManager_disableDiscovery:UICC_LISTEN_MASK=0x07;
E/BrcmNfcJni( 1624): nfcManager_disableDiscovery:P2P_LISTEN_MASK=0x0197;
I/ActivityManager(  912): Start proc com.sonyericsson.android.socialphonebook for broadcast com.sonyericsson.android.socialphonebook/.receivers.LocalProfileUpdateEventsReceiver: pid=3692 uid=10039 gids={50039, 9997, 3003, 1028, 1015, 1023} abi=arm64-v8a
I/ActivityManager(  912): Killing 2131:com.google.android.keep/u0a113 (adj 15): empty #21
W/libprocessgroup(  912): failed to open /acct/uid_10113/pid_2131/cgroup.procs: No such file or directory
D/ForegroundUtils( 1624): Process died; UID 10113 PID 2131
D/ForegroundUtils( 1624): Foreground changed, PID: 2131 UID: 10113 foreground: false
D/ForegroundUtils( 1624): Foreground UID/PID combinations:
D/PowerManagerService(  912): [PMS]Releasing suspend blocker "PowerManagerService.Broadcasts".
W/ResourcesManager( 3692): Asset path '/system/framework/com.sonyericsson.appextensions.jar' does not exist or contains no resources.
W/ResourcesManager( 3692): Asset path '/system/framework/com.sonyericsson.android.socialphonebook.dynamic.jar' does not exist or contains no resources.
W/ResourcesManager( 3692): Asset path '/system/framework/com.sonyericsson.privateapis_impl.jar' does not exist or contains no resources.
I/ActivityManager(  912): Start proc com.sonyericsson.setupwizard for broadcast com.sonyericsson.setupwizard/.components.NewSimListener: pid=3716 uid=10043 gids={50043, 9997, 3003, 1028, 1015} abi=arm64-v8a
W/ContextImpl( 3468): Implicit intents with startService are not safe: Intent { act=com.google.android.gms.analytics.service.START (has extras) } android.content.ContextWrapper.bindService:538 com.google.analytics.tracking.android.AnalyticsGmsCoreClient.connect:82 com.google.analytics.tracking.android.GAServiceProxy.connectToService:279 
I/GAV2    ( 3468): Thread[GAThread,5,main]: No campaign data found.
I/AlarmManager(  912): trigger alam package=com.google.android.gms type=2
I/ActivityManager(  912): Start proc com.sonymobile.simplehome for broadcast com.sonymobile.simplehome/.home.receiver.SimStateReceiver: pid=3740 uid=10054 gids={50054, 9997, 3003, 1028} abi=arm64-v8a
I/ActivityManager(  912): Killing 2521:com.sonyericsson.psm.sysmonservice/1000 (adj 15): empty #21
W/libprocessgroup(  912): failed to open /acct/uid_1000/pid_2521/cgroup.procs: No such file or directory
D/ForegroundUtils( 1624): Process died; UID 1000 PID 2521
D/ForegroundUtils( 1624): Foreground changed, PID: 2521 UID: 1000 foreground: false
D/ForegroundUtils( 1624): Foreground UID/PID combinations:
I/ActivityManager(  912): Start proc com.sonyericsson.simcontacts for broadcast com.sonyericsson.simcontacts/.SimChangedReceiver: pid=3763 uid=10149 gids={50149, 9997} abi=arm64-v8a
I/ActivityManager(  912): Killing 2594:com.mobisystems.office:browser/u0a194 (adj 15): empty #21
W/libprocessgroup(  912): failed to open /acct/uid_10194/pid_2594/cgroup.procs: No such file or directory
E/QCOMSysDaemon( 3785): Can't find/open bootselect node: (No such file or directory)
I/QCOMSysDaemon( 3785): Starting qcom system daemon
E/QCOMSysDaemon( 3785):  Diag_LSM_Init failed : 0
D/ForegroundUtils( 1624): Process died; UID 10194 PID 2594
D/ForegroundUtils( 1624): Foreground changed, PID: 2594 UID: 10194 foreground: false
D/ForegroundUtils( 1624): Foreground UID/PID combinations:
I/ActivityManager(  912): Start proc com.sonymobile.entrance for broadcast com.sonymobile.entrance/.operatorapps.BootCompletedReceiver: pid=3791 uid=10062 gids={50062, 9997, 3003, 1028, 1015} abi=armeabi-v7a
E/SQLiteLog( 1940): (284) automatic index on sqlite_sq_558AF2FB10(STAT_DATA_ID)
E/SQLiteLog( 1940): (284) automatic index on sqlite_sq_558AE2E580(STAT_DATA_ID)
E/SQLiteLog( 1940): (284) automatic index on sqlite_sq_558ADFA890(STAT_DATA_ID)
E/SQLiteLog( 1940): (284) automatic index on sqlite_sq_558AF2ECA0(STAT_DATA_ID)
W/ResourcesManager( 3791): Asset path '/system/framework/com.sonyericsson.updatecenter.jar' does not exist or contains no resources.
I/ActivityManager(  912): Killing 2686:com.sonyericsson.extras.liveware/u0a55 (adj 15): empty #21
D/WifiService(  912): Client connection lost with reason: 4
W/libprocessgroup(  912): failed to open /acct/uid_10055/pid_2686/cgroup.procs: No such file or directory
D/ForegroundUtils( 1624): Process died; UID 10055 PID 2686
D/ForegroundUtils( 1624): Foreground changed, PID: 2686 UID: 10055 foreground: false
D/ForegroundUtils( 1624): Foreground UID/PID combinations:
I/GAV4    ( 3491): Thread[GAThread,5,main]: No campaign data found.
E/WifiStateMachine(  912): WifiStateMachine CMD_START_SCAN source -2 txSuccessRate=0.00 rxSuccessRate=0.00 targetRoamBSSID=94:b4:0f:58:cc:00 RSSI=-52
E/WifiStateMachine(  912): WifiStateMachine CMD_START_SCAN with age=11073 interval=20000 maxinterval=300000
E/WifiStateMachine(  912): WifiStateMachine CMD_START_SCAN full=false
I/ActivityManager(  912): Killing 1377:com.mobisystems.fileman/u0a72 (adj 15): empty #21
I/MSM-irqbalance(  411): Decided to move IRQ215 from CPU4 to CPU6
W/libprocessgroup(  912): failed to open /acct/uid_10072/pid_1377/cgroup.procs: No such file or directory
D/ForegroundUtils( 1624): Process died; UID 10072 PID 1377
D/ForegroundUtils( 1624): Foreground changed, PID: 1377 UID: 10072 foreground: false
D/ForegroundUtils( 1624): Foreground UID/PID combinations:
I/AlarmManager(  912): [FXN.ASD]set  [type=3 trigger on=(+60m0s0ms) repeatInt=3600000 repeatInt=PendingIntent{2b96d694: PendingIntentRecord{f12a53d com.sonyericsson.devicemonitor startService}} worksource = null]
D/SIP     ( 1791): [SipSharedPreferences] isReceivingCallsEnabled, option not set; use default value, exception: android.provider.Settings$SettingNotFoundException: sip_receive_calls
I/ActivityManager(  912): Start proc com.google.android.music:main for broadcast com.google.android.music/.homewidgets.IFLWidgetProvider: pid=3832 uid=10118 gids={50118, 9997, 3003, 1028, 1015} abi=arm64-v8a
I/AlarmManager(  912): [FXN.ASD]set  [type=1 trigger on=(+10h1m1s365ms) repeatInt=0 repeatInt=PendingIntent{4828e83: PendingIntentRecord{2f54c800 com.android.calendar broadcastIntent}} worksource = null]
I/MusicStore( 3832): Database version: 104
D/Ulp_jni (  912): Location CB invoked
W/ActivityManager(  912): getRunningAppProcesses: caller 10118 does not hold REAL_GET_TASKS; limiting output
W/ResourcesManager( 3832): Asset path '/system/framework/com.android.media.remotedisplay.jar' does not exist or contains no resources.
W/ResourcesManager( 3832): Asset path '/system/framework/com.android.location.provider.jar' does not exist or contains no resources.
V/JNIHelp ( 3832): Registering com/google/android/gms/org/conscrypt/NativeCrypto's 235 native methods...
I/ProviderInstaller( 3832): Installed default security provider GmsCore_OpenSSL
D/AndroidMusic( 3832): GMSCore installation verified
I/ConfigStore( 3832): Config Database version: 1
E/Vold    (  295): Failed to find mounted volume for /storage/sdcard1/Android/data/com.google.android.music/files/
W/Vold    (  295): Returning OperationFailed - no handler for errno 0
W/ContextImpl( 3832): Failed to ensure directory: /storage/sdcard1/Android/data/com.google.android.music/files
E/Vold    (  295): Failed to find mounted volume for /storage/sdcard1/Android/data/com.google.android.music/files/
W/Vold    (  295): Returning OperationFailed - no handler for errno 0
W/ContextImpl( 3832): Failed to ensure directory: /storage/sdcard1/Android/data/com.google.android.music/files
E/Vold    (  295): Failed to find mounted volume for /storage/sdcard1/Android/data/com.google.android.music/files/
W/Vold    (  295): Returning OperationFailed - no handler for errno 0
W/ContextImpl( 3832): Failed to ensure directory: /storage/sdcard1/Android/data/com.google.android.music/files
D/MediaRouter( 3832): [FXN.ASD] selectRouteStatic by com.google.android.music :: null -> Phone
I/MediaRouter( 3832): Found default route: MediaRouter.RouteInfo{ uniqueId=android/.support.v7.media.SystemMediaRouteProvider:DEFAULT_ROUTE, name=Phone, description=null, enabled=true, connecting=false, playbackType=0, playbackStream=3, volumeHandling=1, volume=11, volumeMax=15, presentationDisplayId=-1, extras=null, providerPackageName=android }
I/NetworkMonitor( 3832): type=WIFI subType= reason=null isConnected=true
D/PhoneApp( 1791): getPhone phoneId:-1000
I/NetworkMonitor( 3832): type=WIFI subType= reason=null isConnected=true
D/PhoneApp( 1791): getPhone phoneId:-1000
I/GAV2    ( 3640): Thread[GAThread,5,main]: No campaign data found.
D/DownloadManager( 1336): [FXN.ASD]No active tasks, stopForeground();
I/ActivityManager(  912): Start proc com.sonymobile.enterprise.service for broadcast com.sonymobile.enterprise.service/.RoamingReceiver: pid=3866 uid=1000 gids={41000, 9997, 3002, 3001, 1023, 1028, 1015, 3003, 1007, 2992, 2993, 2996, 2001, 1021, 3004, 3005, 1000, 3009, 1010} abi=arm64-v8a
I/ActivityManager(  912): Killing 2653:com.mobisystems.office/u0a194 (adj 15): empty #21
W/libprocessgroup(  912): failed to open /acct/uid_10194/pid_2653/cgroup.procs: No such file or directory
D/ForegroundUtils( 1624): Process died; UID 10194 PID 2653
D/ForegroundUtils( 1624): Foreground changed, PID: 2653 UID: 10194 foreground: false
D/ForegroundUtils( 1624): Foreground UID/PID combinations:
W/ResourcesManager( 3866): Asset path '/system/framework/semc_bootinfoif.jar' does not exist or contains no resources.
W/ResourcesManager( 3866): Asset path '/system/framework/com.sonymobile.smime.jar' does not exist or contains no resources.
W/ResourcesManager( 3866): Asset path '/system/framework/com.google.protobuf-2.3.0.jar' does not exist or contains no resources.
W/ResourcesManager( 3866): Asset path '/system/framework/com.sonyericsson.idd.jar' does not exist or contains no resources.
W/ContextImpl( 3866): Calling a method in the system process without a qualified user: android.app.ContextImpl.startService:1703 android.content.ContextWrapper.startService:515 android.content.ContextWrapper.startService:515 com.sonymobile.enterprise.service.RoamingReceiver.onReceive:58 android.app.ActivityThread.handleReceiver:2623 
D/GCM     ( 2192): COMPAT: Multi user ser=0 current=0
I/iu.Environment( 2409): update battery state; isPlugged? true*
D/NetworkLogImpl( 2409): Loaded NetworkSpeedPredictor
I/iu.Environment( 2409): update connectivity state; isNetworkMetered? false, isRoaming? false, isBackgroundDataAllowed? true*
I/iu.Environment( 2409): update connectivity state; isNetworkMetered? false, isRoaming? false, isBackgroundDataAllowed? true
I/art     ( 2192): Explicit concurrent mark sweep GC freed 6440(400KB) AllocSpace objects, 0(0B) LOS objects, 40% free, 9MB/15MB, paused 1.245ms total 71.891ms
I/art     ( 2409): Background sticky concurrent mark sweep GC freed 19253(1341KB) AllocSpace objects, 14(280KB) LOS objects, 15% free, 9MB/10MB, paused 9.700ms total 72.329ms
I/GoogleURLConnFactory( 2192): Using platform SSLCertificateSocketFactory
I/ActivityManager(  912): Start proc com.sonymobile.mx.android for broadcast com.sonymobile.mx.android/.receivers.NetworkConnectivityReceiver: pid=3893 uid=1000 gids={41000, 9997, 3002, 3001, 1023, 1028, 1015, 3003, 1007, 2992, 2993, 2996, 2001, 1021, 3004, 3005, 1000, 3009, 1010} abi=arm64-v8a
W/ResourcesManager( 3893): Asset path '/system/framework/com.sonymobile.devicesecurity_impl.jar' does not exist or contains no resources.
W/ResourcesManager( 3893): Asset path '/system/framework/com.sonymobile.extendedbootlock_impl.jar' does not exist or contains no resources.
I/GCM     ( 2192): GCM config loaded
D/GCM     ( 2192): GcmService start Intent { act=android.net.conn.CONNECTIVITY_CHANGE flg=0x4000010 cmp=com.google.android.gms/.gcm.GcmService (has extras) } android.net.conn.CONNECTIVITY_CHANGE
D/QSEECOMAPI: (  334): QSEECom_get_handle sb_length = 0x20000
D/QSEECOMAPI: (  334): App is not loaded in QSEE
D/QSEECOMAPI: (  334): Loaded image: APP id = 13
E/tadif   (  334): Failed to connect to tad.
E/libasb:ta_utils(  334): miscta_get_unit_size failed, misctaResult 1
E/libasb:ta_utils(  334): libasb_read_miscta_unit_size failed, result 1
E/libasb:ta_utils(  334): libasb_read_miscta_unit_size for miscta_unit=2003 failed
E/libasb:ta_utils(  334): libasb_get_miscta_unit failed, result 1
E/libasb:rooting_status(  334): libasb_get_miscta_unit failed
D/QSEECOMAPI: (  334): QSEECom_dealloc_memory 
D/QSEECOMAPI: (  334): QSEECom_shutdown_app, app_id = 13
E/CredMgrDaemon(  334): InitializeAndOpenSession() ended. result 5 - CREDMGR_RESULT_SERVICE_ERROR
E/CredMgrDaemon(  334): wait before new attempt for 64 seconds
D/mx-android( 3893): CCApplication.onCreate@88: initUserAgent() 
D/mx-android( 3893): CCApplication.onCreate@90: initSignatureHash() 
D/HENRIC  ( 3893): initSignatureHash() hello
D/mx-android( 3893): CCApplication.onCreate@92: onCreate() bye
I/ActivityManager(  912): Start proc com.mobisystems.fileman for broadcast com.mobisystems.fileman/com.mobisystems.office.io.NetworkChangeReceiver: pid=3921 uid=10072 gids={50072, 9997, 3003, 1028, 1015, 1023} abi=arm64-v8a
I/ActivityManager(  912): Killing 3129:com.sonymobile.tvout.wifidisplay/1000 (adj 15): empty #21
I/art     (  340): Explicit concurrent mark sweep GC freed 704(30KB) AllocSpace objects, 0(0B) LOS objects, 39% free, 6MB/10MB, paused 425us total 41.965ms
W/libprocessgroup(  912): failed to open /acct/uid_1000/pid_3129/cgroup.procs: No such file or directory
D/ForegroundUtils( 1624): Process died; UID 1000 PID 3129
D/ForegroundUtils( 1624): Foreground changed, PID: 3129 UID: 1000 foreground: false
D/ForegroundUtils( 1624): Foreground UID/PID combinations:
I/art     (  912): Explicit concurrent mark sweep GC freed 15158(723KB) AllocSpace objects, 0(0B) LOS objects, 33% free, 20MB/30MB, paused 2.126ms total 214.287ms
W/ResourceType( 3921): No known package when getting value for resource number 0xffffffff
W/GoogleTagManager( 3921): Failed to load the container. No default container resource found with the resource ID -1
D/NetworkChangeReceiver( 3921): Network connected.
I/ActivityManager(  912): Killing 2747:com.sonyericsson.android.bootinfo:remote/1000 (adj 15): empty #21
W/GoogleTagManager( 3921): Error when loading resources from url: https://www.googletagmanager.com/r?id=GTM-M2ZPZL&v=a65833898&pv=MjU$0 java.security.cert.CertPathValidatorException: Trust anchor for certification path not found.
W/GoogleTagManager( 3921): javax.net.ssl.SSLHandshakeException: java.security.cert.CertPathValidatorException: Trust anchor for certification path not found.
W/GoogleTagManager( 3921): 	at com.android.org.conscrypt.OpenSSLSocketImpl.startHandshake(OpenSSLSocketImpl.java:306)
W/GoogleTagManager( 3921): 	at com.android.okhttp.Connection.upgradeToTls(Connection.java:197)
W/GoogleTagManager( 3921): 	at com.android.okhttp.Connection.connect(Connection.java:151)
W/GoogleTagManager( 3921): 	at com.android.okhttp.internal.http.HttpEngine.connect(HttpEngine.java:276)
W/GoogleTagManager( 3921): 	at com.android.okhttp.internal.http.HttpEngine.sendRequest(HttpEngine.java:211)
W/GoogleTagManager( 3921): 	at com.android.okhttp.internal.http.HttpURLConnectionImpl.execute(HttpURLConnectionImpl.java:373)
W/GoogleTagManager( 3921): 	at com.android.okhttp.internal.http.HttpURLConnectionImpl.getResponse(HttpURLConnectionImpl.java:323)
W/GoogleTagManager( 3921): 	at com.android.okhttp.internal.http.HttpURLConnectionImpl.getResponseCode(HttpURLConnectionImpl.java:491)
W/GoogleTagManager( 3921): 	at com.android.okhttp.internal.http.DelegatingHttpsURLConnection.getResponseCode(DelegatingHttpsURLConnection.java:105)
W/GoogleTagManager( 3921): 	at com.android.okhttp.internal.http.HttpsURLConnectionImpl.getResponseCode(HttpsURLConnectionImpl.java:25)
W/GoogleTagManager( 3921): 	at com.google.android.gms.tagmanager.ab.a(Unknown Source)
W/GoogleTagManager( 3921): 	at com.google.android.gms.tagmanager.ab.cf(Unknown Source)
W/GoogleTagManager( 3921): 	at com.google.android.gms.tagmanager.bu.xm(Unknown Source)
W/GoogleTagManager( 3921): 	at com.google.android.gms.tagmanager.bu.run(Unknown Source)
W/GoogleTagManager( 3921): 	at java.util.concurrent.Executors$RunnableAdapter.call(Executors.java:422)
W/GoogleTagManager( 3921): 	at java.util.concurrent.FutureTask.run(FutureTask.java:237)
W/GoogleTagManager( 3921): 	at java.util.concurrent.ScheduledThreadPoolExecutor$ScheduledFutureTask.access$201(ScheduledThreadPoolExecutor.java:152)
W/GoogleTagManager( 3921): 	at java.util.concurrent.ScheduledThreadPoolExecutor$ScheduledFutureTask.run(ScheduledThreadPoolExecutor.java:265)
W/GoogleTagManager( 3921): 	at java.util.concurrent.ThreadPoolExecutor.runWorker(ThreadPoolExecutor.java:1112)
W/GoogleTagManager( 3921): 	at java.util.concurrent.ThreadPoolExecutor$Worker.run(ThreadPoolExecutor.java:587)
W/GoogleTagManager( 3921): 	at java.lang.Thread.run(Thread.java:818)
W/GoogleTagManager( 3921): Caused by: java.security.cert.CertificateException: java.security.cert.CertPathValidatorException: Trust anchor for certification path not found.
W/GoogleTagManager( 3921): 	at com.android.org.conscrypt.TrustManagerImpl.checkTrusted(TrustManagerImpl.java:323)
W/GoogleTagManager( 3921): 	at com.android.org.conscrypt.TrustManagerImpl.checkServerTrusted(TrustManagerImpl.java:224)
W/GoogleTagManager( 3921): 	at com.android.org.conscrypt.Platform.checkServerTrusted(Platform.java:113)
W/GoogleTagManager( 3921): 	at com.android.org.conscrypt.OpenSSLSocketImpl.verifyCertificateChain(OpenSSLSocketImpl.java:525)
W/GoogleTagManager( 3921): 	at com.android.org.conscrypt.NativeCrypto.SSL_do_handshake(Native Method)
W/GoogleTagManager( 3921): 	at com.android.org.conscrypt.OpenSSLSocketImpl.startHandshake(OpenSSLSocketImpl.java:302)
W/GoogleTagManager( 3921): 	... 20 more
W/GoogleTagManager( 3921): Caused by: java.security.cert.CertPathValidatorException: Trust anchor for certification path not found.
W/GoogleTagManager( 3921): 	... 26 more
D/PhoneApp( 1791): getPhone phoneId:0
W/libprocessgroup(  912): failed to open /acct/uid_1000/pid_2747/cgroup.procs: No such file or directory
D/ForegroundUtils( 1624): Process died; UID 1000 PID 2747
D/ForegroundUtils( 1624): Foreground changed, PID: 2747 UID: 1000 foreground: false
D/ForegroundUtils( 1624): Foreground UID/PID combinations:
D/Licenses( 3921): Reckeck license premium: false type 0
I/ActivityManager(  912): Start proc com.google.android.apps.plus for broadcast com.google.android.apps.plus/.service.ConnectivityReceiver: pid=3954 uid=10133 gids={50133, 9997, 3003, 3002, 1028, 1015} abi=armeabi-v7a
E/GoogleTagManager( 3921): Invalid macro: trialPremiumKey
E/QCOMSysDaemon( 3974): Can't find/open bootselect node: (No such file or directory)
I/QCOMSysDaemon( 3974): Starting qcom system daemon
E/QCOMSysDaemon( 3974):  Diag_LSM_Init failed : 0
W/ResourcesManager( 3954): Asset path '/system/framework/com.google.android.maps.jar' does not exist or contains no resources.
I/MSM-irqbalance(  411): Decided to move IRQ240 from CPU4 to CPU6
W/XTWiFiOS(  912): No entry in secure settings for enhanced location services: false
I/ActivityManager(  912): Start proc com.mobisystems.office:browser for broadcast com.mobisystems.office/.io.NetworkChangeReceiver: pid=3992 uid=10194 gids={50194, 9997, 3003, 1028, 1015} abi=armeabi-v7a
D/PhoneApp( 1791): getPhone phoneId:0
I/ActivityManager(  912): Start proc com.mobisystems.office for content provider com.mobisystems.office/com.mobisystems.provider.ProviderWrapper: pid=4029 uid=10194 gids={50194, 9997, 3003, 1028, 1015} abi=armeabi-v7a
D/Licenses( 3992): Reckeck license premium: false type 0
D/PhoneApp( 1791): getPhone phoneId:0
D/PhoneApp( 1791): getPhone phoneId:0
E/ActivityThread( 4029): Failed to find provider info for de.telekom.tsc.tokenprovider
W/GoogleTagManager( 3992): Error when loading resources from url: https://www.googletagmanager.com/r?id=GTM-W23LZ2&v=a50788154&pv=172 java.security.cert.CertPathValidatorException: Trust anchor for certification path not found.
W/GoogleTagManager( 3992): javax.net.ssl.SSLHandshakeException: java.security.cert.CertPathValidatorException: Trust anchor for certification path not found.
W/GoogleTagManager( 3992): 	at com.android.org.conscrypt.OpenSSLSocketImpl.startHandshake(OpenSSLSocketImpl.java:306)
W/GoogleTagManager( 3992): 	at com.android.okhttp.Connection.upgradeToTls(Connection.java:197)
W/GoogleTagManager( 3992): 	at com.android.okhttp.Connection.connect(Connection.java:151)
W/GoogleTagManager( 3992): 	at com.android.okhttp.internal.http.HttpEngine.connect(HttpEngine.java:276)
W/GoogleTagManager( 3992): 	at com.android.okhttp.internal.http.HttpEngine.sendRequest(HttpEngine.java:211)
W/GoogleTagManager( 3992): 	at com.android.okhttp.internal.http.HttpURLConnectionImpl.execute(HttpURLConnectionImpl.java:373)
W/GoogleTagManager( 3992): 	at com.android.okhttp.internal.http.HttpURLConnectionImpl.getResponse(HttpURLConnectionImpl.java:323)
W/GoogleTagManager( 3992): 	at com.android.okhttp.internal.http.HttpURLConnectionImpl.getResponseCode(HttpURLConnectionImpl.java:491)
W/GoogleTagManager( 3992): 	at com.android.okhttp.internal.http.DelegatingHttpsURLConnection.getResponseCode(DelegatingHttpsURLConnection.java:105)
W/GoogleTagManager( 3992): 	at com.android.okhttp.internal.http.HttpsURLConnectionImpl.getResponseCode(HttpsURLConnectionImpl.java:25)
W/GoogleTagManager( 3992): 	at com.google.tagmanager.as.a(SourceFile:50)
W/GoogleTagManager( 3992): 	at com.google.tagmanager.as.getInputStream(SourceFile:23)
W/GoogleTagManager( 3992): 	at com.google.tagmanager.cg.pL(SourceFile:105)
W/GoogleTagManager( 3992): 	at com.google.tagmanager.cg.run(SourceFile:66)
W/GoogleTagManager( 3992): 	at java.util.concurrent.Executors$RunnableAdapter.call(Executors.java:422)
W/GoogleTagManager( 3992): 	at java.util.concurrent.FutureTask.run(FutureTask.java:237)
W/GoogleTagManager( 3992): 	at java.util.concurrent.ScheduledThreadPoolExecutor$ScheduledFutureTask.access$201(ScheduledThreadPoolExecutor.java:152)
W/GoogleTagManager( 3992): 	at java.util.concurrent.ScheduledThreadPoolExecutor$ScheduledFutureTask.run(ScheduledThreadPoolExecutor.java:265)
W/GoogleTagManager( 3992): 	at java.util.concurrent.ThreadPoolExecutor.runWorker(ThreadPoolExecutor.java:1112)
W/GoogleTagManager( 3992): 	at java.util.concurrent.ThreadPoolExecutor$Worker.run(ThreadPoolExecutor.java:587)
W/GoogleTagManager( 3992): 	at java.lang.Thread.run(Thread.java:818)
W/GoogleTagManager( 3992): Caused by: java.security.cert.CertificateException: java.security.cert.CertPathValidatorException: Trust anchor for certification path not found.
W/GoogleTagManager( 3992): 	at com.android.org.conscrypt.TrustManagerImpl.checkTrusted(TrustManagerImpl.java:323)
W/GoogleTagManager( 3992): 	at com.android.org.conscrypt.TrustManagerImpl.checkServerTrusted(TrustManagerImpl.java:224)
W/GoogleTagManager( 3992): 	at com.android.org.conscrypt.Platform.checkServerTrusted(Platform.java:113)
W/GoogleTagManager( 3992): 	at com.android.org.conscrypt.OpenSSLSocketImpl.verifyCertificateChain(OpenSSLSocketImpl.java:525)
W/GoogleTagManager( 3992): 	at com.android.org.conscrypt.NativeCrypto.SSL_do_handshake(Native Method)
W/GoogleTagManager( 3992): 	at com.android.org.conscrypt.OpenSSLSocketImpl.startHandshake(OpenSSLSocketImpl.java:302)
W/GoogleTagManager( 3992): 	... 20 more
W/GoogleTagManager( 3992): Caused by: java.security.cert.CertPathValidatorException: Trust anchor for certification path not found.
W/GoogleTagManager( 3992): 	... 26 more
D/PhoneApp( 1791): getPhone phoneId:0
I/ActivityManager(  912): Start proc com.sonymobile.podcast for broadcast com.sonymobile.podcast/.feed.PodcastBroadcastReceiver: pid=4059 uid=10061 gids={50061, 9997, 3003, 1028, 1015, 1023} abi=armeabi-v7a
I/ActivityManager(  912): Killing 3279:com.google.android.googlequicksearchbox:search/u0a67 (adj 15): empty #21
D/PhoneApp( 1791): getPhone phoneId:0
I/ActivityManager(  912): Killing 3229:com.sonymobile.gpssatellitesnotification/u0a103 (adj 15): empty #22
D/Licenses( 4029): Reckeck license premium: false type 0
D/PhoneApp( 1791): getPhone phoneId:0
D/PhoneApp( 1791): getPhone phoneId:0
W/GoogleTagManager( 4029): Error when loading resources from url: https://www.googletagmanager.com/r?id=GTM-W23LZ2&v=a50788154&pv=172 java.security.cert.CertPathValidatorException: Trust anchor for certification path not found.
W/GoogleTagManager( 4029): javax.net.ssl.SSLHandshakeException: java.security.cert.CertPathValidatorException: Trust anchor for certification path not found.
W/GoogleTagManager( 4029): 	at com.android.org.conscrypt.OpenSSLSocketImpl.startHandshake(OpenSSLSocketImpl.java:306)
W/GoogleTagManager( 4029): 	at com.android.okhttp.Connection.upgradeToTls(Connection.java:197)
W/GoogleTagManager( 4029): 	at com.android.okhttp.Connection.connect(Connection.java:151)
W/GoogleTagManager( 4029): 	at com.android.okhttp.internal.http.HttpEngine.connect(HttpEngine.java:276)
W/GoogleTagManager( 4029): 	at com.android.okhttp.internal.http.HttpEngine.sendRequest(HttpEngine.java:211)
W/GoogleTagManager( 4029): 	at com.android.okhttp.internal.http.HttpURLConnectionImpl.execute(HttpURLConnectionImpl.java:373)
W/GoogleTagManager( 4029): 	at com.android.okhttp.internal.http.HttpURLConnectionImpl.getResponse(HttpURLConnectionImpl.java:323)
W/GoogleTagManager( 4029): 	at com.android.okhttp.internal.http.HttpURLConnectionImpl.getResponseCode(HttpURLConnectionImpl.java:491)
W/GoogleTagManager( 4029): 	at com.android.okhttp.internal.http.DelegatingHttpsURLConnection.getResponseCode(DelegatingHttpsURLConnection.java:105)
W/GoogleTagManager( 4029): 	at com.android.okhttp.internal.http.HttpsURLConnectionImpl.getResponseCode(HttpsURLConnectionImpl.java:25)
W/GoogleTagManager( 4029): 	at com.google.tagmanager.as.a(SourceFile:50)
W/GoogleTagManager( 4029): 	at com.google.tagmanager.as.getInputStream(SourceFile:23)
W/GoogleTagManager( 4029): 	at com.google.tagmanager.cg.pL(SourceFile:105)
W/GoogleTagManager( 4029): 	at com.google.tagmanager.cg.run(SourceFile:66)
W/GoogleTagManager( 4029): 	at java.util.concurrent.Executors$RunnableAdapter.call(Executors.java:422)
W/GoogleTagManager( 4029): 	at java.util.concurrent.FutureTask.run(FutureTask.java:237)
W/GoogleTagManager( 4029): 	at java.util.concurrent.ScheduledThreadPoolExecutor$ScheduledFutureTask.access$201(ScheduledThreadPoolExecutor.java:152)
W/GoogleTagManager( 4029): 	at java.util.concurrent.ScheduledThreadPoolExecutor$ScheduledFutureTask.run(ScheduledThreadPoolExecutor.java:265)
W/GoogleTagManager( 4029): 	at java.util.concurrent.ThreadPoolExecutor.runWorker(ThreadPoolExecutor.java:1112)
W/GoogleTagManager( 4029): 	at java.util.concurrent.ThreadPoolExecutor$Worker.run(ThreadPoolExecutor.java:587)
W/GoogleTagManager( 4029): 	at java.lang.Thread.run(Thread.java:818)
W/GoogleTagManager( 4029): Caused by: java.security.cert.CertificateException: java.security.cert.CertPathValidatorException: Trust anchor for certification path not found.
W/GoogleTagManager( 4029): 	at com.android.org.conscrypt.TrustManagerImpl.checkTrusted(TrustManagerImpl.java:323)
W/GoogleTagManager( 4029): 	at com.android.org.conscrypt.TrustManagerImpl.checkServerTrusted(TrustManagerImpl.java:224)
W/GoogleTagManager( 4029): 	at com.android.org.conscrypt.Platform.checkServerTrusted(Platform.java:113)
W/GoogleTagManager( 4029): 	at com.android.org.conscrypt.OpenSSLSocketImpl.verifyCertificateChain(OpenSSLSocketImpl.java:525)
W/GoogleTagManager( 4029): 	at com.android.org.conscrypt.NativeCrypto.SSL_do_handshake(Native Method)
W/GoogleTagManager( 4029): 	at com.android.org.conscrypt.OpenSSLSocketImpl.startHandshake(OpenSSLSocketImpl.java:302)
W/GoogleTagManager( 4029): 	... 20 more
W/GoogleTagManager( 4029): Caused by: java.security.cert.CertPathValidatorException: Trust anchor for certification path not found.
W/GoogleTagManager( 4029): 	... 26 more
D/PhoneApp( 1791): getPhone phoneId:0
W/libprocessgroup(  912): failed to open /acct/uid_10067/pid_3279/cgroup.procs: No such file or directory
W/libprocessgroup(  912): failed to open /acct/uid_10103/pid_3229/cgroup.procs: No such file or directory
E/ActivityThread( 4029): Failed to find provider info for de.telekom.tsc.tokenprovider
D/ForegroundUtils( 1624): Process died; UID 10067 PID 3279
D/ForegroundUtils( 1624): Foreground changed, PID: 3279 UID: 10067 foreground: false
D/ForegroundUtils( 1624): Foreground UID/PID combinations:
