D/BatteryService(  912): fire battery changed intent.
I/ValidateNoPeople(  912): skipping global notification
I/AlarmManager(  912): [FXN.ASD]set  [type=2 trigger on=(+57m36s0ms) repeatInt=0 repeatInt=PendingIntent{15cd3935: PendingIntentRecord{3cdb1ca android broadcastIntent}} worksource = null]
V/ActivityManager(  912): Display changed displayId=0
D/ConnectivityService(  912): NetworkAgentInfo [WIFI () - 100] EVENT_NETWORK_INFO_CHANGED, going from CONNECTING to CONNECTED
D/ConnectivityService(  912): Adding iface wlan0 to network 100
W/ResourcesManager(  912): Asset path '/system/framework/com.android.location.provider.jar' does not exist or contains no resources.
D/Telecom ( 1613): MissedCallNotifier: updateOnStartup()...
E/ConnectivityService(  912): Unexpected mtu value: 0, wlan0
D/ConnectivityService(  912): Adding Route [fe80::/64 -> :: wlan0] to network 100
D/ConnectivityService(  912): Adding Route [192.168.4.0/24 -> 0.0.0.0 wlan0] to network 100
D/ConnectivityService(  912): Adding Route [0.0.0.0/0 -> 192.168.4.254 wlan0] to network 100
D/ConnectivityService(  912): Setting Dns servers for network 100 to [/192.168.4.254]
D/Nat464Xlat(  912): requiresClat: netType=1, connected=true, hasIPv4Address=true
D/ConnectivityService(  912): notifyType IP_CHANGED for NetworkAgentInfo [WIFI () - 100]
D/ConnectivityService(  912): notifyType PRECHECK for NetworkAgentInfo [WIFI () - 100]
D/ConnectivityService(  912): rematching NetworkAgentInfo [WIFI () - 100]
D/ConnectivityService(  912):    accepting network in place of null
D/ConnectivityService(  912): Setting tx/rx TCP buffers to 524288,1048576,2097152,262144,524288,1048576
W/ActivityManager(  912): Activity pause timeout for ActivityRecord{25cca9d8 u0 com.android.chrome/com.google.android.apps.chrome.document.DocumentActivity t24}
D/CSLegacyTypeTracker(  912): Sending connected broadcast for type 1 NetworkAgentInfo [WIFI () - 100] isDefaultNetwork=true
D/ConnectivityService(  912): sendStickyBroadcast: action=android.net.conn.CONNECTIVITY_CHANGE_IMMEDIATE
D/ConnectivityService(  912): Switching to new default network: NetworkAgentInfo{ ni{[type: WIFI[], state: CONNECTED/CONNECTED, reason: (unspecified), extra: "SwitchDatacentersGuest", roaming: false, failover: false, isAvailable: true, isConnectedToProvisioningNetwork: false]}  network{100}  lp{{InterfaceName: wlan0 LinkAddresses: [192.168.4.120/24,]  Routes: [fe80::/64 -> :: wlan0,192.168.4.0/24 -> 0.0.0.0 wlan0,0.0.0.0/0 -> 192.168.4.254 wlan0,] DnsAddresses: [192.168.4.254,] Domains: null MTU: 0 TcpBufferSizes: 524288,1048576,2097152,262144,524288,1048576}}  nc{[ Transports: WIFI Capabilities: INTERNET&NOT_RESTRICTED&TRUSTED&NOT_VPN LinkUpBandwidth>=1048576Kbps LinkDnBandwidth>=1048576Kbps]}  Score{60} validated{false} created{true} explicitlySelected{false} }
D/ConnectivityService(  912): notifyType AVAILABLE for NetworkAgentInfo [WIFI () - 100]
I/ActivityManager(  912): Start proc android.process.acore for content provider com.android.providers.contacts/.SemcCallLogProvider: pid=1940 uid=10048 gids={50048, 9997} abi=arm64-v8a
W/ActivityManager(  912): Unable to start service Intent { act=com.android.location.XT.IXTSrv pkg=com.qualcomm.location.XT } U=0: not found
W/ActivityManager(  912): Unable to start service Intent { act=com.qualcomm.services.location.LocationAlarmService pkg=com.qualcomm.services.location } U=0: not found
V/Telecom ( 1613): BluetoothManager: isBluetoothAvailable()...
V/Telecom ( 1613): BluetoothManager:   ==> false
V/Telecom ( 1613): TtyManager: isTtySupported: true
V/Telecom ( 1613): TtyManager: updateCurrentTtyMode, 0 -> 0
D/Telecom ( 1613): ProximitySensorManager: onCreate: mProximityWakeLock: 
V/WiredAccessoryManager(  912): notifyWiredAccessoryChanged: when=0 bits= mask=54
V/WiredAccessoryManager(  912): newName=h2w newState=0 headsetState=0 prev headsetState=0
V/WiredAccessoryManager(  912): init()
W/ResourcesManager(  912): Asset path '/system/framework/semc_audioeffectif.jar' does not exist or contains no resources.
W/ResourcesManager(  912): Asset path '/system/framework/com.sony.device.jar' does not exist or contains no resources.
W/ResourcesManager(  912): Asset path '/system/framework/com.sonymobile.settings.illumination.jar' does not exist or contains no resources.
W/ResourcesManager(  912): Asset path '/system/framework/com.sonymobile.playanywhere.jar' does not exist or contains no resources.
W/ResourcesManager(  912): Asset path '/system/framework/com.sonyericsson.dlna_impl.jar' does not exist or contains no resources.
D/WifiService(  912): New client listening to asynchronous messages
D/Telecom ( 1613): SomcAmNotifier: updateOnStartup()...
D/Telecom ( 1613): QuickResponseUtils: maybeMigrateLegacyQuickResponses() - Starting
D/Telecom ( 1613): QuickResponseUtils: maybeMigrateLegacyQuickResponses() - Telecom QuickResponses exist
D/Telecom ( 1613): SomcRejectWithTextMessageManager: registerBroadcast
I/ActivityManager(  912): Activity reported stop, but no longer stopping: ActivityRecord{25cca9d8 u0 com.android.chrome/com.google.android.apps.chrome.document.DocumentActivity t24}
V/Telecom ( 1613): BluetoothPhoneService: Constructor
D/Telecom ( 1613): BluetoothPhoneService: onCreate
W/ResourcesManager(  912): Asset path '/system/framework/com.google.android.media.effects.jar' does not exist or contains no resources.
W/ResourcesManager(  912): Asset path '/system/framework/org.simalliance.openmobileapi.jar' does not exist or contains no resources.
E/ActivityThread( 1305): Performing stop of activity that is not resumed: {com.android.chrome/com.google.android.apps.chrome.document.DocumentActivity}
E/ActivityThread( 1305): java.lang.RuntimeException: Performing stop of activity that is not resumed: {com.android.chrome/com.google.android.apps.chrome.document.DocumentActivity}
E/ActivityThread( 1305): 	at android.app.ActivityThread.performStopActivityInner(ActivityThread.java:3400)
E/ActivityThread( 1305): 	at android.app.ActivityThread.handleStopActivity(ActivityThread.java:3481)
E/ActivityThread( 1305): 	at android.app.ActivityThread.access$1100(ActivityThread.java:145)
E/ActivityThread( 1305): 	at android.app.ActivityThread$H.handleMessage(ActivityThread.java:1352)
E/ActivityThread( 1305): 	at android.os.Handler.dispatchMessage(Handler.java:102)
E/ActivityThread( 1305): 	at android.os.Looper.loop(Looper.java:135)
E/ActivityThread( 1305): 	at android.app.ActivityThread.main(ActivityThread.java:5319)
E/ActivityThread( 1305): 	at java.lang.reflect.Method.invoke(Native Method)
E/ActivityThread( 1305): 	at java.lang.reflect.Method.invoke(Method.java:372)
E/ActivityThread( 1305): 	at com.android.internal.os.ZygoteInit$MethodAndArgsCaller.run(ZygoteInit.java:1016)
E/ActivityThread( 1305): 	at com.android.internal.os.ZygoteInit.main(ZygoteInit.java:811)
W/ResourcesManager(  912): Asset path '/system/framework/com.google.android.maps.jar' does not exist or contains no resources.
W/ResourcesManager(  912): Asset path '/system/framework/com.sonyericsson.updatecenter.jar' does not exist or contains no resources.
I/ActivityManager(  912): Start proc com.android.chrome:sandboxed_process0 for service com.android.chrome/org.chromium.content.app.SandboxedProcessService0: pid=1981 uid=99000 gids={} abi=arm64-v8a
D/ConnectivityService(  912): Got NetworkFactory Messenger for Telephony
I/AlarmManager(  912): [FXN.ASD]set  [type=2 trigger on=(+24h0m0s0ms) repeatInt=86400000 repeatInt=PendingIntent{271c2699: PendingIntentRecord{2e153d5e android broadcastIntent}} worksource = null]
W/ResourcesManager(  912): Asset path '/system/framework/com.sonyericsson.uxpres.jar' does not exist or contains no resources.
W/ResourcesManager(  912): Asset path '/system/framework/com.sonymobile.smime.jar' does not exist or contains no resources.
W/ResourcesManager(  912): Asset path '/system/framework/com.google.protobuf-2.3.0.jar' does not exist or contains no resources.
W/ResourcesManager(  912): Asset path '/system/framework/com.sonyericsson.idd.jar' does not exist or contains no resources.
I/AlarmManager(  912): [FXN.ASD]set  [type=0 trigger on=(+200ms) repeatInt=20000 repeatInt=PendingIntent{16a70ad9: PendingIntentRecord{743ec9e android broadcastIntent}} worksource = null]
D/Nat464Xlat(  912): requiresClat: netType=1, connected=true, hasIPv4Address=true
D/ConnectivityService(  912): notifyType IP_CHANGED for NetworkAgentInfo [WIFI () - 100]
D/ConnectivityService(  912): notifyType IP_CHANGED for NetworkAgentInfo [WIFI () - 100]
I/ActivityManager(  912): Start proc com.android.smspush for service com.android.smspush/.WapPushManager: pid=2035 uid=10186 gids={50186, 9997} abi=arm64-v8a
V/BackupManagerService(  912): Connected to transport ComponentInfo{android/com.android.internal.backup.LocalTransportService}
V/BackupManagerService(  912): Registering transport android/com.android.internal.backup.LocalTransportService::android/com.android.internal.backup.LocalTransport = android.app.backup.BackupTransport$TransportImpl@7bd6035
W/ResourcesManager( 1791): Asset path '/system/framework/com.google.android.maps.jar' does not exist or contains no resources.
W/ResourcesManager( 1791): Asset path '/system/framework/com.sonymobile.settings.illumination.jar' does not exist or contains no resources.
W/ResourcesManager( 1791): Asset path '/system/framework/com.google.android.media.effects.jar' does not exist or contains no resources.
I/ActivityManager(  912): Start proc com.google.android.googlequicksearchbox:search for service com.google.android.googlequicksearchbox/com.google.android.hotword.service.HotwordService: pid=2076 uid=10067 gids={50067, 9997, 3003, 3001, 1028, 3002, 1015, 1005} abi=arm64-v8a
V/ActivityManager(  912): Display changed displayId=0
W/ActivityManager(  912): Unable to start service Intent { act=com.android.location.XT.IXTSrv pkg=com.qualcomm.location.XT } U=0: not found
W/ActivityManager(  912): Unable to start service Intent { act=com.qualcomm.services.location.LocationAlarmService pkg=com.qualcomm.services.location } U=0: not found
D/WifiService(  912): New client listening to asynchronous messages
I/MmsServiceBroker(  912): MmsService connected
W/ResourcesManager(  912): Asset path '/system/framework/com.google.android.maps.jar' does not exist or contains no resources.
W/ResourcesManager(  912): Asset path '/system/framework/com.sonymobile.settings.illumination.jar' does not exist or contains no resources.
I/ActivityManager(  912): Start proc com.google.android.keep for broadcast com.google.android.keep/.notification.AlertReceiver: pid=2131 uid=10113 gids={50113, 9997, 3003, 1028, 1015} abi=arm64-v8a
I/AlarmManager(  912): [FXN.ASD]set  [type=1 trigger on=(+30m0s0ms) repeatInt=0 repeatInt=PendingIntent{1f9f5a69: PendingIntentRecord{1a9bacee android broadcastIntent}} worksource = null]
D/ConnectivityService(  912): listenForNetwork for NetworkRequest [ id=2, legacyType=-1, [] ]
D/ConnectivityService(  912): handleRegisterNetworkRequest checking NetworkAgentInfo [WIFI () - 100]
D/ConnectivityService(  912): apparently satisfied.  currentScore=60
I/ActivityManager(  912): Start proc com.google.android.partnersetup for content provider com.google.android.partnersetup/.RlzAppProvider: pid=2172 uid=10033 gids={50033, 9997, 3003} abi=arm64-v8a
I/ActivityManager(  912): Start proc com.google.process.gapps for content provider com.google.android.gsf/.settings.GoogleSettingsProvider: pid=2192 uid=10030 gids={50030, 9997, 2001, 3003, 1007, 3006, 1028, 1015, 3002, 3001, 1005, 3007} abi=arm64-v8a
W/KeyphraseEnrollmentInfo( 1502): Enrollment application doesn't support keyphrases
W/KeyguardServiceDelegate(  912): onScreenTurnedOn(): no keyguard service!
--------- beginning of main
D/OMXCodec(  310): OMXCodec::setState: mState 2
D/OMXCodec(  310): [OMX.google.vorbis.decoder] [FXN.ASD]pause()beforelock, mState=2
D/OMX     (  310): [FXN.ASD]:loop()+
D/OMXCodec(  310): [OMX.google.vorbis.decoder] Now Idle..
D/OMXCodec(  310): OMXCodec::setState: mState 3
D/OMXCodec(  310): [OMX.google.vorbis.decoder] [FXN.ASD]pause()beforelock, mState=3
D/OMXCodec(  310): [OMX.google.vorbis.decoder] Now Executing.
D/OMXCodec(  310): OMXCodec::setState: mState 4
D/BluetoothAdapter( 1228): 555260449: getState() :  mService = null. Returning STATE_OFF
D/BluetoothAdapter( 1228): 555260449: getState() :  mService = null. Returning STATE_OFF
W/LoudnessEnhancerProxy( 2076): System lacks LoudnessEnhancer. Will NOT amplify audio.
D/PhoneApp( 1791): getPhone phoneId:0
D/BluetoothAdapter( 1228): 555260449: getState() :  mService = null. Returning STATE_OFF
D/BluetoothAdapter( 1228): 555260449: getState() :  mService = null. Returning STATE_OFF
I/rmt_storage(  303): rmt_storage_client_thread: /boot/modem_fs1: clnt_h=0x1: req_h=0x10 msg_id=3: Bytes written = 917504
I/rmt_storage(  303): rmt_storage_client_thread: /boot/modem_fs1: clnt_h=0x1: req_h=0x10 msg_id=3: Send response: res=0 err=0
I/rmt_storage(  303): rmt_storage_client_thread: /boot/modem_fs1: clnt_h=0x1 About to block rmt_storage client thread (th_id: 367877017584) wakelock released: 1, error no: 22
I/rmt_storage(  303): 
I/rmt_storage(  303): rmt_storage_disconnect_cb: clnt_h=0xc conn_h=0x55a72dd320
I/libmdmdetect(  912): ESOC framework not supported
I/libmdmdetect(  912): Found internal modem: modem
I/libmdmdetect(  912): ESOC framework not supported
I/libmdmdetect(  912): Found internal modem: modem
I/libmdmdetect(  912): ESOC framework not supported
I/libmdmdetect(  912): Found internal modem: modem
I/libmdmdetect(  912): ESOC framework not supported
I/libmdmdetect(  912): Found internal modem: modem
I/libmdmdetect(  912): ESOC framework not supported
I/libmdmdetect(  912): Found internal modem: modem
I/libmdmdetect(  912): ESOC framework not supported
I/libmdmdetect(  912): Found internal modem: modem
E/LocSvc_LBSApiV02(  912): E/virtual int lbs_core::LBSApiV02::wifiEnabledStatusInject(int):705]: Error : st = 11, ind.status = 1723910928
E/LocSvc_LBSApiV02(  912): E/virtual int lbs_core::LBSApiV02::wifiAttachmentStatusInject(const WifiSupplicantInfo&):688]: Error : st = 11, ind.status = -1964795528
D/Ulp_jni (  912): Location CB invoked
I/WifiHAL (  912): mVendor_id = 4980, Subcmd = 15 in  virtual int LLStatsCommand::create():49
E/WifiHAL (  912): virtual int WifiVendorCommand::set_iface_id(const char*) ifindex obtained:29
E/WifiHAL (  912): wifi_error wifi_get_link_stats(wifi_request_id, wifi_interface_handle, wifi_stats_result_handler): requestResponse Error:-22
E/wifi    (  912): android_net_wifi_getLinkLayerStats: failed to get link statistics
I/wpa_supplicant( 1205): wlan0: Control interface command 'SIGNAL_POLL'
I/ActivityManager(  912): Start proc com.sony.smallapp.managerservice for service com.sony.smallapp.managerservice/.SmallAppManagerService: pid=2248 uid=10151 gids={50151, 9997, 3003} abi=arm64-v8a
D/PhoneApp( 1791): getPhone phoneId:0
D/WifiWatchdogStateMachine(  912): RSSI current: 4 new: -56, 4
D/WifiWatchdogStateMachine(  912): RSSI current: 4 new: -56, 4
I/CameraClient(  310): Opening camera 0
I/QCamera2Factory(  310): int qcamera::QCamera2Factory::cameraDeviceOpen(int, hw_device_t**): gCameraCount = 1
I/QCamera2HWI(  310): static void qcamera::QCamera2HardwareInterface::getLogLevel() gCamHalLogLevel=1
D/QCameraStateMachine(  310): static void* qcamera::QCameraStateMachine::smEvtProcRoutine(void*): E
D/Foxconn_State(  310): [KPI Perf] qcamera::Foxconn_State::Foxconn_State(): E
D/Foxconn_State(  310): [KPI Perf] qcamera::Foxconn_State::Foxconn_State(): X
D/Foxconn_State(  310): [KPI Perf] qcamera::Foxconn_State::Foxconn_State(): E
D/Foxconn_State(  310): [KPI Perf] qcamera::Foxconn_State::Foxconn_State(): X
D/ArcSoft_Feature(  310): qcamera::ArcSoft_Feature::ArcSoft_Feature(qcamera::QCamera2HardwareInterface*): ARCSOFT_FEATURE_VERSION = ArcSoft_Feature_V0072
D/FXN_DebugTool(  310): LoadConfigFile: ArcSoft_DumpYUV.cfg not found.
D/FXN_DebugTool(  310): LoadConfigFile: ArcSoft_PrintLog.cfg not found.
D/FXN_DebugTool(  310): LoadConfigFile: ArcSoft_Feature_Ctrl.cfg not found.
D/FXN_DebugTool(  310): LoadConfigFile: ArcSoft_Feature_Params(Snapshot).cfg not found.
D/FXN_DebugTool(  310): LoadConfigFile: ArcSoft_Feature_Params(Preview).cfg not found.
D/FXN_DebugTool(  310): LoadConfigFile: ArcSoft_Feature_Params(Video).cfg not found.
D/FXN_DebugTool(  310): LoadConfigFile: Qcom_Snapshot_Feature_Params.cfg not found.
D/Foxconn_State(  310): [KPI Perf] void qcamera::Foxconn_State::Init_State(const char*, int32_t): AS_Feature: E
D/Foxconn_State(  310): void qcamera::Foxconn_State::Init_State(const char*, int32_t): AS_Feature: mState = 0
D/Foxconn_State(  310): [KPI Perf] void qcamera::Foxconn_State::Init_State(const char*, int32_t): AS_Feature: X
D/Foxconn_State(  310): [KPI Perf] void qcamera::Foxconn_State::Init_State(const char*, int32_t): AS_Engines: E
D/Foxconn_State(  310): void qcamera::Foxconn_State::Init_State(const char*, int32_t): AS_Engines: mState = 0
D/Foxconn_State(  310): [KPI Perf] void qcamera::Foxconn_State::Init_State(const char*, int32_t): AS_Engines: X
D/QCamera2HWI(  310): [CL] num=0, denom=6
D/QCamera2HWI(  310): [KPI Perf] int qcamera::QCamera2HardwareInterface::openCamera(hw_device_t**): E PROFILE_OPEN_CAMERA camera id 0
E/mm-camera-intf(  310): mm_camera_open: dev name = /dev/video1, cam_idx = 1
D/QCamera2HWI(  310): static void* qcamera::QCamera2HardwareInterface::defferedWorkRoutine(void*): start data proc
D/mm-camera(  350): mct_pipeline_start_session_thread thread_id is -1
D/mm-camera(  350): mct_pipeline_start_session_thread thread_id is -1
D/mm-camera(  350): mct_pipeline_start_session_thread thread_id is -1
D/mm-camera(  350): mct_pipeline_start_session_thread thread_id is -1
E/mm-camera(  350): isp_tintless_get_version: lib returned version 3.61 err=0
D/mm-camera(  350): mct_pipeline_start_session_thread thread_id is -1
D/mm-camera(  350): cpp_module_start_session:423, info: starting session 1
D/mm-camera(  350): mct_pipeline_start_session_thread thread_id is -1
E/mm-camera-img(  350): module_imglib_start_session:1446 ###Img_Loglevel 0
D/PhoneApp( 1791): getPhone phoneId:0
D/OpenGLRenderer( 1228): Render dirty regions requested: true
D/PhoneApp( 1791): getPhone phoneId:0
I/AlarmManager(  912): [FXN.ASD]set  [type=1 trigger on=(+6h40m53s518ms) repeatInt=0 repeatInt=PendingIntent{39e69ec2: PendingIntentRecord{379ce4d3 android broadcastIntent}} worksource = null]
D/Atlas   ( 1228): Validating map...
D/PhoneApp( 1791): getPhone phoneId:0
I/        (  350): imx214_open_lib for LG module, Gain{1.000000, 128.000000}
I/mm-camera-sensor(  350): gt24c16_eeprom_open_lib: return func function pointer.
E/mm-camera-sensor(  350): eeprom_load_library:697 e_ctrl->eeprom_lib.func_tbl =0xf46fe75c
I/mm-camera-sensor(  350): gt24c16_format_calibration_data: g_main_cam_sensor_source = 0
W/AudioManagerAndroid( 1305): Requires BLUETOOTH permission
D/PhoneStatusBar( 1228): disable: < expand icons alerts system_info back home recent clock search >
D/PhoneApp( 1791): getPhone phoneId:0
D/mm-camera(  350): cpp_module_start_session:485, info: session 1 started.
D/mm-camera(  350): c2d_module_start_session:345, info: starting session 1
D/mm-camera(  350): cpp_thread_func:63: cpp_thread entering the polling loop...thread_id is -1
D/mm-camera(  350): c2d_thread_func:45: c2d_thread entering the polling loop... thread_id is -1
D/mm-camera(  350): c2d_module_start_session:419, info: session 1 started.
D/PhoneApp( 1791): getPhone phoneId:-1000
E/Parcel  (  474): Reading a NULL string not supported here.
E/Parcel  (  474): Reading a NULL string not supported here.
E/Parcel  (  474): Reading a NULL string not supported here.
E/Parcel  (  474): Reading a NULL string not supported here.
D/PhoneApp( 1791): getPhone phoneId:0
D/PhoneApp( 1791): getPhone phoneId:0
D/PhoneApp( 1791): getPhone phoneId:0
E/mm-camera-sensor(  350): actuator_load_lib:351 name=dw9714_f, mode=camera
E/mm-camera-sensor(  350): actuator_load_lib:351 name=dw9714_f, mode=camcorder
E/mm-camera-sensor(  350): eeprom_do_af_calibration:622 turn on Cal af(1)
D/PhoneApp( 1791): getPhone phoneId:0
D/mm-camera(  350): mct_pipeline_start_session: Not start Eztune server. 
D/PhoneApp( 1791): getPhone phoneId:0
D/mm-camera(  350): mct_controller_thread_run thread_id is -1
E/mm-camera-intf(  310): mm_camera_open:  opened, break out while loop
D/PhoneApp( 1791): getPhone phoneId:0
D/PhoneApp( 1791): getPhone phoneId:0
D/PhoneApp( 1791): getPhone phoneId:0
D/AudioAttributes( 1228): setContentType: 4
D/AudioAttributes( 1228): setUsage: 13
D/PhoneApp( 1791): getPhone phoneId:0
D/TelephonyNetworkFactory-1( 1791): got request NetworkRequest [ id=1, legacyType=-1, [ Capabilities: INTERNET&NOT_RESTRICTED&TRUSTED&NOT_VPN] ] with score 60
W/GAV2    ( 2248): Thread[main,5,main]: Need to call initialize() and be in fallback mode to start dispatch.
D/TelephonyDebugService( 1791): TelephonyDebugService()
D/QCameraHWI_Mem(  310): void qcamera::QCameraMemory::traceLogAllocStart(size_t, int, const char*) : alloc E count=1 size=7160
D/QCameraHWI_Mem(  310): void qcamera::QCameraMemory::traceLogAllocStart(size_t, int, const char*) : alloc E count=1 size=7160
D/QCameraHWI_Mem(  310): int qcamera::QCameraMemory::alloc(int, size_t, unsigned int) : No memory pool available and So allocate new buffer
D/QCameraHWI_Mem(  310): static int qcamera::QCameraMemory::allocOneBuffer(qcamera::QCameraMemory::QCameraMemInfo&, unsigned int, size_t, bool) : ION buffer 1 with size 8192 allocated
D/QCameraHWI_Mem(  310):  void qcamera::QCameraMemory::traceLogAllocEnd(size_t) : X
D/QCameraHWI_Mem(  310):  void qcamera::QCameraMemory::traceLogAllocEnd(size_t) : X
D/mm-camera(  350): mct_pipeline_populate_query_cap_buffer: totalram = 1898418176, freeram = 200286208 
D/QCamera2HWI(  310): int qcamera::QCamera2HardwareInterface::openCamera(): enable_4k2k is 0
D/mm-jpeg-intf(  310): jpeg_open gMmCameraJpegLogLevel=1
D/WifiService(  912): New client listening to asynchronous messages
W/GoogleTagManager( 1377): Error when loading resources from url: https://www.googletagmanager.com/r?id=GTM-M2ZPZL&v=a65833898&pv=MjU$0 java.security.cert.CertPathValidatorException: Trust anchor for certification path not found.
W/GoogleTagManager( 1377): javax.net.ssl.SSLHandshakeException: java.security.cert.CertPathValidatorException: Trust anchor for certification path not found.
W/GoogleTagManager( 1377): 	at com.android.org.conscrypt.OpenSSLSocketImpl.startHandshake(OpenSSLSocketImpl.java:306)
W/GoogleTagManager( 1377): 	at com.android.okhttp.Connection.upgradeToTls(Connection.java:197)
W/GoogleTagManager( 1377): 	at com.android.okhttp.Connection.connect(Connection.java:151)
W/GoogleTagManager( 1377): 	at com.android.okhttp.internal.http.HttpEngine.connect(HttpEngine.java:276)
W/GoogleTagManager( 1377): 	at com.android.okhttp.internal.http.HttpEngine.sendRequest(HttpEngine.java:211)
W/GoogleTagManager( 1377): 	at com.android.okhttp.internal.http.HttpURLConnectionImpl.execute(HttpURLConnectionImpl.java:373)
W/GoogleTagManager( 1377): 	at com.android.okhttp.internal.http.HttpURLConnectionImpl.getResponse(HttpURLConnectionImpl.java:323)
W/GoogleTagManager( 1377): 	at com.android.okhttp.internal.http.HttpURLConnectionImpl.getResponseCode(HttpURLConnectionImpl.java:491)
W/GoogleTagManager( 1377): 	at com.android.okhttp.internal.http.DelegatingHttpsURLConnection.getResponseCode(DelegatingHttpsURLConnection.java:105)
W/GoogleTagManager( 1377): 	at com.android.okhttp.internal.http.HttpsURLConnectionImpl.getResponseCode(HttpsURLConnectionImpl.java:25)
W/GoogleTagManager( 1377): 	at com.google.android.gms.tagmanager.ab.a(Unknown Source)
W/GoogleTagManager( 1377): 	at com.google.android.gms.tagmanager.ab.cf(Unknown Source)
W/GoogleTagManager( 1377): 	at com.google.android.gms.tagmanager.bu.xm(Unknown Source)
W/GoogleTagManager( 1377): 	at com.google.android.gms.tagmanager.bu.run(Unknown Source)
W/GoogleTagManager( 1377): 	at java.util.concurrent.Executors$RunnableAdapter.call(Executors.java:422)
W/GoogleTagManager( 1377): 	at java.util.concurrent.FutureTask.run(FutureTask.java:237)
W/GoogleTagManager( 1377): 	at java.util.concurrent.ScheduledThreadPoolExecutor$ScheduledFutureTask.access$201(ScheduledThreadPoolExecutor.java:152)
W/GoogleTagManager( 1377): 	at java.util.concurrent.ScheduledThreadPoolExecutor$ScheduledFutureTask.run(ScheduledThreadPoolExecutor.java:265)
W/GoogleTagManager( 1377): 	at java.util.concurrent.ThreadPoolExecutor.runWorker(ThreadPoolExecutor.java:1112)
W/GoogleTagManager( 1377): 	at java.util.concurrent.ThreadPoolExecutor$Worker.run(ThreadPoolExecutor.java:587)
W/GoogleTagManager( 1377): 	at java.lang.Thread.run(Thread.java:818)
W/GoogleTagManager( 1377): Caused by: java.security.cert.CertificateException: java.security.cert.CertPathValidatorException: Trust anchor for certification path not found.
W/GoogleTagManager( 1377): 	at com.android.org.conscrypt.TrustManagerImpl.checkTrusted(TrustManagerImpl.java:323)
W/GoogleTagManager( 1377): 	at com.android.org.conscrypt.TrustManagerImpl.checkServerTrusted(TrustManagerImpl.java:224)
W/GoogleTagManager( 1377): 	at com.android.org.conscrypt.Platform.checkServerTrusted(Platform.java:113)
W/GoogleTagManager( 1377): 	at com.android.org.conscrypt.OpenSSLSocketImpl.verifyCertificateChain(OpenSSLSocketImpl.java:525)
W/GoogleTagManager( 1377): 	at com.android.org.conscrypt.NativeCrypto.SSL_do_handshake(Native Method)
W/GoogleTagManager( 1377): 	at com.android.org.conscrypt.OpenSSLSocketImpl.startHandshake(OpenSSLSocketImpl.java:302)
W/GoogleTagManager( 1377): 	... 20 more
W/GoogleTagManager( 1377): Caused by: java.security.cert.CertPathValidatorException: Trust anchor for certification path not found.
W/GoogleTagManager( 1377): 	... 26 more
D/BluetoothAdapter( 1228): 555260449: getState() :  mService = null. Returning STATE_OFF
D/BluetoothAdapter( 1228): 555260449: getState() :  mService = null. Returning STATE_OFF
D/ImsService( 1791): ImsService created!
D/PhoneApp( 1791): getPhone phoneId:-1000
D/ImsSenderRxr( 1791): Starting IFMsg_Rxr[SUB0]
D/PhoneStatusBar( 1228): heads up is enabled
D/ImsSenderRxr( 1791): [0000]> REQUEST_QUERY_SERVICE_STATUS[SUB0]
D/ImsSenderRxr( 1791): Message data: [0, 0, 0, 12, 11, 13, 0, 0, 0, 0, 16, 1, 24, 29, 32, 0][SUB0]
D/ImsSenderRxr( 1791): [0000]< REQUEST_QUERY_SERVICE_STATUS error: 1
D/ImsSenderRxr( 1791): Connecting to socket android.net.LocalSocket@33de6f2e impl:android.net.LocalSocketImpl@7298acf fd:FileDescriptor[96]
I/ImsSenderRxr( 1791): Connected to 'android.net.LocalSocket@33de6f2e impl:android.net.LocalSocketImpl@7298acf fd:FileDescriptor[96]' socket
I/ImsSenderRxr( 1791): For instance [0] connected to 'qmux_radio/rild_ims0' socket
V/ImsSenderRxr( 1791): Read packet: 15 bytes
V/ImsSenderRxr( 1791): processResponse[SUB0]
D/ImsSenderRxr( 1791): Response data: [12, 13, -1, -1, -1, -1, 16, 3, 24, -43, 1, 32, 0, 8, 10][SUB0]
D/ImsSenderRxr( 1791):  Tag -1 3 213 0[SUB0]
I/CalendarProvider2( 1486): Sending notification intent: Intent { act=android.intent.action.PROVIDER_CHANGED dat=content://com.android.calendar }
W/ContentResolver( 1486): Failed to get type for: content://com.android.calendar (Unknown URL content://com.android.calendar)
I/Choreographer( 1228): Skipped 193 frames!  The application may be doing too much work on its main thread.
D/        ( 1791): jint JNI_OnLoad(JavaVM*, void*)
D/        ( 1791): JvmPtr initialized to -1969411008
D/ims_media_jni( 1791): int register_ims_media(JNIEnv*)
D/ViewRootImpl( 1228): changeCanvasOpacity: opaque=true
D/PhoneApp( 1791): getPhone phoneId:-1000
D/VideoCall_ImsMedia( 1791): Registering for Media Listener
E/ImsServiceSub( 1791): ImsServiceClassTracker not found.
D/ImsService( 1791): initSubscriptionStatus: Not multi-sim...
D/Licenses( 1377): Reckeck license premium: false type 0
D/CallNotifier( 1791): onMwiChanged(): false phoneId = 0
D/NotificationMgr( 1791): updateMwi(): false phoneId = 0
D/CallNotifier( 1791): onCfiChanged(): false
D/NotificationMgr( 1791): updateCfi(): false phoneId = 0
D/PhoneApp( 1791): receiving ACTION_SIM_STATE_CHANGED
D/PhoneApp( 1791): icc_state = NOT_READY
E/GoogleTagManager( 1377): Invalid macro: trialPremiumKey
D/GpsLocationProvider(  912): received SIM realted action: android.intent.action.SIM_STATE_CHANGED
D/NativeNfcManager( 1624): needRfLaDisabled:false
D/BrcmNfcJni( 1624): setForceDisableForward: 0
D/GpsLocationProvider(  912): SIM MCC/MNC is still not available
D/PhoneApp( 1791): getPhone phoneId:0
D/NotificationMgr( 1791): updateNetworkSelection()...state = 3 new network 
D/PhoneApp( 1791): mReceiver: ACTION_ANY_DATA_CONNECTION_STATE_CHANGED
D/PhoneApp( 1791): - state: DISCONNECTED
D/PhoneApp( 1791): - reason: radioTurnedOff
D/PhoneApp( 1791): mReceiver: ACTION_ANY_DATA_CONNECTION_STATE_CHANGED
D/PhoneApp( 1791): - state: DISCONNECTED
D/PhoneApp( 1791): - reason: radioTurnedOff
D/PhoneApp( 1791): mReceiver: ACTION_ANY_DATA_CONNECTION_STATE_CHANGED
D/PhoneApp( 1791): - state: DISCONNECTED
D/PhoneApp( 1791): - reason: radioTurnedOff
D/PhoneApp( 1791): mReceiver: ACTION_ANY_DATA_CONNECTION_STATE_CHANGED
D/PhoneApp( 1791): - state: DISCONNECTED
D/PhoneApp( 1791): - reason: radioTurnedOff
D/PhoneApp( 1791): mReceiver: ACTION_ANY_DATA_CONNECTION_STATE_CHANGED
D/PhoneApp( 1791): - state: DISCONNECTED
D/PhoneApp( 1791): - reason: radioTurnedOff
D/PhoneApp( 1791): mReceiver: ACTION_ANY_DATA_CONNECTION_STATE_CHANGED
D/PhoneApp( 1791): - state: DISCONNECTED
D/PhoneApp( 1791): - reason: radioTurnedOff
D/PhoneApp( 1791): mReceiver: ACTION_ANY_DATA_CONNECTION_STATE_CHANGED
D/PhoneApp( 1791): - state: DISCONNECTED
D/PhoneApp( 1791): - reason: radioTurnedOff
D/PhoneApp( 1791): mReceiver: ACTION_ANY_DATA_CONNECTION_STATE_CHANGED
D/PhoneApp( 1791): - state: DISCONNECTED
D/PhoneApp( 1791): - reason: radioTurnedOff
D/PhoneApp( 1791): mReceiver: ACTION_ANY_DATA_CONNECTION_STATE_CHANGED
D/PhoneApp( 1791): - state: DISCONNECTED
D/PhoneApp( 1791): - reason: radioTurnedOff
D/PhoneApp( 1791): mReceiver: ACTION_ANY_DATA_CONNECTION_STATE_CHANGED
D/PhoneApp( 1791): - state: DISCONNECTED
D/PhoneApp( 1791): - reason: radioTurnedOff
D/PhoneApp( 1791): mReceiver: ACTION_ANY_DATA_CONNECTION_STATE_CHANGED
D/PhoneApp( 1791): - state: DISCONNECTED
D/PhoneApp( 1791): - reason: radioTurnedOff
D/PhoneApp( 1791): mReceiver: ACTION_ANY_DATA_CONNECTION_STATE_CHANGED
D/PhoneApp( 1791): - state: DISCONNECTED
D/PhoneApp( 1791): - reason: radioTurnedOff
D/PhoneApp( 1791): mReceiver: ACTION_ANY_DATA_CONNECTION_STATE_CHANGED
D/PhoneApp( 1791): - state: DISCONNECTED
D/PhoneApp( 1791): - reason: radioTurnedOff
D/PhoneApp( 1791): mReceiver: ACTION_ANY_DATA_CONNECTION_STATE_CHANGED
D/PhoneApp( 1791): - state: DISCONNECTED
D/PhoneApp( 1791): - reason: radioTurnedOff
D/PhoneApp( 1791): mReceiver: ACTION_ANY_DATA_CONNECTION_STATE_CHANGED
D/PhoneApp( 1791): - state: DISCONNECTED
D/PhoneApp( 1791): - reason: radioTurnedOff
D/PhoneApp( 1791): mReceiver: ACTION_ANY_DATA_CONNECTION_STATE_CHANGED
D/PhoneApp( 1791): - state: DISCONNECTED
D/PhoneApp( 1791): - reason: radioTurnedOff
D/PhoneApp( 1791): mReceiver: ACTION_ANY_DATA_CONNECTION_STATE_CHANGED
D/PhoneApp( 1791): - state: DISCONNECTED
D/PhoneApp( 1791): - reason: radioTurnedOff
D/PhoneApp( 1791): mReceiver: ACTION_ANY_DATA_CONNECTION_STATE_CHANGED
D/PhoneApp( 1791): - state: DISCONNECTED
D/PhoneApp( 1791): - reason: radioTurnedOff
D/PhoneApp( 1791): mReceiver: ACTION_ANY_DATA_CONNECTION_STATE_CHANGED
D/PhoneApp( 1791): - state: DISCONNECTED
D/PhoneApp( 1791): - reason: radioTurnedOff
D/PhoneApp( 1791): mReceiver: ACTION_ANY_DATA_CONNECTION_STATE_CHANGED
D/PhoneApp( 1791): - state: DISCONNECTED
D/PhoneApp( 1791): - reason: radioTurnedOff
W/TRUiThreadExecutor( 2076): Task does not implement UiTask: com.google.common.g.a.s@42226c9
D/PhoneApp( 1791): mReceiver: ACTION_ANY_DATA_CONNECTION_STATE_CHANGED
D/PhoneApp( 1791): - state: DISCONNECTED
D/PhoneApp( 1791): - reason: dataDetached
D/PhoneApp( 1791): mReceiver: ACTION_ANY_DATA_CONNECTION_STATE_CHANGED
D/PhoneApp( 1791): - state: DISCONNECTED
D/PhoneApp( 1791): - reason: dataDetached
D/PhoneApp( 1791): mReceiver: ACTION_ANY_DATA_CONNECTION_STATE_CHANGED
D/PhoneApp( 1791): - state: DISCONNECTED
D/PhoneApp( 1791): - reason: dataDetached
D/PhoneApp( 1791): mReceiver: ACTION_ANY_DATA_CONNECTION_STATE_CHANGED
D/PhoneApp( 1791): - state: DISCONNECTED
D/PhoneApp( 1791): - reason: dataDetached
D/PhoneApp( 1791): mReceiver: ACTION_ANY_DATA_CONNECTION_STATE_CHANGED
D/PhoneApp( 1791): - state: DISCONNECTED
D/PhoneApp( 1791): - reason: dataDetached
D/PhoneApp( 1791): mReceiver: ACTION_ANY_DATA_CONNECTION_STATE_CHANGED
D/PhoneApp( 1791): - state: DISCONNECTED
D/PhoneApp( 1791): - reason: dataDetached
D/PhoneApp( 1791): mReceiver: ACTION_ANY_DATA_CONNECTION_STATE_CHANGED
D/PhoneApp( 1791): - state: DISCONNECTED
D/PhoneApp( 1791): - reason: dataDetached
D/PhoneApp( 1791): mReceiver: ACTION_ANY_DATA_CONNECTION_STATE_CHANGED
D/PhoneApp( 1791): - state: DISCONNECTED
D/PhoneApp( 1791): - reason: dataDetached
D/PhoneApp( 1791): mReceiver: ACTION_ANY_DATA_CONNECTION_STATE_CHANGED
D/PhoneApp( 1791): - state: DISCONNECTED
D/PhoneApp( 1791): - reason: dataDetached
D/PhoneApp( 1791): mReceiver: ACTION_ANY_DATA_CONNECTION_STATE_CHANGED
D/PhoneApp( 1791): - state: DISCONNECTED
D/PhoneApp( 1791): - reason: dataDetached
D/PhoneApp( 1791): mReceiver: ACTION_ANY_DATA_CONNECTION_STATE_CHANGED
D/PhoneApp( 1791): - state: DISCONNECTED
D/PhoneApp( 1791): - reason: roamingOff
D/PhoneApp( 1791): mReceiver: ACTION_ANY_DATA_CONNECTION_STATE_CHANGED
D/PhoneApp( 1791): - state: DISCONNECTED
D/PhoneApp( 1791): - reason: roamingOff
D/PhoneApp( 1791): mReceiver: ACTION_ANY_DATA_CONNECTION_STATE_CHANGED
D/PhoneApp( 1791): - state: DISCONNECTED
D/PhoneApp( 1791): - reason: roamingOff
D/PhoneApp( 1791): mReceiver: ACTION_ANY_DATA_CONNECTION_STATE_CHANGED
D/PhoneApp( 1791): - state: DISCONNECTED
D/PhoneApp( 1791): - reason: roamingOff
D/PhoneApp( 1791): mReceiver: ACTION_ANY_DATA_CONNECTION_STATE_CHANGED
D/PhoneApp( 1791): - state: DISCONNECTED
D/PhoneApp( 1791): - reason: roamingOff
D/PhoneApp( 1791): mReceiver: ACTION_ANY_DATA_CONNECTION_STATE_CHANGED
D/PhoneApp( 1791): - state: DISCONNECTED
D/PhoneApp( 1791): - reason: roamingOff
D/PhoneApp( 1791): mReceiver: ACTION_ANY_DATA_CONNECTION_STATE_CHANGED
D/PhoneApp( 1791): - state: DISCONNECTED
D/PhoneApp( 1791): - reason: roamingOff
D/PhoneApp( 1791): mReceiver: ACTION_ANY_DATA_CONNECTION_STATE_CHANGED
D/PhoneApp( 1791): - state: DISCONNECTED
D/PhoneApp( 1791): - reason: roamingOff
D/PhoneApp( 1791): mReceiver: ACTION_ANY_DATA_CONNECTION_STATE_CHANGED
D/PhoneApp( 1791): - state: DISCONNECTED
D/PhoneApp( 1791): - reason: roamingOff
D/PhoneApp( 1791): mReceiver: ACTION_ANY_DATA_CONNECTION_STATE_CHANGED
D/PhoneApp( 1791): - state: DISCONNECTED
D/PhoneApp( 1791): - reason: roamingOff
D/ImsServiceSub( 1791): Message received: what = 5
D/ImsServiceSub( 1791): Received event: EVENT_GET_STATUS_UPDATE
E/ImsServiceSub( 1791): IMS Service Status Update failed!
D/        ( 1624): phNxpLog_InitializeLogLevel: global =1, Fwdnld =1, extns =1,                 hal =1, tml =1, ncir =1,                 ncix =1
D/BrcmNfcJni( 1624): 2: nfcManager_GetDefaultSE
D/BrcmNfcJni( 1624): initialize:HOST_LISTEN_ENABLE=0x01;
D/BrcmNfcJni( 1624): RoutingManager::initialize(): try ee register
D/BrcmNfcJni( 1624): RoutingManager::nfaEeCallback: event: 1
D/BrcmNfcJni( 1624): RoutingManager::nfaEeCallback: event is 1, ignore...
D/BrcmNfcJni( 1624): RoutingManager::nfaEeCallback: NFA_EE_REGISTER_EVT; status=0
D/BrcmNfcJni( 1624): RoutingManager::nfaEeCallback: event: 15
D/BrcmNfcJni( 1624): RoutingManager::nfaEeCallback: doing info = eventData->discover_req.
D/BrcmNfcJni( 1624): nfaEeCallback: NFA_EE_DISCOVER_REQ_EVT; status=0x0; num ee=0
D/BrcmNfcJni( 1624): RoutingManager::stackCallback: event=0x15
D/BrcmNfcJni( 1624): RoutingManager::stackCallback: NFA_CE_REGISTERED_EVT; status=0x0; h=0x301
E/BrcmNfcJni( 1624): nfcManager_doInitialize: set the VEN_CFG to 3
I/NfcService( 1624): Binding SmartCard Service!
I/ActivityManager(  912): Start proc org.simalliance.openmobileapi.service:remote for service org.simalliance.openmobileapi.service/.SmartcardService: pid=2334 uid=1027 gids={41027, 9997, 3002, 3001, 1028, 1015, 3003} abi=armeabi-v7a
V/SEService( 1624): bindService successful
D/NdefPushServer( 1624): start, thread = null
D/NdefPushServer( 1624): starting new server thread
D/AudioAttributes( 1624): setInternalLegacyStreamType: 5
E/NfcService( 1624): applyRouting -3
D/NfcService( 1624): GetDefaultMifareDesfireRouteEntry :2
D/NfcService( 1624): getDefaultMifareCLTRoute :2
D/NfcService( 1624): Set default Route Entry:1
E/BrcmNfcJni( 1624): getReconnectState = 0x0
D/BrcmNfcJni( 1624): RoutingManager::setDefaultRoute: mUiccFowardFunctionalityEnable=0x01
D/BrcmNfcJni( 1624): RoutingManager::setDefaultRoute: enter, defaultSeID:400 defaultPowerstate:0x1
D/BrcmNfcJni( 1624): RoutingManager::setDefaultRoute: defaultProtoSeID:402 defaultProtoPowerstate:0x3
D/BrcmNfcJni( 1624): RoutingManager::setDefaultRoute:, defaultTechSeID:402 defaultTechAPowerstate:0x3,defaultTechType:0x1
D/BrcmNfcJni( 1624): RoutingManager::nfaEeCallback: event: 7
D/BrcmNfcJni( 1624): RoutingManager::nfaEeCallback: event is 7, ignore...
D/BrcmNfcJni( 1624): RoutingManager::nfaEeCallback: NFA_EE_SET_TECH_CFG_EVT; status=0x0
D/BrcmNfcJni( 1624): RoutingManager::nfaEeCallback: event: 8
D/BrcmNfcJni( 1624): RoutingManager::nfaEeCallback: event is 8, ignore...
D/BrcmNfcJni( 1624): RoutingManager::nfaEeCallback: NFA_EE_SET_PROTO_CFG_EVT; status=0x0
D/BrcmNfcJni( 1624): setDefaultRoute:HOST_LISTEN_ENABLE=0x01;
D/BrcmNfcJni( 1624): RoutingManager::setDefaultRoute: isDefaultProtoSeIDPresent:0
D/BrcmNfcJni( 1624): RoutingManager::stackCallback: event=0x15
D/BrcmNfcJni( 1624): RoutingManager::stackCallback: NFA_CE_REGISTERED_EVT; status=0x3; h=0xFFFF
D/BrcmNfcJni( 1624): RoutingManager::nfaEeCallback: event: 8
D/BrcmNfcJni( 1624): RoutingManager::nfaEeCallback: event is 8, ignore...
D/BrcmNfcJni( 1624): RoutingManager::nfaEeCallback: NFA_EE_SET_PROTO_CFG_EVT; status=0x0
D/BrcmNfcJni( 1624): RoutingManager::setDefaultRoute: defaultHandle:12ca0320
D/BrcmNfcJni( 1624): RoutingManager::setDefaultRoute: preferred_defaultHandle:402
D/BrcmNfcJni( 1624): RoutingManager::setDefaultRoute: defaultTechSeID:402
D/BrcmNfcJni( 1624): RoutingManager::nfaEeCallback: event: 7
D/BrcmNfcJni( 1624): RoutingManager::nfaEeCallback: event is 7, ignore...
D/BrcmNfcJni( 1624): RoutingManager::nfaEeCallback: NFA_EE_SET_TECH_CFG_EVT; status=0x0
D/BrcmNfcJni( 1624): setDefaultRoute:UICC_TECH_MASK=0x07;
D/NdefPushServer( 1624): about create LLCP service socket
D/BrcmNfcJni( 1624): RoutingManager::commitRouting
D/NdefPushServer( 1624): created LLCP service socket
D/NdefPushServer( 1624): about to accept
D/GpsLocationProvider(  912): received SIM realted action: android.intent.action.ACTION_SUBINFO_RECORD_UPDATED
D/PhoneApp( 1791): getPhone phoneId:0
D/Telephony( 1791): TtyManager: setting TTY mode to 0 succeeded
D/BrcmNfcJni( 1624): RoutingManager::nfaEeCallback: event: 9
D/BrcmNfcJni( 1624): RoutingManager::nfaEeCallback: event is 9, ignore...
D/BrcmNfcJni( 1624): RoutingManager::nfaEeCallback: NFA_EE_UPDATED_EVT
D/PhoneApp( 1791): receiving ACTION_SIM_STATE_CHANGED
D/PhoneApp( 1791): icc_state = ABSENT
E/MediaPlayerService(  310): [FXN.ASD] mSwitchNu(0)
D/Utils   (  310): printFileName fd(61) -> /system/app/NfcNci/NfcNci.apk
D/ImsServiceClassTracker( 1791): updateVtCapability false
D/ImsServiceSub( 1791): getServiceId returns 1
D/ImsSenderRxr( 1791): [0001]> REQUEST_IMS_REGISTRATION_STATE[SUB0]
D/ImsSenderRxr( 1791): Message data: [0, 0, 0, 12, 11, 13, 1, 0, 0, 0, 16, 1, 24, 1, 32, 0][SUB0]
D/VideoCall_ImsVideoGlobals( 1791): SetActiveSub, Sub # 1
E/ImsServiceClassTracker( 1791): removeListener error: Listener not found, com.qualcomm.ims.vt.MediaController@2abedaf4
V/ImsSenderRxr( 1791): Read packet: 12 bytes
V/ImsSenderRxr( 1791): processResponse[SUB0]
D/ImsSenderRxr( 1791): Response data: [11, 13, 1, 0, 0, 0, 16, 2, 24, 1, 32, 2][SUB0]
D/ImsSenderRxr( 1791):  Tag 1 2 1 2[SUB0]
D/ImsSenderRxr( 1791): [0001]< REQUEST_IMS_REGISTRATION_STATE error: 2
D/ImsService( 1791): Open returns serviceId 1
D/ImsSenderRxr( 1791): setUiTTYMode uittyMode=0
D/ImsSenderRxr( 1791): [0002]> REQUEST_SEND_UI_TTY_MODE[SUB0]
D/ImsSenderRxr( 1791): Message data: [0, 0, 0, 14, 11, 13, 2, 0, 0, 0, 16, 1, 24, 39, 32, 0, 8, 0][SUB0]
E/BrcmNfcJni( 1624): getReconnectState = 0x0
E/BrcmNfcJni( 1624): nfcManager_enableDiscovery:UICC_LISTEN_MASK=0x07;
V/ImsSenderRxr( 1791): Read packet: 12 bytes
V/ImsSenderRxr( 1791): processResponse[SUB0]
D/ImsSenderRxr( 1791): Response data: [11, 13, 2, 0, 0, 0, 16, 2, 24, 39, 32, 0][SUB0]
D/ImsSenderRxr( 1791):  Tag 2 2 39 0[SUB0]
D/ImsSenderRxr( 1791): [0002]< REQUEST_SEND_UI_TTY_MODE [SUB0]
D/GpsLocationProvider(  912): SIM MCC/MNC is still not available
D/NotificationMgr( 1791): hideDataDisconnectedRoaming()...
D/NotificationMgr( 1791): hideDataDisconnectedRoaming()...
D/NotificationMgr( 1791): hideDataDisconnectedRoaming()...
D/NotificationMgr( 1791): hideDataDisconnectedRoaming()...
D/NotificationMgr( 1791): hideDataDisconnectedRoaming()...
D/NotificationMgr( 1791): hideDataDisconnectedRoaming()...
D/NotificationMgr( 1791): hideDataDisconnectedRoaming()...
D/NotificationMgr( 1791): hideDataDisconnectedRoaming()...
D/NativeNfcManager( 1624): needRfLaDisabled:false
D/BrcmNfcJni( 1624): setForceDisableForward: 0
D/NotificationMgr( 1791): hideDataDisconnectedRoaming()...
D/NotificationMgr( 1791): hideDataDisconnectedRoaming()...
D/TelephonyNetworkFactory-1( 1791): update networkCapabilites for subId = -1
D/TelephonyNetworkFactory-1( 1791): INTERNET capability is removed from subId = -1
D/TelephonyNetworkFactory-1( 1791): Ready to handle network requests
D/CallNotifier( 1791): onReceive... 
I/Telephony( 1791): : SUBINFO_RECORD_UPDATED : 4.
D/Telephony( 1791): TelecomAccountRegistry: Found 1 phones.  Attempting to register.
D/NativeNfcManager( 1624): needRfLaDisabled:false
D/BrcmNfcJni( 1624): setForceDisableForward: 0
D/Telephony( 1791): TelecomAccountRegistry: Phone with subscription id -1
D/GpsLocationProvider(  912): received SIM realted action: android.intent.action.SIM_STATE_CHANGED
E/BrcmNfcJni( 1624): getReconnectState = 0x0
W/ResourcesManager( 2334): Asset path '/system/framework/org.simalliance.openmobileapi.jar' does not exist or contains no resources.
D/PhoneApp( 1791): getPhone phoneId:0
E/PhoneInterfaceManager( 1791): [PhoneIntfMgr] getIccId: ICC ID is null or empty.
D/GpsLocationProvider(  912): SIM MCC/MNC is still not available
D/Telephony( 1791): AccountEntry: Registered phoneAccount: android.telecom.PhoneAccount@26b1c21d with handle: ComponentInfo{com.android.phone/com.android.services.telephony.TelephonyConnectionService}, E
W/art     ( 2076): Suspending all threads took: 11.339ms
I/Telephony( 1791): PstnIncomingCallNotifier: Registering: Handler (com.android.internal.telephony.gsm.GSMPhone) {c1f5cda}
D/Telephony( 1791): PstnPhoneCapabilitiesNotifier: Registering: Handler (com.android.internal.telephony.gsm.GSMPhone) {c1f5cda}
I/MmsService( 1791): mReceiver action: android.intent.action.ACTION_SUBINFO_RECORD_UPDATED
D/ImsServiceSub( 1791): Message received: what = 3
E/ImsServiceSub( 1791): IMS State query failed!
D/PhoneApp( 1791): getPhone phoneId:0
D/NotificationMgr( 1791): updateNetworkSelection()...state = 1 new network 
V/SmartcardService( 2334): main smartcard service onCreate
D/SmartcardService( 2334): NfcAdapter acquired
V/SmartcardService( 2334): multiSimConfig = 
V/SmartcardService( 2334): mIsisConfig = 
D/SmartcardService( 2334): binding established
I/Adreno-EGL( 1305): <qeglDrvAPI_eglInitialize:379>: EGL 1.4 QUALCOMM build: AU_LINUX_ANDROID_LA.BR.1.1.2.C2.05.00.00.059.008_msm8916_64_refs/tags/AU_LINUX_ANDROID_LA.BR.1.1.2.C2.05.00.00.059.008__release_AU (I68fa98814b)
I/Adreno-EGL( 1305): OpenGL ES Shader Compiler Version: E031.25.03.01
I/Adreno-EGL( 1305): Build Date: 04/27/15 Mon
I/Adreno-EGL( 1305): Local Branch: 
I/Adreno-EGL( 1305): Remote Branch: refs/tags/AU_LINUX_ANDROID_LA.BR.1.1.2.C2.05.00.00.059.008
I/Adreno-EGL( 1305): Local Patches: NONE
I/Adreno-EGL( 1305): Reconstruct Branch: NOTHING
D/AudioCache(  310): AudioCache::waitRelative+
I/MmsService( 1791): MmsConfigManager.loadInBackground(): mcc/mnc: 0/0
V/AudioPolicyManager(  310): isOffloadSupported: SR=16000, CM=0x1, Format=0x7000000, StreamType=-1, BitRate=4294967295, duration=1395562 us, has_video=0
D/AudioPolicyManager(  310): isOffloadSupported: stream_type != MUSIC, returning false
I/Utils   (  310): streamType(-1) cannot be offloading played.
D/OMXCodec(  310): [FXN.ASD] OMXCodec:: Create for audio/vorbis
D/OMXCodec(  310): test::indside matching codec edited code
D/OMXCodec(  310): Attempting to allocate OMX node 'OMX.google.vorbis.decoder'
D/OMX     (  310): [FXN.ASD]:CallbackDispatche()
D/OMXCodec(  310): Successfully allocated OMX node 'OMX.google.vorbis.decoder'
I/AwesomePlayer(  310): Could not offload audio decode, try pcm offload
V/AudioPolicyManager(  310): isOffloadSupported: SR=44100, CM=0x1, Format=0x1c000001, StreamType=-1, BitRate=4294967295, duration=1395562 us, has_video=0
D/AudioPolicyManager(  310): isOffloadSupported: stream_type != MUSIC, returning false
I/Utils   (  310): streamType(-1) cannot be offloading played.
D/OMXCodec(  310): [OMX.google.vorbis.decoder] OMXCodec::start 
D/OMXCodec(  310): OMXCodec::setState: mState 2
E/MmsService( 1791): MmsConfigManager.load -- empty getActiveSubInfoList
D/OMXCodec(  310): [OMX.google.vorbis.decoder] [FXN.ASD]pause()beforelock, mState=2
D/OMX     (  310): [FXN.ASD]:loop()+
D/OMXCodec(  310): [OMX.google.vorbis.decoder] Now Idle..
D/OMXCodec(  310): OMXCodec::setState: mState 3
D/OMXCodec(  310): [OMX.google.vorbis.decoder] [FXN.ASD]pause()beforelock, mState=3
D/OMXCodec(  310): [OMX.google.vorbis.decoder] Now Executing.
D/OMXCodec(  310): OMXCodec::setState: mState 4
D/AudioCache(  310): AudioCache::waitRelative- mError=0 ,mCommandComplete=1
D/AudioPlayer(  310): start of Playback, useOffload 0
D/PhoneApp( 1791): receiving ACTION_SIM_STATE_CHANGED
D/PhoneApp( 1791): icc_state = ABSENT
D/CallNotifier( 1791): ACTION_SUBINFO_RECORD_UPDATED...
D/OMXCodec(  310): OMXCodec::setState: mState 7
D/OMXCodec(  310): OMXCodec::setState: mState 4
D/Telephony( 1791): PstnPhoneCapabilitiesNotifier: handleVideoCapabilitesChanged. Video capability - false
D/AudioCache(  310): AudioCache::waitRelative+
D/Telephony( 1791): PstnPhoneCapabilitiesNotifier: handleVideoCapabilitesChanged. Exception=java.lang.NullPointerException: Attempt to invoke virtual method 'int android.telecom.PhoneAccount.getCapabilities()' on a null object reference
D/PhoneApp( 1791): getPhone phoneId:0
D/NotificationMgr( 1791): updateNetworkSelection()...state = 2 new network 
D/CallNotifier( 1791): onMwiChanged(): false phoneId = 0
D/NotificationMgr( 1791): updateMwi(): false phoneId = 0
D/CallNotifier( 1791): onCfiChanged(): false
D/NotificationMgr( 1791): updateCfi(): false phoneId = 0
E/NfcService( 1624): applyRouting -2
D/NfcService( 1624): Discovery configuration equal, not updating.
D/OMXCodec(  310): OMXCodec::read: EOS -1011
V/SmartcardService( 2334): smartcardConfig = SIM
I/SIM     ( 2334): UiccTerminal(): mIsMultiSimEnabled = false
V/SmartcardService( 2334): main adding SIM1
I/SmartcardService( 2334): Initializing Access Control
I/SIM     ( 2334): isCardPresent(): PROPERTY_SIM_STATE=ABSENT
I/SmartcardService( 2334): NOT initializing Access Control for SIM1 SE not present.
D/mm-jpeg-intf(  310): Max picture size 4128 x 3096, WorkBufSize = 19568640
E/qomx_image_core(  310): OMX_Init:94] Complete 2
D/QCameraHWI_Mem(  310): void qcamera::QCameraMemory::traceLogAllocStart(size_t, int, const char*) : alloc E count=1 size=1048576
E/QCameraHWI_Mem(  310): void qcamera::QCameraMemory::traceLogAllocStart(size_t, int, const char*):HeapMemsize 1048576
D/QCameraHWI_Mem(  310): void qcamera::QCameraMemory::traceLogAllocStart(size_t, int, const char*) : alloc E count=1 size=1048576
E/QCameraHWI_Mem(  310): void qcamera::QCameraMemory::traceLogAllocStart(size_t, int, const char*):Memsize 1048576
D/QCameraHWI_Mem(  310): int qcamera::QCameraMemory::alloc(int, size_t, unsigned int) : No memory pool available and So allocate new buffer
D/QCameraHWI_Mem(  310): static int qcamera::QCameraMemory::allocOneBuffer(qcamera::QCameraMemory::QCameraMemInfo&, unsigned int, size_t, bool) : ION buffer 1 with size 1048576 allocated
D/QCameraHWI_Mem(  310):  void qcamera::QCameraMemory::traceLogAllocEnd(size_t) : X
E/QCameraHWI_Mem(  310): void qcamera::QCameraMemory::traceLogAllocEnd(size_t) 1048576
D/QCameraHWI_Mem(  310):  void qcamera::QCameraMemory::traceLogAllocEnd(size_t) : X
E/QCameraHWI_Mem(  310): void qcamera::QCameraMemory::traceLogAllocEnd(size_t) 1048576
D/AudioCache(  310): AudioCache::waitRelative- mError=0 ,mCommandComplete=1
D/AudioPlayer(  310): Pause Playback at 1395562
V/SmartcardService( 2334): main smartcard service onBind
D/AudioPlayer(  310): reset: mPlaying=0 mReachedEOS=1 useOffload=0
D/OMXCodec(  310): [OMX.google.vorbis.decoder] stop mState=4
D/OMXCodec(  310): OMXCodec::setState: mState 5
D/OMXCodec(  310): [OMX.google.vorbis.decoder] Now Idle..
D/OMXCodec(  310): OMXCodec::setState: mState 6
D/OMXCodec(  310): [OMX.google.vorbis.decoder] Now Loaded.
D/OMXCodec(  310): OMXCodec::setState: mState 1
D/OMXCodec(  310): ~OMXCodec(): mState 1
D/OMX     (  310): [FXN.ASD]:loop()-
D/OMXCodec(  310): OMXCodec::setState: mState 0
I/NfcService( 1624): SmartCardService connected callback....
V/SEService( 1624): Service onServiceConnected
I/SmartcardService( 2334): OnPostExecute()
V/SmartcardService( 2334): register SIM_STATE_CHANGED event
E/MediaPlayerService(  310): [FXN.ASD] mSwitchNu(0)
D/Utils   (  310): printFileName fd(61) -> /system/app/NfcNci/NfcNci.apk
V/SmartcardService( 2334): register ADAPTER_STATE_CHANGED event
V/SmartcardService( 2334): register NFC event
