D/ForegroundUtils( 1624): Process died; UID 10103 PID 3229
D/ForegroundUtils( 1624): Foreground changed, PID: 3229 UID: 10103 foreground: false
D/ForegroundUtils( 1624): Foreground UID/PID combinations:
W/GoogleTagManager( 4059): Failed to extract the container from the resource file. Resource is a UTF-8 encoded string but doesn't contain a JSON container
I/ActivityManager(  912): Start proc com.zhiqupk.root.global for broadcast com.zhiqupk.root.global/com.umeng.update.UmengNetBroadCast: pid=4097 uid=10224 gids={50224, 9997, 1028, 1015, 3003} abi=armeabi
I/art     (  341): Explicit concurrent mark sweep GC freed 709(30KB) AllocSpace objects, 0(0B) LOS objects, 39% free, 6MB/10MB, paused 506us total 28.059ms
D/WifiService(  912): acquireWifiLockLocked: WifiLock{podcast_wifilock type=1 binder=android.os.BinderProxy@2f23eabb}
D/WifiService(  912): releaseWifiLockLocked: WifiLock{podcast_wifilock type=1 binder=android.os.BinderProxy@2f23eabb}
I/ActivityManager(  912): Killing 3370:com.google.android.gm/u0a99 (adj 15): empty #21
W/GoogleTagManager( 4059): Error when loading resources from url: https://www.googletagmanager.com/r?id=GTM-NZP2J3&v=a65833898&pv=OA$0 java.security.cert.CertPathValidatorException: Trust anchor for certification path not found.
W/GoogleTagManager( 4059): javax.net.ssl.SSLHandshakeException: java.security.cert.CertPathValidatorException: Trust anchor for certification path not found.
W/GoogleTagManager( 4059): 	at com.android.org.conscrypt.OpenSSLSocketImpl.startHandshake(OpenSSLSocketImpl.java:306)
W/GoogleTagManager( 4059): 	at com.android.okhttp.Connection.upgradeToTls(Connection.java:197)
W/GoogleTagManager( 4059): 	at com.android.okhttp.Connection.connect(Connection.java:151)
W/GoogleTagManager( 4059): 	at com.android.okhttp.internal.http.HttpEngine.connect(HttpEngine.java:276)
W/GoogleTagManager( 4059): 	at com.android.okhttp.internal.http.HttpEngine.sendRequest(HttpEngine.java:211)
W/GoogleTagManager( 4059): 	at com.android.okhttp.internal.http.HttpURLConnectionImpl.execute(HttpURLConnectionImpl.java:373)
W/GoogleTagManager( 4059): 	at com.android.okhttp.internal.http.HttpURLConnectionImpl.getResponse(HttpURLConnectionImpl.java:323)
W/GoogleTagManager( 4059): 	at com.android.okhttp.internal.http.HttpURLConnectionImpl.getResponseCode(HttpURLConnectionImpl.java:491)
W/GoogleTagManager( 4059): 	at com.android.okhttp.internal.http.DelegatingHttpsURLConnection.getResponseCode(DelegatingHttpsURLConnection.java:105)
W/GoogleTagManager( 4059): 	at com.android.okhttp.internal.http.HttpsURLConnectionImpl.getResponseCode(HttpsURLConnectionImpl.java:25)
W/GoogleTagManager( 4059): 	at com.google.android.gms.internal.zzvq.zza(Unknown Source)
W/GoogleTagManager( 4059): 	at com.google.android.gms.internal.zzvq.zzdG(Unknown Source)
W/GoogleTagManager( 4059): 	at com.google.android.gms.tagmanager.zzck.zztB(Unknown Source)
W/GoogleTagManager( 4059): 	at com.google.android.gms.tagmanager.zzck.run(Unknown Source)
W/GoogleTagManager( 4059): 	at java.util.concurrent.Executors$RunnableAdapter.call(Executors.java:422)
W/GoogleTagManager( 4059): 	at java.util.concurrent.FutureTask.run(FutureTask.java:237)
W/GoogleTagManager( 4059): 	at java.util.concurrent.ScheduledThreadPoolExecutor$ScheduledFutureTask.access$201(ScheduledThreadPoolExecutor.java:152)
W/GoogleTagManager( 4059): 	at java.util.concurrent.ScheduledThreadPoolExecutor$ScheduledFutureTask.run(ScheduledThreadPoolExecutor.java:265)
W/GoogleTagManager( 4059): 	at java.util.concurrent.ThreadPoolExecutor.runWorker(ThreadPoolExecutor.java:1112)
W/GoogleTagManager( 4059): 	at java.util.concurrent.ThreadPoolExecutor$Worker.run(ThreadPoolExecutor.java:587)
W/GoogleTagManager( 4059): 	at java.lang.Thread.run(Thread.java:818)
W/GoogleTagManager( 4059): Caused by: java.security.cert.CertificateException: java.security.cert.CertPathValidatorException: Trust anchor for certification path not found.
W/GoogleTagManager( 4059): 	at com.android.org.conscrypt.TrustManagerImpl.checkTrusted(TrustManagerImpl.java:323)
W/GoogleTagManager( 4059): 	at com.android.org.conscrypt.TrustManagerImpl.checkServerTrusted(TrustManagerImpl.java:224)
W/GoogleTagManager( 4059): 	at com.android.org.conscrypt.Platform.checkServerTrusted(Platform.java:113)
W/GoogleTagManager( 4059): 	at com.android.org.conscrypt.OpenSSLSocketImpl.verifyCertificateChain(OpenSSLSocketImpl.java:525)
W/GoogleTagManager( 4059): 	at com.android.org.conscrypt.NativeCrypto.SSL_do_handshake(Native Method)
W/GoogleTagManager( 4059): 	at com.android.org.conscrypt.OpenSSLSocketImpl.startHandshake(OpenSSLSocketImpl.java:302)
W/GoogleTagManager( 4059): 	... 20 more
W/GoogleTagManager( 4059): Caused by: java.security.cert.CertPathValidatorException: Trust anchor for certification path not found.
W/GoogleTagManager( 4059): 	... 26 more
W/upk.root.global( 4124): type=1400 audit(0.0:14): avc: denied { getopt } for scontext=u:r:untrusted_app:s0 tcontext=u:r:zygote:s0 tclass=unix_dgram_socket permissive=0
W/upk.root.global( 4124): type=1400 audit(0.0:15): avc: denied { getopt } for scontext=u:r:untrusted_app:s0 tcontext=u:r:zygote:s0 tclass=unix_dgram_socket permissive=0
W/linker  ( 4097): libsecexe.so has text relocations. This is wasting memory and prevents security hardening. Please fix.
W/libprocessgroup(  912): failed to open /acct/uid_10099/pid_3370/cgroup.procs: No such file or directory
D/ForegroundUtils( 1624): Process died; UID 10099 PID 3370
D/ForegroundUtils( 1624): Foreground changed, PID: 3370 UID: 10099 foreground: false
D/ForegroundUtils( 1624): Foreground UID/PID combinations:
W/upk.root.global( 4125): type=1400 audit(0.0:16): avc: denied { getopt } for scontext=u:r:untrusted_app:s0 tcontext=u:r:zygote:s0 tclass=unix_dgram_socket permissive=0
W/upk.root.global( 4125): type=1400 audit(0.0:17): avc: denied { getopt } for scontext=u:r:untrusted_app:s0 tcontext=u:r:zygote:s0 tclass=unix_dgram_socket permissive=0
W/upk.root.global( 4126): type=1400 audit(0.0:18): avc: denied { getopt } for scontext=u:r:untrusted_app:s0 tcontext=u:r:zygote:s0 tclass=unix_dgram_socket permissive=0
W/upk.root.global( 4126): type=1400 audit(0.0:19): avc: denied { getopt } for scontext=u:r:untrusted_app:s0 tcontext=u:r:zygote:s0 tclass=unix_dgram_socket permissive=0
W/linker  ( 4128): com.zhiqupk.root.global has text relocations. This is wasting memory and prevents security hardening. Please fix.
W/linker  ( 4128): libsecmain.so has text relocations. This is wasting memory and prevents security hardening. Please fix.
W/linker  ( 4132): libsecmain.so has text relocations. This is wasting memory and prevents security hardening. Please fix.
--------- beginning of crash
F/libc    ( 4132): Fatal signal 11 (SIGSEGV), code 2, fault addr 0xf73a8abc in tid 4132 (dex2oat)
I/DEBUG   (  305): *** *** *** *** *** *** *** *** *** *** *** *** *** *** *** ***
I/DEBUG   (  305): Build fingerprint: 'Sony/E2303/E2303:5.0/26.1.A.2.99/3521403033:user/release-keys'
I/DEBUG   (  305): Revision: '0'
I/DEBUG   (  305): ABI: 'arm'
I/DEBUG   (  305): pid: 4132, tid: 4132, name: dex2oat  >>> /system/bin/dex2oat <<<
I/DEBUG   (  305): signal 11 (SIGSEGV), code 2 (SEGV_ACCERR), fault addr 0xf73a8abc
W/NativeCrashListener(  912): Couldn't find ProcessRecord for pid 4132
I/DEBUG   (  305):     r0 f6ef26c0  r1 00000000  r2 0000001a  r3 f6ef7320
E/DEBUG   (  305): AM write failure (32 / Broken pipe)
I/DEBUG   (  305):     r4 f6ef7390  r5 00000000  r6 f6ef26c0  r7 f6ef7398
I/DEBUG   (  305):     r8 f6ef7008  r9 fffffe34  sl 00000001  fp f6ef6b08
I/DEBUG   (  305):     ip f6ef6e70  sp ff832568  lr f6ee3591  pc f73a8abc  cpsr 600d0010
I/DEBUG   (  305): 
I/DEBUG   (  305): backtrace:
I/DEBUG   (  305):     #00 pc 00009abc  <unknown>
I/DEBUG   (  305):     #01 pc 0002158d  /system/lib/libstlport.so (std::_Locale_impl::_Locale_impl(char const*)+28)
I/DEBUG   (  305):     #02 pc 000215ef  /system/lib/libstlport.so (std::_Locale_impl::make_classic_locale()+30)
I/DEBUG   (  305):     #03 pc 00021b6d  /system/lib/libstlport.so (std::_Locale_impl::Init::Init()+16)
I/DEBUG   (  305):     #04 pc 00021beb  /system/lib/libstlport.so (std::_Stl_get_global_locale()+30)
I/DEBUG   (  305):     #05 pc 0001fd67  /system/lib/libstlport.so (std::locale::locale()+4)
I/DEBUG   (  305):     #06 pc 0001986b  /system/lib/libstlport.so (std::priv::stdio_streambuf_base::stdio_streambuf_base(__sFILE*)+38)
I/DEBUG   (  305):     #07 pc 0001a5df  /system/lib/libstlport.so (std::ios_base::_S_initialize()+50)
I/DEBUG   (  305):     #08 pc 0001a871  /system/lib/libstlport.so (std::ios_base::Init::Init()+24)
I/DEBUG   (  305):     #09 pc 00017845  /system/lib/libstlport.so
I/DEBUG   (  305):     #10 pc 00001a89  /system/bin/linker (__dl__ZN6soinfo12CallFunctionEPKcPFvvE+44)
I/DEBUG   (  305):     #11 pc 00001b5d  /system/bin/linker (__dl__ZN6soinfo9CallArrayEPKcPPFvvEjb+140)
I/DEBUG   (  305):     #12 pc 00001e3d  /system/bin/linker (__dl__ZN6soinfo16CallConstructorsEv+144)
I/DEBUG   (  305):     #13 pc 00001dfb  /system/bin/linker (__dl__ZN6soinfo16CallConstructorsEv+78)
I/DEBUG   (  305):     #14 pc 00001dfb  /system/bin/linker (__dl__ZN6soinfo16CallConstructorsEv+78)
I/DEBUG   (  305):     #15 pc 00002491  /system/bin/linker (__dl__Z9do_dlopenPKciPK17android_dlextinfo+136)
I/DEBUG   (  305):     #16 pc 00000e9d  /system/bin/linker (__dl__ZL10dlopen_extPKciPK17android_dlextinfo+24)
I/DEBUG   (  305):     #17 pc 00000aa7  /system/lib/libnetd_client.so (netdClientInitConnect+50)
I/DEBUG   (  305):     #18 pc 0000f0f3  /system/lib/libc.so (netdClientInitImpl()+54)
I/DEBUG   (  305):     #19 pc 00013e87  /system/lib/libc.so (pthread_once+90)
I/DEBUG   (  305):     #20 pc 0000f15b  /system/lib/libc.so (netdClientInit+10)
I/DEBUG   (  305):     #21 pc 00001a89  /system/bin/linker (__dl__ZN6soinfo12CallFunctionEPKcPFvvE+44)
I/DEBUG   (  305):     #22 pc 00001b5d  /system/bin/linker (__dl__ZN6soinfo9CallArrayEPKcPPFvvEjb+140)
I/DEBUG   (  305):     #23 pc 00001e3d  /system/bin/linker (__dl__ZN6soinfo16CallConstructorsEv+144)
I/DEBUG   (  305):     #24 pc 00001dfb  /system/bin/linker (__dl__ZN6soinfo16CallConstructorsEv+78)
I/DEBUG   (  305):     #25 pc 000032c5  /system/bin/linker (__dl___linker_init+1084)
I/DEBUG   (  305):     #26 pc 00000a1c  /system/bin/linker (_start+4)
I/DEBUG   (  305):     #27 pc 00000a1c  /system/bin/linker (_start+4)
I/DEBUG   (  305):     #28 pc 00000a1c  /system/bin/linker (_start+4)
I/DEBUG   (  305):     #29 pc 00000a1c  /system/bin/linker (_start+4)
I/DEBUG   (  305):     #30 pc 00000a1c  /system/bin/linker (_start+4)
I/DEBUG   (  305):     #31 pc 00000a1c  /system/bin/linker (_start+4)
I/DEBUG   (  305):     #32 pc 00000a1c  /system/bin/linker (_start+4)
I/DEBUG   (  305):     #33 pc 00000a1c  /system/bin/linker (_start+4)
I/DEBUG   (  305):     #34 pc 00000a1c  /system/bin/linker (_start+4)
I/DEBUG   (  305):     #35 pc 00000a1c  /system/bin/linker (_start+4)
I/DEBUG   (  305):     #36 pc 00000a1c  /system/bin/linker (_start+4)
I/DEBUG   (  305):     #37 pc 00000a1c  /system/bin/linker (_start+4)
I/DEBUG   (  305):     #38 pc 00000a1c  /system/bin/linker (_start+4)
I/DEBUG   (  305):     #39 pc 00000a1c  /system/bin/linker (_start+4)
I/DEBUG   (  305):     #40 pc 00000a1c  /system/bin/linker (_start+4)
I/DEBUG   (  305):     #41 pc 00000a1c  /system/bin/linker (_start+4)
I/DEBUG   (  305):     #42 pc 00000a1c  /system/bin/linker (_start+4)
I/DEBUG   (  305):     #43 pc 00000a1c  /system/bin/linker (_start+4)
I/DEBUG   (  305):     #44 pc 00000a1c  /system/bin/linker (_start+4)
I/DEBUG   (  305):     #45 pc 00000a1c  /system/bin/linker (_start+4)
I/DEBUG   (  305):     #46 pc 00000a1c  /system/bin/linker (_start+4)
I/DEBUG   (  305):     #47 pc 00000a1c  /system/bin/linker (_start+4)
I/DEBUG   (  305):     #48 pc 00000a1c  /system/bin/linker (_start+4)
I/DEBUG   (  305):     #49 pc 00000a1c  /system/bin/linker (_start+4)
I/DEBUG   (  305):     #50 pc 00000a1c  /system/bin/linker (_start+4)
I/DEBUG   (  305):     #51 pc 00000a1c  /system/bin/linker (_start+4)
I/DEBUG   (  305):     #52 pc 00000a1c  /system/bin/linker (_start+4)
I/DEBUG   (  305):     #53 pc 00000a1c  /system/bin/linker (_start+4)
I/DEBUG   (  305):     #54 pc 00000a1c  /system/bin/linker (_start+4)
I/DEBUG   (  305):     #55 pc 00000a1c  /system/bin/linker (_start+4)
I/DEBUG   (  305):     #56 pc 00000a1c  /system/bin/linker (_start+4)
I/DEBUG   (  305):     #57 pc 00000a1c  /system/bin/linker (_start+4)
I/DEBUG   (  305):     #58 pc 00000a1c  /system/bin/linker (_start+4)
I/DEBUG   (  305):     #59 pc 00000a1c  /system/bin/linker (_start+4)
I/DEBUG   (  305):     #60 pc 00000a1c  /system/bin/linker (_start+4)
I/DEBUG   (  305):     #61 pc 00000a1c  /system/bin/linker (_start+4)
I/DEBUG   (  305):     #62 pc 00000a1c  /system/bin/linker (_start+4)
I/DEBUG   (  305):     #63 pc 00000a1c  /system/bin/linker (_start+4)
I/DEBUG   (  305): 
I/DEBUG   (  305): Tombstone written to: /data/tombstones/tombstone_04
D/        (  305): crash_level = -1
W/linker  ( 4139): libsecmain.so has text relocations. This is wasting memory and prevents security hardening. Please fix.
F/libc    ( 4139): Fatal signal 11 (SIGSEGV), code 2, fault addr 0xf715cabc in tid 4139 (dex2oat)
I/DEBUG   (  305): *** *** *** *** *** *** *** *** *** *** *** *** *** *** *** ***
I/DEBUG   (  305): Build fingerprint: 'Sony/E2303/E2303:5.0/26.1.A.2.99/3521403033:user/release-keys'
I/DEBUG   (  305): Revision: '0'
I/DEBUG   (  305): ABI: 'arm'
I/DEBUG   (  305): pid: 4139, tid: 4139, name: dex2oat  >>> /system/bin/dex2oat <<<
I/DEBUG   (  305): signal 11 (SIGSEGV), code 2 (SEGV_ACCERR), fault addr 0xf715cabc
W/NativeCrashListener(  912): Couldn't find ProcessRecord for pid 4139
I/DEBUG   (  305):     r0 f6ca66c0  r1 00000000  r2 0000001a  r3 f6cab320
E/DEBUG   (  305): AM write failure (32 / Broken pipe)
I/DEBUG   (  305):     r4 f6cab390  r5 00000000  r6 f6ca66c0  r7 f6cab398
I/DEBUG   (  305):     r8 f6cab008  r9 fffffe34  sl 00000001  fp f6caab08
I/DEBUG   (  305):     ip f6caae70  sp ffc25c58  lr f6c97591  pc f715cabc  cpsr 600d0010
I/DEBUG   (  305): 
I/DEBUG   (  305): backtrace:
I/DEBUG   (  305):     #00 pc 00009abc  <unknown>
I/DEBUG   (  305):     #01 pc 0002158d  /system/lib/libstlport.so (std::_Locale_impl::_Locale_impl(char const*)+28)
I/DEBUG   (  305):     #02 pc 000215ef  /system/lib/libstlport.so (std::_Locale_impl::make_classic_locale()+30)
I/DEBUG   (  305):     #03 pc 00021b6d  /system/lib/libstlport.so (std::_Locale_impl::Init::Init()+16)
I/DEBUG   (  305):     #04 pc 00021beb  /system/lib/libstlport.so (std::_Stl_get_global_locale()+30)
I/DEBUG   (  305):     #05 pc 0001fd67  /system/lib/libstlport.so (std::locale::locale()+4)
I/DEBUG   (  305):     #06 pc 0001986b  /system/lib/libstlport.so (std::priv::stdio_streambuf_base::stdio_streambuf_base(__sFILE*)+38)
I/DEBUG   (  305):     #07 pc 0001a5df  /system/lib/libstlport.so (std::ios_base::_S_initialize()+50)
I/DEBUG   (  305):     #08 pc 0001a871  /system/lib/libstlport.so (std::ios_base::Init::Init()+24)
I/DEBUG   (  305):     #09 pc 00017845  /system/lib/libstlport.so
I/DEBUG   (  305):     #10 pc 00001a89  /system/bin/linker (__dl__ZN6soinfo12CallFunctionEPKcPFvvE+44)
I/DEBUG   (  305):     #11 pc 00001b5d  /system/bin/linker (__dl__ZN6soinfo9CallArrayEPKcPPFvvEjb+140)
I/DEBUG   (  305):     #12 pc 00001e3d  /system/bin/linker (__dl__ZN6soinfo16CallConstructorsEv+144)
I/DEBUG   (  305):     #13 pc 00001dfb  /system/bin/linker (__dl__ZN6soinfo16CallConstructorsEv+78)
I/DEBUG   (  305):     #14 pc 00001dfb  /system/bin/linker (__dl__ZN6soinfo16CallConstructorsEv+78)
I/DEBUG   (  305):     #15 pc 00002491  /system/bin/linker (__dl__Z9do_dlopenPKciPK17android_dlextinfo+136)
I/DEBUG   (  305):     #16 pc 00000e9d  /system/bin/linker (__dl__ZL10dlopen_extPKciPK17android_dlextinfo+24)
I/DEBUG   (  305):     #17 pc 00000aa7  /system/lib/libnetd_client.so (netdClientInitConnect+50)
I/DEBUG   (  305):     #18 pc 0000f0f3  /system/lib/libc.so (netdClientInitImpl()+54)
I/DEBUG   (  305):     #19 pc 00013e87  /system/lib/libc.so (pthread_once+90)
I/DEBUG   (  305):     #20 pc 0000f15b  /system/lib/libc.so (netdClientInit+10)
I/DEBUG   (  305):     #21 pc 00001a89  /system/bin/linker (__dl__ZN6soinfo12CallFunctionEPKcPFvvE+44)
I/DEBUG   (  305):     #22 pc 00001b5d  /system/bin/linker (__dl__ZN6soinfo9CallArrayEPKcPPFvvEjb+140)
I/DEBUG   (  305):     #23 pc 00001e3d  /system/bin/linker (__dl__ZN6soinfo16CallConstructorsEv+144)
I/DEBUG   (  305):     #24 pc 00001dfb  /system/bin/linker (__dl__ZN6soinfo16CallConstructorsEv+78)
I/DEBUG   (  305):     #25 pc 000032c5  /system/bin/linker (__dl___linker_init+1084)
I/DEBUG   (  305):     #26 pc 00000a1c  /system/bin/linker (_start+4)
I/DEBUG   (  305):     #27 pc 00000a1c  /system/bin/linker (_start+4)
I/DEBUG   (  305):     #28 pc 00000a1c  /system/bin/linker (_start+4)
I/DEBUG   (  305):     #29 pc 00000a1c  /system/bin/linker (_start+4)
I/DEBUG   (  305):     #30 pc 00000a1c  /system/bin/linker (_start+4)
I/DEBUG   (  305):     #31 pc 00000a1c  /system/bin/linker (_start+4)
I/DEBUG   (  305):     #32 pc 00000a1c  /system/bin/linker (_start+4)
I/DEBUG   (  305):     #33 pc 00000a1c  /system/bin/linker (_start+4)
I/DEBUG   (  305):     #34 pc 00000a1c  /system/bin/linker (_start+4)
I/DEBUG   (  305):     #35 pc 00000a1c  /system/bin/linker (_start+4)
I/DEBUG   (  305):     #36 pc 00000a1c  /system/bin/linker (_start+4)
I/DEBUG   (  305):     #37 pc 00000a1c  /system/bin/linker (_start+4)
I/DEBUG   (  305):     #38 pc 00000a1c  /system/bin/linker (_start+4)
I/DEBUG   (  305):     #39 pc 00000a1c  /system/bin/linker (_start+4)
I/DEBUG   (  305):     #40 pc 00000a1c  /system/bin/linker (_start+4)
I/DEBUG   (  305):     #41 pc 00000a1c  /system/bin/linker (_start+4)
I/DEBUG   (  305):     #42 pc 00000a1c  /system/bin/linker (_start+4)
I/DEBUG   (  305):     #43 pc 00000a1c  /system/bin/linker (_start+4)
I/DEBUG   (  305):     #44 pc 00000a1c  /system/bin/linker (_start+4)
I/DEBUG   (  305):     #45 pc 00000a1c  /system/bin/linker (_start+4)
I/DEBUG   (  305):     #46 pc 00000a1c  /system/bin/linker (_start+4)
I/DEBUG   (  305):     #47 pc 00000a1c  /system/bin/linker (_start+4)
I/DEBUG   (  305):     #48 pc 00000a1c  /system/bin/linker (_start+4)
I/DEBUG   (  305):     #49 pc 00000a1c  /system/bin/linker (_start+4)
I/DEBUG   (  305):     #50 pc 00000a1c  /system/bin/linker (_start+4)
I/DEBUG   (  305):     #51 pc 00000a1c  /system/bin/linker (_start+4)
I/DEBUG   (  305):     #52 pc 00000a1c  /system/bin/linker (_start+4)
I/DEBUG   (  305):     #53 pc 00000a1c  /system/bin/linker (_start+4)
I/DEBUG   (  305):     #54 pc 00000a1c  /system/bin/linker (_start+4)
I/DEBUG   (  305):     #55 pc 00000a1c  /system/bin/linker (_start+4)
I/DEBUG   (  305):     #56 pc 00000a1c  /system/bin/linker (_start+4)
I/DEBUG   (  305):     #57 pc 00000a1c  /system/bin/linker (_start+4)
I/DEBUG   (  305):     #58 pc 00000a1c  /system/bin/linker (_start+4)
I/DEBUG   (  305):     #59 pc 00000a1c  /system/bin/linker (_start+4)
I/DEBUG   (  305):     #60 pc 00000a1c  /system/bin/linker (_start+4)
I/DEBUG   (  305):     #61 pc 00000a1c  /system/bin/linker (_start+4)
I/DEBUG   (  305):     #62 pc 00000a1c  /system/bin/linker (_start+4)
I/DEBUG   (  305):     #63 pc 00000a1c  /system/bin/linker (_start+4)
I/DEBUG   (  305): 
I/DEBUG   (  305): Tombstone written to: /data/tombstones/tombstone_01
D/        (  305): crash_level = -1
W/linker  ( 4144): libsecmain.so has text relocations. This is wasting memory and prevents security hardening. Please fix.
F/libc    ( 4144): Fatal signal 11 (SIGSEGV), code 2, fault addr 0xf7230abc in tid 4144 (dex2oat)
W/NativeCrashListener(  912): Couldn't find ProcessRecord for pid 4144
I/DEBUG   (  305): *** *** *** *** *** *** *** *** *** *** *** *** *** *** *** ***
E/DEBUG   (  305): AM write failure (32 / Broken pipe)
I/DEBUG   (  305): Build fingerprint: 'Sony/E2303/E2303:5.0/26.1.A.2.99/3521403033:user/release-keys'
I/DEBUG   (  305): Revision: '0'
I/DEBUG   (  305): ABI: 'arm'
I/DEBUG   (  305): pid: 4144, tid: 4144, name: dex2oat  >>> /system/bin/dex2oat <<<
I/DEBUG   (  305): signal 11 (SIGSEGV), code 2 (SEGV_ACCERR), fault addr 0xf7230abc
I/DEBUG   (  305):     r0 f6d7a6c0  r1 00000000  r2 0000001a  r3 f6d7f320
I/DEBUG   (  305):     r4 f6d7f390  r5 00000000  r6 f6d7a6c0  r7 f6d7f398
I/DEBUG   (  305):     r8 f6d7f008  r9 fffffe34  sl 00000001  fp f6d7eb08
I/DEBUG   (  305):     ip f6d7ee70  sp ffa34ec8  lr f6d6b591  pc f7230abc  cpsr 600d0010
I/DEBUG   (  305): 
I/DEBUG   (  305): backtrace:
I/DEBUG   (  305):     #00 pc 00009abc  <unknown>
I/DEBUG   (  305):     #01 pc 0002158d  /system/lib/libstlport.so (std::_Locale_impl::_Locale_impl(char const*)+28)
I/DEBUG   (  305):     #02 pc 000215ef  /system/lib/libstlport.so (std::_Locale_impl::make_classic_locale()+30)
I/DEBUG   (  305):     #03 pc 00021b6d  /system/lib/libstlport.so (std::_Locale_impl::Init::Init()+16)
I/DEBUG   (  305):     #04 pc 00021beb  /system/lib/libstlport.so (std::_Stl_get_global_locale()+30)
I/DEBUG   (  305):     #05 pc 0001fd67  /system/lib/libstlport.so (std::locale::locale()+4)
I/DEBUG   (  305):     #06 pc 0001986b  /system/lib/libstlport.so (std::priv::stdio_streambuf_base::stdio_streambuf_base(__sFILE*)+38)
I/DEBUG   (  305):     #07 pc 0001a5df  /system/lib/libstlport.so (std::ios_base::_S_initialize()+50)
I/DEBUG   (  305):     #08 pc 0001a871  /system/lib/libstlport.so (std::ios_base::Init::Init()+24)
I/DEBUG   (  305):     #09 pc 00017845  /system/lib/libstlport.so
I/DEBUG   (  305):     #10 pc 00001a89  /system/bin/linker (__dl__ZN6soinfo12CallFunctionEPKcPFvvE+44)
I/DEBUG   (  305):     #11 pc 00001b5d  /system/bin/linker (__dl__ZN6soinfo9CallArrayEPKcPPFvvEjb+140)
I/DEBUG   (  305):     #12 pc 00001e3d  /system/bin/linker (__dl__ZN6soinfo16CallConstructorsEv+144)
I/DEBUG   (  305):     #13 pc 00001dfb  /system/bin/linker (__dl__ZN6soinfo16CallConstructorsEv+78)
I/DEBUG   (  305):     #14 pc 00001dfb  /system/bin/linker (__dl__ZN6soinfo16CallConstructorsEv+78)
I/DEBUG   (  305):     #15 pc 00002491  /system/bin/linker (__dl__Z9do_dlopenPKciPK17android_dlextinfo+136)
I/DEBUG   (  305):     #16 pc 00000e9d  /system/bin/linker (__dl__ZL10dlopen_extPKciPK17android_dlextinfo+24)
I/DEBUG   (  305):     #17 pc 00000aa7  /system/lib/libnetd_client.so (netdClientInitConnect+50)
I/DEBUG   (  305):     #18 pc 0000f0f3  /system/lib/libc.so (netdClientInitImpl()+54)
I/DEBUG   (  305):     #19 pc 00013e87  /system/lib/libc.so (pthread_once+90)
I/DEBUG   (  305):     #20 pc 0000f15b  /system/lib/libc.so (netdClientInit+10)
I/DEBUG   (  305):     #21 pc 00001a89  /system/bin/linker (__dl__ZN6soinfo12CallFunctionEPKcPFvvE+44)
I/DEBUG   (  305):     #22 pc 00001b5d  /system/bin/linker (__dl__ZN6soinfo9CallArrayEPKcPPFvvEjb+140)
I/DEBUG   (  305):     #23 pc 00001e3d  /system/bin/linker (__dl__ZN6soinfo16CallConstructorsEv+144)
I/DEBUG   (  305):     #24 pc 00001dfb  /system/bin/linker (__dl__ZN6soinfo16CallConstructorsEv+78)
I/DEBUG   (  305):     #25 pc 000032c5  /system/bin/linker (__dl___linker_init+1084)
I/DEBUG   (  305):     #26 pc 00000a1c  /system/bin/linker (_start+4)
I/DEBUG   (  305):     #27 pc 00000a1c  /system/bin/linker (_start+4)
I/DEBUG   (  305):     #28 pc 00000a1c  /system/bin/linker (_start+4)
I/DEBUG   (  305):     #29 pc 00000a1c  /system/bin/linker (_start+4)
I/DEBUG   (  305):     #30 pc 00000a1c  /system/bin/linker (_start+4)
I/DEBUG   (  305):     #31 pc 00000a1c  /system/bin/linker (_start+4)
I/DEBUG   (  305):     #32 pc 00000a1c  /system/bin/linker (_start+4)
I/DEBUG   (  305):     #33 pc 00000a1c  /system/bin/linker (_start+4)
I/DEBUG   (  305):     #34 pc 00000a1c  /system/bin/linker (_start+4)
I/DEBUG   (  305):     #35 pc 00000a1c  /system/bin/linker (_start+4)
I/DEBUG   (  305):     #36 pc 00000a1c  /system/bin/linker (_start+4)
I/DEBUG   (  305):     #37 pc 00000a1c  /system/bin/linker (_start+4)
I/DEBUG   (  305):     #38 pc 00000a1c  /system/bin/linker (_start+4)
I/DEBUG   (  305):     #39 pc 00000a1c  /system/bin/linker (_start+4)
I/DEBUG   (  305):     #40 pc 00000a1c  /system/bin/linker (_start+4)
I/DEBUG   (  305):     #41 pc 00000a1c  /system/bin/linker (_start+4)
I/DEBUG   (  305):     #42 pc 00000a1c  /system/bin/linker (_start+4)
I/DEBUG   (  305):     #43 pc 00000a1c  /system/bin/linker (_start+4)
I/DEBUG   (  305):     #44 pc 00000a1c  /system/bin/linker (_start+4)
I/DEBUG   (  305):     #45 pc 00000a1c  /system/bin/linker (_start+4)
I/DEBUG   (  305):     #46 pc 00000a1c  /system/bin/linker (_start+4)
I/DEBUG   (  305):     #47 pc 00000a1c  /system/bin/linker (_start+4)
I/DEBUG   (  305):     #48 pc 00000a1c  /system/bin/linker (_start+4)
I/DEBUG   (  305):     #49 pc 00000a1c  /system/bin/linker (_start+4)
I/DEBUG   (  305):     #50 pc 00000a1c  /system/bin/linker (_start+4)
I/DEBUG   (  305):     #51 pc 00000a1c  /system/bin/linker (_start+4)
I/DEBUG   (  305):     #52 pc 00000a1c  /system/bin/linker (_start+4)
I/DEBUG   (  305):     #53 pc 00000a1c  /system/bin/linker (_start+4)
I/DEBUG   (  305):     #54 pc 00000a1c  /system/bin/linker (_start+4)
I/DEBUG   (  305):     #55 pc 00000a1c  /system/bin/linker (_start+4)
I/DEBUG   (  305):     #56 pc 00000a1c  /system/bin/linker (_start+4)
I/DEBUG   (  305):     #57 pc 00000a1c  /system/bin/linker (_start+4)
I/DEBUG   (  305):     #58 pc 00000a1c  /system/bin/linker (_start+4)
I/DEBUG   (  305):     #59 pc 00000a1c  /system/bin/linker (_start+4)
I/DEBUG   (  305):     #60 pc 00000a1c  /system/bin/linker (_start+4)
I/DEBUG   (  305):     #61 pc 00000a1c  /system/bin/linker (_start+4)
I/DEBUG   (  305):     #62 pc 00000a1c  /system/bin/linker (_start+4)
I/DEBUG   (  305):     #63 pc 00000a1c  /system/bin/linker (_start+4)
I/DEBUG   (  305): 
I/DEBUG   (  305): Tombstone written to: /data/tombstones/tombstone_05
D/        (  305): crash_level = -1
I/ActivityManager(  912): Process com.zhiqupk.root.global (pid 4097) has died
I/ActivityManager(  912): Start proc com.zhiqupk.root.global for broadcast com.zhiqupk.root.global/neo.proxy.DistributeReceiver: pid=4149 uid=10224 gids={50224, 9997, 1028, 1015, 3003} abi=armeabi
D/ForegroundUtils( 1624): Process died; UID 10224 PID 4097
D/ForegroundUtils( 1624): Foreground changed, PID: 4097 UID: 10224 foreground: false
D/ForegroundUtils( 1624): Foreground UID/PID combinations:
I/ActivityManager(  912): Waited long enough for: ServiceRecord{27d59a37 u0 com.sonymobile.camerawidget/.CameraWidgetService}
W/upk.root.global( 4172): type=1400 audit(0.0:20): avc: denied { getopt } for scontext=u:r:untrusted_app:s0 tcontext=u:r:zygote:s0 tclass=unix_dgram_socket permissive=0
W/upk.root.global( 4172): type=1400 audit(0.0:21): avc: denied { getopt } for scontext=u:r:untrusted_app:s0 tcontext=u:r:zygote:s0 tclass=unix_dgram_socket permissive=0
W/linker  ( 4149): libsecexe.so has text relocations. This is wasting memory and prevents security hardening. Please fix.
W/upk.root.global( 4173): type=1400 audit(0.0:22): avc: denied { getopt } for scontext=u:r:untrusted_app:s0 tcontext=u:r:zygote:s0 tclass=unix_dgram_socket permissive=0
W/upk.root.global( 4173): type=1400 audit(0.0:23): avc: denied { getopt } for scontext=u:r:untrusted_app:s0 tcontext=u:r:zygote:s0 tclass=unix_dgram_socket permissive=0
W/upk.root.global( 4174): type=1400 audit(0.0:24): avc: denied { getopt } for scontext=u:r:untrusted_app:s0 tcontext=u:r:zygote:s0 tclass=unix_dgram_socket permissive=0
W/upk.root.global( 4174): type=1400 audit(0.0:25): avc: denied { getopt } for scontext=u:r:untrusted_app:s0 tcontext=u:r:zygote:s0 tclass=unix_dgram_socket permissive=0
W/linker  ( 4175): com.zhiqupk.root.global has text relocations. This is wasting memory and prevents security hardening. Please fix.
W/linker  ( 4175): libsecmain.so has text relocations. This is wasting memory and prevents security hardening. Please fix.
W/linker  ( 4179): libsecmain.so has text relocations. This is wasting memory and prevents security hardening. Please fix.
F/libc    ( 4179): Fatal signal 11 (SIGSEGV), code 2, fault addr 0xf70c4abc in tid 4179 (dex2oat)
