D/StatusBar.NetworkController( 1228): updateTelephonySignalStrength, No signal level. mPhoneSignalIconId = com.android.systemui:drawable/stat_sys_signal_null mDataSignalIconId = com.android.systemui:drawable/stat_sys_signal_null mQSPhoneSignalIconId = com.android.systemui:drawable/ic_qs_signal_no_signal mContentDescriptionPhoneSignal = string/accessibility_no_phone
D/StatusBar.NetworkController( 1228): hasService: mServiceState=3 3 home null null null  Unknown Unknown CSS not supported -1 -1 RoamInd=-1 DefRoamInd=-1 EmergOnly=false retVal=false
D/StatusBar.NetworkController( 1228): refreshViews: Data not connected!! Set no data type icon / Roaming
D/StatusBar.NetworkController( 1228): refreshViews connected={ wifi } level=0 combinedSignalIconId=0x7f020398/com.android.systemui:drawable/stat_sys_wifi_signal_4 combinedActivityIconId=0x0 mobileLabel= wifiLabel="SwitchDatacentersGuest"xxxxXXXXxxxxXXXX emergencyOnly=false combinedLabel="SwitchDatacentersGuest"xxxxXXXXxxxxXXXX mAirplaneMode=false mDataActivity=0 mPhoneSignalIconId=0x7f020378/com.android.systemui:drawable/stat_sys_signal_null mQSPhoneSignalIconId=0x7f0200ae/com.android.systemui:drawable/ic_qs_signal_no_signal mDataDirectionIconId=0x0/(null) mDataSignalIconId=0x7f020378/com.android.systemui:drawable/stat_sys_signal_null mDataTypeIconId=0x0/(null) mQSDataTypeIconId=0x0/(null) mNoSimIconId=0x7f0201b5/com.android.systemui:drawable/stat_sys_no_sim mWifiIconId=0x7f020398/com.android.systemui:drawable/stat_sys_wifi_signal_4 mQSWifiIconId=0x7f0200bd/com.android.systemui:drawable/ic_qs_wifi_4 mWifiActivityIconId=0x0/(null) mBluetoothTetherIconId=0x108077d/android:drawable/stat_sys_tether_bluetooth
D/CarrierLabel( 1228): updateNetworkName showSpn=false spn= showPlmn=true plmn=No service
D/StatusBar.NetworkController( 1228): hasService: mServiceState=3 3 home null null null  Unknown Unknown CSS not supported -1 -1 RoamInd=-1 DefRoamInd=-1 EmergOnly=false retVal=false
D/StatusBar.NetworkController( 1228): refreshViews: Data not connected!! Set no data type icon / Roaming
D/StatusBar.NetworkController( 1228): refreshViews connected={ wifi } level=0 combinedSignalIconId=0x7f020398/com.android.systemui:drawable/stat_sys_wifi_signal_4 combinedActivityIconId=0x0 mobileLabel= wifiLabel="SwitchDatacentersGuest"xxxxXXXXxxxxXXXX emergencyOnly=false combinedLabel="SwitchDatacentersGuest"xxxxXXXXxxxxXXXX mAirplaneMode=false mDataActivity=0 mPhoneSignalIconId=0x7f020378/com.android.systemui:drawable/stat_sys_signal_null mQSPhoneSignalIconId=0x7f0200ae/com.android.systemui:drawable/ic_qs_signal_no_signal mDataDirectionIconId=0x0/(null) mDataSignalIconId=0x7f020378/com.android.systemui:drawable/stat_sys_signal_null mDataTypeIconId=0x0/(null) mQSDataTypeIconId=0x0/(null) mNoSimIconId=0x7f0201b5/com.android.systemui:drawable/stat_sys_no_sim mWifiIconId=0x7f020398/com.android.systemui:drawable/stat_sys_wifi_signal_4 mQSWifiIconId=0x7f0200bd/com.android.systemui:drawable/ic_qs_wifi_4 mWifiActivityIconId=0x0/(null) mBluetoothTetherIconId=0x108077d/android:drawable/stat_sys_tether_bluetooth
D/StatusBar.NetworkController( 1228): onServiceStateChanged voiceState=1 dataState=1
D/StatusBar.NetworkController( 1228): Combining data service state 1 for signal
D/StatusBar.NetworkController( 1228): updateIconSet, voice network type is: 0/UNKNOWN, data network type is: 0/UNKNOWN
D/StatusBar.NetworkController( 1228):  chosenNetworkType=0 hspaDataDistinguishable=true hspapDistinguishable=false showAtLeastThreeGees=false
D/TelephonyIcons( 1228): updateDataType sub=0, type=0, inetCondition=0 showAtLeast3G=false show4GforLte=false hspaDistinguishable=true
D/TelephonyIcons( 1228): data type item name: array/telephony_data_type_sim1 roaming item name:array/telephony_roaming_data_type_sim1animation roaming item name: array/telephony_animation_roaming_data_type_sim1
D/TelephonyIcons( 1228): data type item id: 2131165190 roaming item id:2131165193animation roaming itme id: 2131165196
D/TelephonyIcons( 1228): updateDataType mSelectedDataTypeIcon[0]=0, mSelectedRoamingDataTypeIcon=2130837910 mSelectedAnimationRoamingDataTypeIcon=0 mSelectedDataActivityIndex=0
D/StatusBar.NetworkController( 1228): hasService: mServiceState=1 1 home null null null  Unknown Unknown CSS not supported -1 -1 RoamInd=-1 DefRoamInd=-1 EmergOnly=false retVal=false
D/StatusBar.NetworkController( 1228): updateTelephonySignalStrength: hasService=false ss=SignalStrength: 99 0 -120 -160 -120 -1 -1 99 2147483647 2147483647 2147483647 2147483647 2147483647 gsm|lte 0
D/StatusBar.NetworkController( 1228): hasService: mServiceState=1 1 home null null null  Unknown Unknown CSS not supported -1 -1 RoamInd=-1 DefRoamInd=-1 EmergOnly=false retVal=false
D/TelephonyIcons( 1228): null signal icon name: drawable/stat_sys_signal_null
D/StatusBar.NetworkController( 1228): updateTelephonySignalStrength, No signal level. mPhoneSignalIconId = com.android.systemui:drawable/stat_sys_signal_null mDataSignalIconId = com.android.systemui:drawable/stat_sys_signal_null mQSPhoneSignalIconId = com.android.systemui:drawable/ic_qs_signal_no_signal mContentDescriptionPhoneSignal = string/accessibility_no_phone
D/PhoneApp( 1791): getPhone phoneId:-1000
D/StatusBar.NetworkController( 1228): updateDataNetType, mDataTypeIconId = (null) mQSDataTypeIconId = (null) mContentDescriptionDataType = 0
D/StatusBar.NetworkController( 1228): updateDataIcon, mDataDirectionIconId = (null) mDataConnected = false
D/CarrierLabel( 1228): updateNetworkName showSpn=false spn= showPlmn=true plmn=No service
D/StatusBar.NetworkController( 1228): In updateSimIcon simState= ABSENT
D/TelephonyIcons( 1228): no sim icon name: drawable/stat_sys_no_sim
D/StatusBar.NetworkController( 1228): hasService: mServiceState=1 1 home null null null  Unknown Unknown CSS not supported -1 -1 RoamInd=-1 DefRoamInd=-1 EmergOnly=false retVal=false
D/StatusBar.NetworkController( 1228): refreshViews: Data not connected!! Set no data type icon / Roaming
D/StatusBar.NetworkController( 1228): refreshViews connected={ wifi } level=0 combinedSignalIconId=0x7f020398/com.android.systemui:drawable/stat_sys_wifi_signal_4 combinedActivityIconId=0x0 mobileLabel= wifiLabel="SwitchDatacentersGuest"xxxxXXXXxxxxXXXX emergencyOnly=false combinedLabel="SwitchDatacentersGuest"xxxxXXXXxxxxXXXX mAirplaneMode=false mDataActivity=0 mPhoneSignalIconId=0x7f020378/com.android.systemui:drawable/stat_sys_signal_null mQSPhoneSignalIconId=0x7f0200ae/com.android.systemui:drawable/ic_qs_signal_no_signal mDataDirectionIconId=0x0/(null) mDataSignalIconId=0x7f020378/com.android.systemui:drawable/stat_sys_signal_null mDataTypeIconId=0x0/(null) mQSDataTypeIconId=0x0/(null) mNoSimIconId=0x7f0201b5/com.android.systemui:drawable/stat_sys_no_sim mWifiIconId=0x7f020398/com.android.systemui:drawable/stat_sys_wifi_signal_4 mQSWifiIconId=0x7f0200bd/com.android.systemui:drawable/ic_qs_wifi_4 mWifiActivityIconId=0x0/(null) mBluetoothTetherIconId=0x108077d/android:drawable/stat_sys_tether_bluetooth
D/KeyguardUpdateMonitor( 1228): ACTION_SERVICE_STATE_CHANGED on sub: -1 showSpn:false showPlmn:true mServiceState: 1 1 home null null null  Unknown Unknown CSS not supported -1 -1 RoamInd=-1 DefRoamInd=-1 EmergOnly=false
D/StatusBar.NetworkController( 1228): updateSimState, sim state is: ABSENT
D/StatusBar.NetworkController( 1228): updateSimState: mSimState=ABSENT
D/StatusBar.NetworkController( 1228): In updateSimIcon simState= ABSENT
D/TelephonyIcons( 1228): no sim icon name: drawable/stat_sys_no_sim
D/StatusBar.NetworkController( 1228): updateDataIcon, mDataDirectionIconId = (null) mDataConnected = false
D/StatusBar.NetworkController( 1228): hasService: mServiceState=1 1 home null null null  Unknown Unknown CSS not supported -1 -1 RoamInd=-1 DefRoamInd=-1 EmergOnly=false retVal=false
D/StatusBar.NetworkController( 1228): refreshViews: Data not connected!! Set no data type icon / Roaming
D/StatusBar.NetworkController( 1228): refreshViews connected={ wifi } level=0 combinedSignalIconId=0x7f020398/com.android.systemui:drawable/stat_sys_wifi_signal_4 combinedActivityIconId=0x0 mobileLabel= wifiLabel="SwitchDatacentersGuest"xxxxXXXXxxxxXXXX emergencyOnly=false combinedLabel="SwitchDatacentersGuest"xxxxXXXXxxxxXXXX mAirplaneMode=false mDataActivity=0 mPhoneSignalIconId=0x7f020378/com.android.systemui:drawable/stat_sys_signal_null mQSPhoneSignalIconId=0x7f0200ae/com.android.systemui:drawable/ic_qs_signal_no_signal mDataDirectionIconId=0x0/(null) mDataSignalIconId=0x7f020378/com.android.systemui:drawable/stat_sys_signal_null mDataTypeIconId=0x0/(null) mQSDataTypeIconId=0x0/(null) mNoSimIconId=0x7f0201b5/com.android.systemui:drawable/stat_sys_no_sim mWifiIconId=0x7f020398/com.android.systemui:drawable/stat_sys_wifi_signal_4 mQSWifiIconId=0x7f0200bd/com.android.systemui:drawable/ic_qs_wifi_4 mWifiActivityIconId=0x0/(null) mBluetoothTetherIconId=0x108077d/android:drawable/stat_sys_tether_bluetooth
D/PhoneStatusBarPolicy( 1228): updateSimState for phoneId :0
D/CarrierLabel( 1228): updateNetworkName showSpn=false spn= showPlmn=true plmn=Emergency calls only
D/StatusBar.NetworkController( 1228): hasService: mServiceState=1 1 home null null null  Unknown Unknown CSS not supported -1 -1 RoamInd=-1 DefRoamInd=-1 EmergOnly=false retVal=false
D/StatusBar.NetworkController( 1228): refreshViews: Data not connected!! Set no data type icon / Roaming
D/StatusBar.NetworkController( 1228): refreshViews connected={ wifi } level=0 combinedSignalIconId=0x7f020398/com.android.systemui:drawable/stat_sys_wifi_signal_4 combinedActivityIconId=0x0 mobileLabel= wifiLabel="SwitchDatacentersGuest"xxxxXXXXxxxxXXXX emergencyOnly=false combinedLabel="SwitchDatacentersGuest"xxxxXXXXxxxxXXXX mAirplaneMode=false mDataActivity=0 mPhoneSignalIconId=0x7f020378/com.android.systemui:drawable/stat_sys_signal_null mQSPhoneSignalIconId=0x7f0200ae/com.android.systemui:drawable/ic_qs_signal_no_signal mDataDirectionIconId=0x0/(null) mDataSignalIconId=0x7f020378/com.android.systemui:drawable/stat_sys_signal_null mDataTypeIconId=0x0/(null) mQSDataTypeIconId=0x0/(null) mNoSimIconId=0x7f0201b5/com.android.systemui:drawable/stat_sys_no_sim mWifiIconId=0x7f020398/com.android.systemui:drawable/stat_sys_wifi_signal_4 mQSWifiIconId=0x7f0200bd/com.android.systemui:drawable/ic_qs_wifi_4 mWifiActivityIconId=0x0/(null) mBluetoothTetherIconId=0x108077d/android:drawable/stat_sys_tether_bluetooth
D/StatusBar.NetworkController( 1228): onServiceStateChanged voiceState=2 dataState=1
D/StatusBar.NetworkController( 1228): Combining data service state 1 for signal
D/StatusBar.NetworkController( 1228): updateIconSet, voice network type is: 0/UNKNOWN, data network type is: 0/UNKNOWN
D/StatusBar.NetworkController( 1228):  chosenNetworkType=0 hspaDataDistinguishable=true hspapDistinguishable=false showAtLeastThreeGees=false
D/TelephonyIcons( 1228): updateDataType sub=0, type=0, inetCondition=0 showAtLeast3G=false show4GforLte=false hspaDistinguishable=true
D/TelephonyIcons( 1228): data type item name: array/telephony_data_type_sim1 roaming item name:array/telephony_roaming_data_type_sim1animation roaming item name: array/telephony_animation_roaming_data_type_sim1
D/TelephonyIcons( 1228): data type item id: 2131165190 roaming item id:2131165193animation roaming itme id: 2131165196
D/TelephonyIcons( 1228): updateDataType mSelectedDataTypeIcon[0]=0, mSelectedRoamingDataTypeIcon=2130837910 mSelectedAnimationRoamingDataTypeIcon=0 mSelectedDataActivityIndex=0
D/StatusBar.NetworkController( 1228): hasService: mServiceState=2 1 home null null null  Unknown Unknown CSS not supported -1 -1 RoamInd=-1 DefRoamInd=-1 EmergOnly=true retVal=false
D/StatusBar.NetworkController( 1228): updateTelephonySignalStrength: hasService=false ss=SignalStrength: 99 0 -120 -160 -120 -1 -1 99 2147483647 2147483647 2147483647 2147483647 2147483647 gsm|lte 0
D/StatusBar.NetworkController( 1228): hasService: mServiceState=2 1 home null null null  Unknown Unknown CSS not supported -1 -1 RoamInd=-1 DefRoamInd=-1 EmergOnly=true retVal=false
D/TelephonyIcons( 1228): null signal icon name: drawable/stat_sys_signal_null
D/StatusBar.NetworkController( 1228): updateTelephonySignalStrength, No signal level. mPhoneSignalIconId = com.android.systemui:drawable/stat_sys_signal_null mDataSignalIconId = com.android.systemui:drawable/stat_sys_signal_null mQSPhoneSignalIconId = com.android.systemui:drawable/ic_qs_signal_no_signal mContentDescriptionPhoneSignal = string/accessibility_no_phone
D/PhoneApp( 1791): getPhone phoneId:-1000
D/StatusBar.NetworkController( 1228): updateDataNetType, mDataTypeIconId = (null) mQSDataTypeIconId = (null) mContentDescriptionDataType = 0
D/StatusBar.NetworkController( 1228): updateDataIcon, mDataDirectionIconId = (null) mDataConnected = false
D/CarrierLabel( 1228): updateNetworkName showSpn=false spn= showPlmn=true plmn=Emergency calls only
D/StatusBar.NetworkController( 1228): In updateSimIcon simState= ABSENT
D/TelephonyIcons( 1228): no sim icon name: drawable/stat_sys_no_sim
D/StatusBar.NetworkController( 1228): hasService: mServiceState=2 1 home null null null  Unknown Unknown CSS not supported -1 -1 RoamInd=-1 DefRoamInd=-1 EmergOnly=true retVal=false
D/StatusBar.NetworkController( 1228): refreshViews: Data not connected!! Set no data type icon / Roaming
D/StatusBar.NetworkController( 1228): refreshViews connected={ wifi } level=0 combinedSignalIconId=0x7f020398/com.android.systemui:drawable/stat_sys_wifi_signal_4 combinedActivityIconId=0x0 mobileLabel=Emergency calls only wifiLabel="SwitchDatacentersGuest"xxxxXXXXxxxxXXXX emergencyOnly=true combinedLabel="SwitchDatacentersGuest"xxxxXXXXxxxxXXXX mAirplaneMode=false mDataActivity=0 mPhoneSignalIconId=0x7f020378/com.android.systemui:drawable/stat_sys_signal_null mQSPhoneSignalIconId=0x7f0200ae/com.android.systemui:drawable/ic_qs_signal_no_signal mDataDirectionIconId=0x0/(null) mDataSignalIconId=0x7f020378/com.android.systemui:drawable/stat_sys_signal_null mDataTypeIconId=0x0/(null) mQSDataTypeIconId=0x0/(null) mNoSimIconId=0x7f0201b5/com.android.systemui:drawable/stat_sys_no_sim mWifiIconId=0x7f020398/com.android.systemui:drawable/stat_sys_wifi_signal_4 mQSWifiIconId=0x7f0200bd/com.android.systemui:drawable/ic_qs_wifi_4 mWifiActivityIconId=0x0/(null) mBluetoothTetherIconId=0x108077d/android:drawable/stat_sys_tether_bluetooth
D/KeyguardUpdateMonitor( 1228): ACTION_SERVICE_STATE_CHANGED on sub: -1 showSpn:false showPlmn:true mServiceState: 2 1 home null null null  Unknown Unknown CSS not supported -1 -1 RoamInd=-1 DefRoamInd=-1 EmergOnly=true
W/GoogleTagManager( 2653): Error when loading resources from url: https://www.googletagmanager.com/r?id=GTM-W23LZ2&v=a50788154&pv=172 java.security.cert.CertPathValidatorException: Trust anchor for certification path not found.
W/GoogleTagManager( 2653): javax.net.ssl.SSLHandshakeException: java.security.cert.CertPathValidatorException: Trust anchor for certification path not found.
W/GoogleTagManager( 2653): 	at com.android.org.conscrypt.OpenSSLSocketImpl.startHandshake(OpenSSLSocketImpl.java:306)
W/GoogleTagManager( 2653): 	at com.android.okhttp.Connection.upgradeToTls(Connection.java:197)
W/GoogleTagManager( 2653): 	at com.android.okhttp.Connection.connect(Connection.java:151)
W/GoogleTagManager( 2653): 	at com.android.okhttp.internal.http.HttpEngine.connect(HttpEngine.java:276)
W/GoogleTagManager( 2653): 	at com.android.okhttp.internal.http.HttpEngine.sendRequest(HttpEngine.java:211)
W/GoogleTagManager( 2653): 	at com.android.okhttp.internal.http.HttpURLConnectionImpl.execute(HttpURLConnectionImpl.java:373)
W/GoogleTagManager( 2653): 	at com.android.okhttp.internal.http.HttpURLConnectionImpl.getResponse(HttpURLConnectionImpl.java:323)
W/GoogleTagManager( 2653): 	at com.android.okhttp.internal.http.HttpURLConnectionImpl.getResponseCode(HttpURLConnectionImpl.java:491)
W/GoogleTagManager( 2653): 	at com.android.okhttp.internal.http.DelegatingHttpsURLConnection.getResponseCode(DelegatingHttpsURLConnection.java:105)
W/GoogleTagManager( 2653): 	at com.android.okhttp.internal.http.HttpsURLConnectionImpl.getResponseCode(HttpsURLConnectionImpl.java:25)
W/GoogleTagManager( 2653): 	at com.google.tagmanager.as.a(SourceFile:50)
W/GoogleTagManager( 2653): 	at com.google.tagmanager.as.getInputStream(SourceFile:23)
W/GoogleTagManager( 2653): 	at com.google.tagmanager.cg.pL(SourceFile:105)
W/GoogleTagManager( 2653): 	at com.google.tagmanager.cg.run(SourceFile:66)
W/GoogleTagManager( 2653): 	at java.util.concurrent.Executors$RunnableAdapter.call(Executors.java:422)
W/GoogleTagManager( 2653): 	at java.util.concurrent.FutureTask.run(FutureTask.java:237)
W/GoogleTagManager( 2653): 	at java.util.concurrent.ScheduledThreadPoolExecutor$ScheduledFutureTask.access$201(ScheduledThreadPoolExecutor.java:152)
W/GoogleTagManager( 2653): 	at java.util.concurrent.ScheduledThreadPoolExecutor$ScheduledFutureTask.run(ScheduledThreadPoolExecutor.java:265)
W/GoogleTagManager( 2653): 	at java.util.concurrent.ThreadPoolExecutor.runWorker(ThreadPoolExecutor.java:1112)
W/GoogleTagManager( 2653): 	at java.util.concurrent.ThreadPoolExecutor$Worker.run(ThreadPoolExecutor.java:587)
W/GoogleTagManager( 2653): 	at java.lang.Thread.run(Thread.java:818)
W/GoogleTagManager( 2653): Caused by: java.security.cert.CertificateException: java.security.cert.CertPathValidatorException: Trust anchor for certification path not found.
W/GoogleTagManager( 2653): 	at com.android.org.conscrypt.TrustManagerImpl.checkTrusted(TrustManagerImpl.java:323)
W/GoogleTagManager( 2653): 	at com.android.org.conscrypt.TrustManagerImpl.checkServerTrusted(TrustManagerImpl.java:224)
W/GoogleTagManager( 2653): 	at com.android.org.conscrypt.Platform.checkServerTrusted(Platform.java:113)
W/GoogleTagManager( 2653): 	at com.android.org.conscrypt.OpenSSLSocketImpl.verifyCertificateChain(OpenSSLSocketImpl.java:525)
W/GoogleTagManager( 2653): 	at com.android.org.conscrypt.NativeCrypto.SSL_do_handshake(Native Method)
W/GoogleTagManager( 2653): 	at com.android.org.conscrypt.OpenSSLSocketImpl.startHandshake(OpenSSLSocketImpl.java:302)
W/GoogleTagManager( 2653): 	... 20 more
W/GoogleTagManager( 2653): Caused by: java.security.cert.CertPathValidatorException: Trust anchor for certification path not found.
W/GoogleTagManager( 2653): 	... 26 more
D/PhoneApp( 1791): getPhone phoneId:0
D/PhoneStatusBar( 1228): disable: < expand icons alerts system_info back HOME* RECENT* clock SEARCH* >
D/DefCapUpdaterReceiver( 1254): onReceive Intent { act=android.intent.action.MEDIA_MOUNTED dat=file:///storage/emulated/0 flg=0x4000010 cmp=com.sonyericsson.capabilities/.DefCapUpdaterReceiver (has extras) }
D/DefCapUpdaterReceiver( 1254): Current User ID:0,Receiver Process ID:0
D/AudioPolicyManager(  310): stopOutput() output 2, stream 1, session 16
V/AudioPolicyManager(  310): changeRefCount() stream 1, count 0
V/AudioPolicyManager(  310): getNewOutputDevice() selected device 0
V/AudioPolicyManager(  310): setOutputDevice() output 2 device 0000 delayMs 160
V/AudioPolicyManager(  310): setOutputDevice(): device = 0x0, mSupportedDevices = 0x310087f
V/AudioPolicyManager(  310): setOutputDevice() prevDevice 0002
D/AudioPolicyManager(  310): getDeviceForStrategy() strategy 0, device 2
D/AudioPolicyManager(  310): getDeviceForStrategy() strategy 1, device 1
D/AudioPolicyManager(  310): getDeviceForStrategy() strategy 2, device 2
D/AudioPolicyManager(  310): getDeviceForStrategy() strategy 2, device 2
D/AudioPolicyManager(  310): getDeviceForStrategy() strategy 3, device 2
D/AudioPolicyManager(  310): getDeviceForStrategy() strategy 0, device 2
D/AudioPolicyManager(  310): getDeviceForStrategy() strategy 4, device 2
D/AudioPolicyManager(  310): getDeviceForStrategy() strategy 5, device 2
D/AudioPolicyManager(  310): getDeviceForStrategy() strategy 6, device 1
V/AudioPolicyManager(  310): setOutputDevice() setting same device 0000 or null device for output 2
V/AudioPolicyManager(  310): releaseOutput() 2
D/DefCapUpdaterService( 1254): onCreate
D/DownloadManager( 1336): [FXN.ASD]No active tasks, stopForeground();
D/PhoneStatusBar( 1228): disable: < expand ICONS* alerts SYSTEM_INFO* back HOME RECENT clock SEARCH >
I/ActivityManager(  912): Start proc com.android.externalstorage for broadcast com.android.externalstorage/.MountReceiver: pid=2720 uid=10028 gids={50028, 9997, 1028, 1015, 1023} abi=arm64-v8a
D/BluetoothAdapter( 1228): 555260449: getState() :  mService = null. Returning STATE_OFF
D/BluetoothAdapter( 1228): 555260449: getState() :  mService = null. Returning STATE_OFF
I/ActivityManager(  912): Start proc com.sonyericsson.android.bootinfo:remote for service com.sonyericsson.android.bootinfo/.MiscTaService: pid=2747 uid=1000 gids={41000, 9997, 3002, 3001, 1023, 1028, 1015, 3003, 1007, 2992, 2993, 2996, 2001, 1021, 3004, 3005, 1000, 3009, 1010} abi=arm64-v8a
D/DefCapUpdaterService( 1254): onStartCommand
D/DefCapUpdaterService( 1254): handleMessage
D/PhoneApp( 1791): getPhone phoneId:-1000
D/DefCapUpdaterService( 1254): getInfo()
D/DefCapUpdaterService( 1254): mMiscService is NULL, wait until MiscTaServiceConnection return
D/DefCapUpdaterService( 1254): MediaScannerConnectionClient onMediaScannerConnected
D/PhoneApp( 1791): getPhone phoneId:-1000
D/BluetoothAdapter( 1228): 555260449: getState() :  mService = null. Returning STATE_OFF
D/BluetoothAdapter( 1228): 555260449: getState() :  mService = null. Returning STATE_OFF
W/ResourcesManager( 2747): Asset path '/system/framework/semc_bootinfoif.jar' does not exist or contains no resources.
W/Settings( 1228): Setting airplane_mode_on has moved from android.provider.Settings.System to android.provider.Settings.Global, returning read-only value.
D/ExternalStorage( 2720): After updating volumes, found 1 active roots
D/ExternalStorage( 2720): After updating volumes, found 1 active roots
D/PhoneApp( 1791): getPhone phoneId:-1000
D/DefCapUpdaterService( 1254): onServiceConnected() notify onCreate function return
D/DefCapUpdaterService( 1254): MiscTaServiceConnection return normally
D/MediaScannerReceiver( 1336): action: android.intent.action.MEDIA_MOUNTED path: /storage/emulated/0
E/tadif   ( 2747): Failed to connect to tad.
E/bootinfo( 2747): getFsVersion, caught RuntimeException
E/bootinfo( 2747): java.lang.RuntimeException: 
E/bootinfo( 2747): 	at com.sonyericsson.android.bootinfo.MiscTaAccessor.readFsVersion(Native Method)
E/bootinfo( 2747): 	at com.sonyericsson.android.bootinfo.MiscTaService$1.getFsVersion(MiscTaService.java:122)
E/bootinfo( 2747): 	at com.sonyericsson.android.bootinfoif.IMiscTaService$Stub.onTransact(IMiscTaService.java:106)
E/bootinfo( 2747): 	at android.os.Binder.execTransact(Binder.java:446)
E/DefCapUpdaterService( 1254): MiscTaAccessFailedException when reading fsVersion !!
E/tadif   ( 2747): Failed to connect to tad.
E/bootinfo( 2747): getSwVersion, caught RuntimeException
E/bootinfo( 2747): java.lang.RuntimeException: 
E/bootinfo( 2747): 	at com.sonyericsson.android.bootinfo.MiscTaAccessor.readSwVersion(Native Method)
E/bootinfo( 2747): 	at com.sonyericsson.android.bootinfo.MiscTaService$1.getSwVersion(MiscTaService.java:65)
E/bootinfo( 2747): 	at com.sonyericsson.android.bootinfoif.IMiscTaService$Stub.onTransact(IMiscTaService.java:72)
E/bootinfo( 2747): 	at android.os.Binder.execTransact(Binder.java:446)
E/DefCapUpdaterService( 1254): MiscTaAccessFailedException when reading swVersion !!
E/tadif   ( 2747): Failed to connect to tad.
E/bootinfo( 2747): getS1BootVersion, caught RuntimeException
E/bootinfo( 2747): java.lang.RuntimeException: 
E/bootinfo( 2747): 	at com.sonyericsson.android.bootinfo.MiscTaAccessor.readS1BootVersion(Native Method)
E/bootinfo( 2747): 	at com.sonyericsson.android.bootinfo.MiscTaService$1.getS1BootVersion(MiscTaService.java:137)
E/bootinfo( 2747): 	at com.sonyericsson.android.bootinfoif.IMiscTaService$Stub.onTransact(IMiscTaService.java:123)
E/bootinfo( 2747): 	at android.os.Binder.execTransact(Binder.java:446)
E/DefCapUpdaterService( 1254): MiscTaAccessFailedException when reading semcbootVersion !!
E/tadif   ( 2747): Failed to connect to tad.
E/bootinfo( 2747): getCustVersion, caught RuntimeException
E/bootinfo( 2747): java.lang.RuntimeException: 
E/bootinfo( 2747): 	at com.sonyericsson.android.bootinfo.MiscTaAccessor.readCustVersion(Native Method)
E/bootinfo( 2747): 	at com.sonyericsson.android.bootinfo.MiscTaService$1.getCustVersion(MiscTaService.java:80)
E/bootinfo( 2747): 	at com.sonyericsson.android.bootinfoif.IMiscTaService$Stub.onTransact(IMiscTaService.java:89)
E/bootinfo( 2747): 	at android.os.Binder.execTransact(Binder.java:446)
E/DefCapUpdaterService( 1254): MiscTaAccessFailedException when reading cdfVersion !!
I/ActivityManager(  912): Start proc com.sonymobile.storagechecker for broadcast com.sonymobile.storagechecker/.controller.MediaMountReceiver: pid=2772 uid=10026 gids={50026, 9997, 2001, 3003, 1028, 1015, 3007, 1023, 1024} abi=arm64-v8a
D/MediaProvider( 1336): [FXN.ASD] doMountOrEject: method=android.intent.action.MEDIA_MOUNTED
I/ActivityManager(  912): Start proc com.sonymobile.devicesecurity.service for service com.sonymobile.devicesecurity.service/.DeviceSecurityService: pid=2795 uid=1000 gids={41000, 9997, 3002, 3001, 1023, 1028, 1015, 3003, 1007, 2992, 2993, 2996, 2001, 1021, 3004, 3005, 1000, 3009, 1010} abi=arm64-v8a
D/MediaProvider( 1336): [FXN.ASD] onReceive: android.intent.action.MEDIA_SCANNER_STARTED, path = /storage/emulated/0
D/MediaProvider( 1336): [FXN.ASD]scanStartSync :: /storage/emulated/0
D/MediaProvider( 1336): [FXN.ASD]scanStartSync: InitChkFile exist.Ingnored to create scanning file
D/PhoneStatusBar( 1228): disable: < expand ICONS alerts SYSTEM_INFO back HOME RECENT clock SEARCH >
V/KeyguardTouchDelegate( 1228): Connected to keyguard
D/StatusBar.NetworkController( 1228): hasService: mServiceState=2 1 home null null null  Unknown Unknown CSS not supported -1 -1 RoamInd=-1 DefRoamInd=-1 EmergOnly=true retVal=false
D/StatusBar.NetworkController( 1228): refreshViews: Data not connected!! Set no data type icon / Roaming
D/StatusBar.NetworkController( 1228): refreshViews connected={ wifi } level=0 combinedSignalIconId=0x7f020398/com.android.systemui:drawable/stat_sys_wifi_signal_4 combinedActivityIconId=0x0 mobileLabel=Emergency calls only wifiLabel="SwitchDatacentersGuest"xxxxXXXXxxxxXXXX emergencyOnly=true combinedLabel="SwitchDatacentersGuest"xxxxXXXXxxxxXXXX mAirplaneMode=false mDataActivity=0 mPhoneSignalIconId=0x7f020378/com.android.systemui:drawable/stat_sys_signal_null mQSPhoneSignalIconId=0x7f0200ae/com.android.systemui:drawable/ic_qs_signal_no_signal mDataDirectionIconId=0x0/(null) mDataSignalIconId=0x7f020378/com.android.systemui:drawable/stat_sys_signal_null mDataTypeIconId=0x0/(null) mQSDataTypeIconId=0x0/(null) mNoSimIconId=0x7f0201b5/com.android.systemui:drawable/stat_sys_no_sim mWifiIconId=0x7f020398/com.android.systemui:drawable/stat_sys_wifi_signal_4 mQSWifiIconId=0x7f0200bd/com.android.systemui:drawable/ic_qs_wifi_4 mWifiActivityIconId=0x0/(null) mBluetoothTetherIconId=0x108077d/android:drawable/stat_sys_tether_bluetooth
D/StatusBar.NetworkController( 1228): hasService: mServiceState=2 1 home null null null  Unknown Unknown CSS not supported -1 -1 RoamInd=-1 DefRoamInd=-1 EmergOnly=true retVal=false
D/StatusBar.NetworkController( 1228): refreshViews: Data not connected!! Set no data type icon / Roaming
D/StatusBar.NetworkController( 1228): refreshViews connected={ wifi } level=0 combinedSignalIconId=0x7f020398/com.android.systemui:drawable/stat_sys_wifi_signal_4 combinedActivityIconId=0x7f02038e mobileLabel=Emergency calls only wifiLabel="SwitchDatacentersGuest"xxxxXXXXxxxxXXXX emergencyOnly=true combinedLabel="SwitchDatacentersGuest"xxxxXXXXxxxxXXXX mAirplaneMode=false mDataActivity=0 mPhoneSignalIconId=0x7f020378/com.android.systemui:drawable/stat_sys_signal_null mQSPhoneSignalIconId=0x7f0200ae/com.android.systemui:drawable/ic_qs_signal_no_signal mDataDirectionIconId=0x0/(null) mDataSignalIconId=0x7f020378/com.android.systemui:drawable/stat_sys_signal_null mDataTypeIconId=0x0/(null) mQSDataTypeIconId=0x0/(null) mNoSimIconId=0x7f0201b5/com.android.systemui:drawable/stat_sys_no_sim mWifiIconId=0x7f020398/com.android.systemui:drawable/stat_sys_wifi_signal_4 mQSWifiIconId=0x7f0200bd/com.android.systemui:drawable/ic_qs_wifi_4 mWifiActivityIconId=0x7f02038e/com.android.systemui:drawable/stat_sys_wifi_inout mBluetoothTetherIconId=0x108077d/android:drawable/stat_sys_tether_bluetooth
D/StatusBar.NetworkController( 1228): refreshSignalCluster - setMobileDataIndicators:  mHasMobileDataFeature = true mPhoneSignalIconId = com.android.systemui:drawable/stat_sys_signal_null mDataSignalIconId = com.android.systemui:drawable/stat_sys_signal_null mMobileActivityIconId = (null) mDataTypeIconId = (null) mNoSimIconId = com.android.systemui:drawable/stat_sys_no_sim
D/StatusBar.NetworkController( 1228): refreshSignalCluster - setMobileDataIndicators:  mHasMobileDataFeature = true mPhoneSignalIconId = com.android.systemui:drawable/stat_sys_signal_null mDataSignalIconId = com.android.systemui:drawable/stat_sys_signal_null mMobileActivityIconId = (null) mDataTypeIconId = (null) mNoSimIconId = com.android.systemui:drawable/stat_sys_no_sim
D/StatusBar.NetworkController( 1228): refreshSignalCluster - setMobileDataIndicators:  mHasMobileDataFeature = true mPhoneSignalIconId = com.android.systemui:drawable/stat_sys_signal_null mDataSignalIconId = com.android.systemui:drawable/stat_sys_signal_null mMobileActivityIconId = (null) mDataTypeIconId = (null) mNoSimIconId = com.android.systemui:drawable/stat_sys_no_sim
D/StatusBar.NetworkController( 1228): changing data overlay icon id to 2130838414
I/art     (  912): Explicit concurrent mark sweep GC freed 7974(390KB) AllocSpace objects, 0(0B) LOS objects, 33% free, 19MB/29MB, paused 1.297ms total 123.594ms
D/WifiService(  912): New client listening to asynchronous messages
I/ActivityManager(  912): Start proc com.sonymobile.photoanalyzer for broadcast com.sonymobile.photoanalyzer/.storage.StorageIntentReceiver: pid=2825 uid=10059 gids={50059, 9997, 1028, 1015} abi=armeabi-v7a
I/AlarmManager(  912): [FXN.ASD]set  [type=3 trigger on=(+2m0s0ms) repeatInt=300000 repeatInt=PendingIntent{2091784f: PendingIntentRecord{cb27bdc com.sonymobile.storagechecker startService}} worksource = null]
E/libextended_boot( 2795): SendAndReceive socket failed
E/libextended_boot( 2795): SendAndReceive() ended. result 1 - CREDMGR_RESULT_GENERIC_ERROR
E/libextended_boot( 2795): GetHWConfigRevision() ended. result 1 - CREDMGR_RESULT_GENERIC_ERROR
E/libextended_boot( 2795): GetHWConfigRevision failed
E/libextended_boot( 2795): Java_com_sonymobile_devicesecurity_service_HWConfRevision_getHWConfigRevisionJni() ended. result 5 - CREDMGR_RESULT_SERVICE_ERROR
E/HWConfRevision( 2795): getHWConfigRevisionJni failed, error GET_HWC_REVISION_GENERIC_ERROR
D/DefCapUpdaterService( 1254): Could get HW config revision:
D/DefCapUpdaterService( 1254): writeXMLFiles()
D/DefCapUpdaterService( 1254): Write/Copy XML files in a new thread
D/DefCapUpdaterService( 1254): dat= /storage/emulated/0
D/DefCapUpdaterService( 1254): writeDefaultXMLFile()
I/ServiceManager(  348): Waiting for service AtCmdFwd...
E/USB_UICC(  326): Timeout! No signal received. Retry num = 26
I/WindowManager(  912): [FXN.ASD] Boot Time: 45180
I/SurfaceFlinger(  296): Boot is finished (25841 ms)
I/SystemServiceManager(  912): Starting phase 1000
D/modemanager(  296): Panel Name: nt35521_720p_video_mode_dsi_panel_truly
E/modemanager(  296): readXMLOp:Couldn't open OEM XML file!
E/modemanager(  296): retrieveMode: Failed to enumerate modes
E/modemanager(  296): instantiateModeMgr: Failed to update default cache!
E/modemanager(  296): readXMLOp:Couldn't open OEM XML file!
E/modemanager(  296): retrieveMode: Failed to enumerate modes
E/modemanager(  296): in applyDefaultMode fail to retrieve default mode!
I/modemanager(  296): in applyDefaultMode ret = 0 mCurMode = -1
D/qdhwcomposer(  296): processBootAnimCompleted: Not able to apply default mode
I/ActivityManager(  912): Start proc com.android.defcontainer for on-hold: pid=2862 uid=10025 gids={50025, 9997, 1028, 1015, 1023, 2001, 1035} abi=arm64-v8a
V/KeyguardServiceDelegate(  912): **** SHOWN CALLED ****
D/MediaProvider( 1336): object removed 1701
I/ActivityManager(  912): Start proc com.google.process.location for on-hold: pid=2885 uid=10030 gids={50030, 9997, 2001, 3003, 1007, 3006, 1028, 1015, 3002, 3001, 1005, 3007} abi=arm64-v8a
D/fota-trigger( 2895): fota-trigger starting
D/QSEECOMAPI: ( 2894): QSEECom_get_handle sb_length = 0x20000
D/QSEECOMAPI: ( 2894): App is not loaded in QSEE
D/QSEECOMAPI: ( 2894): Loaded image: APP id = 11
E/tadif   ( 2894): Failed to connect to tad.
E/libasb:ta_utils( 2894): miscta_get_unit_size failed, misctaResult 1
E/libasb:ta_utils( 2894): libasb_read_miscta_unit_size failed, result 1
E/libasb:ta_utils( 2894): libasb_read_miscta_unit_size for miscta_unit=2003 failed
E/libasb:ta_utils( 2894): libasb_get_miscta_unit failed, result 1
E/libasb:secure_mode( 2894): libasb_get_miscta_unit failed, result = 1
D/QSEECOMAPI: ( 2894): QSEECom_dealloc_memory 
D/QSEECOMAPI: ( 2894): QSEECom_shutdown_app, app_id = 11
E/libasb:secure_mode( 2894): SecGetSecureMode failed
I/subsystem_ramdump( 2943): Usage:./system/bin/subsystem_ramdump [arg1] [arg2] [arg3]
I/subsystem_ramdump( 2943): [arg1]: (1/2) Ramdump location: 1: eMMC: /data/ramdump or 2: SD card: /sdcard/ramdump
I/subsystem_ramdump( 2943): [arg2]: (1/0) 1: Enable RPM log / 0: Disable RPM log
I/subsystem_ramdump( 2943): [arg3]: (1/0) 1: Enable qdss ramdump / 0: Disable qdss ramdump
I/libmdmdetect( 2943): ESOC framework not supported
I/libmdmdetect( 2943): Found internal modem: modem
I/DeviceStorageMonitorService(  912): IMediaContainerService onServiceConnected()
W/ResourcesManager( 2885): Asset path '/system/framework/com.android.media.remotedisplay.jar' does not exist or contains no resources.
W/ResourcesManager( 2885): Asset path '/system/framework/com.android.location.provider.jar' does not exist or contains no resources.
W/DefCapUpdaterService( 1254): There is no records in files table for: /storage/emulated/0/default-capability.xml
I/MultiDex( 2885): VM with version 2.1.0 has multidex support
I/MultiDex( 2885): install
I/MultiDex( 2885): VM has multidex support, MultiDex support library is disabled.
I/MTP-usbux.Class( 1441): Current User ID:0,Receiver Process ID:0
I/GAV3    ( 1377): Thread[GAThread,5,main]: No campaign data found.
W/ContextImpl( 1441): Calling a method in the system process without a qualified user: android.app.ContextImpl.startService:1703 android.content.ContextWrapper.startService:515 android.content.ContextWrapper.startService:515 com.sonyericsson.usbux.service.UsbServiceReceiver.onReceive:73 android.app.ActivityThread.handleReceiver:2623 
I/MTP-usbux.Class( 1441): Action = android.intent.action.MEDIA_MOUNTED
I/ActivityManager(  912): Start proc com.sonymobile.protectedmedia for broadcast com.sonymobile.protectedmedia/.ProtectedMediaTriggerReceiver: pid=2966 uid=10125 gids={50125, 9997, 1028} abi=arm64-v8a
I/NotificationService(  912): [FXN.ASD] cancelNotificationLocked: r = NotificationRecord(0x165a100e: pkg=com.sonyericsson.usbux user=UserHandle{0} id=1117242467 tag=null score=20 key=0|com.sonyericsson.usbux|1117242467|null|1000: Notification(pri=2 contentView=com.sonyericsson.usbux/0x109007a vibrate=null sound=null defaults=0x0 flags=0x62 color=0x00000000 vis=PRIVATE)) sendDelete= false
I/NotificationService(  912): [FXN.ASD]nms:mInCall = false / mScreenOn = true / mLedNotification = null
I/NotificationService(  912): [FXN.ASD]nms:turn off LED
W/DefCapUpdaterService( 1254): There is no records in files table for: /storage/emulated/0/default-capability.xml
I/MTP-usbux.SdCard( 1441): VolumePaths : 
I/MTP-usbux.SdCard( 1441):          /storage/emulated/0
I/MTP-usbux.SdCard( 1441):          /storage/sdcard1
I/NotificationService(  912): [FXN.ASD]enqueueNotificationInternal: pkg = com.sonyericsson.usbux / callingUid = 1000 / callingPid = 1441 / tag = null / id = 1117242467 / incomingUserId = 0 / notification = Notification(pri=2 contentView=com.sonyericsson.usbux/0x109007a vibrate=null sound=null defaults=0x0 flags=0x42 color=0x00000000 vis=PRIVATE)
I/ProviderInstaller( 2885): Insert disabled by gate 'gms:security:enable_conscrypt_in_gms_application'
I/zipdump ( 2992): start compress crashdump 
I/zipdump ( 2994): crashinfo does not exist 
W/DefCapUpdaterService( 1254): There is no records in files table for: /storage/emulated/0/default-capability.xml
W/DefCapUpdaterService( 1254): There is no records in files table for: /storage/emulated/0/default-capability.xml
D/ProtectedMediaTriggerService( 2966): /storage/emulated/0/MLN_ROOT/LICENSE/ does not exist
W/Backup  ( 2885): [LegacyBackupAccountManager] No google accounts found!
I/ActivityManager(  912): Start proc com.sonyericsson.metadatacleanup for broadcast com.sonyericsson.metadatacleanup/.util.StorageIntentReceiver: pid=3008 uid=10145 gids={50145, 9997, 2996, 3003, 1028, 1015} abi=armeabi-v7a
V/BackupManagerService(  912): Connected to transport ComponentInfo{com.google.android.gms/com.google.android.gms.backup.BackupTransportService}
V/BackupManagerService(  912): Registering transport com.google.android.gms/.backup.BackupTransportService::com.google.android.gms/.backup.BackupTransportService = com.android.internal.backup.IBackupTransport$Stub$Proxy@3991ae35
E/GCoreFlp( 2885): Bound FusedProviderService with LocationManager
I/art     ( 1228): Background sticky concurrent mark sweep GC freed 8332(578KB) AllocSpace objects, 0(0B) LOS objects, 3% free, 28MB/29MB, paused 5.426ms total 32.558ms
W/DefCapUpdaterService( 1254): There is no records in files table for: /storage/emulated/0/default-capability.xml
W/DefCapUpdaterService( 1254): There is no records in files table for: /storage/emulated/0/default-capability.xml
I/GCoreNlp( 2885): shouldConfirmNlp, NLP off. Ensuring opt-in disabled
I/art     ( 3008): Thread[1,tid=3008,WaitingForJniOnLoad,Thread*=0xab0ccbd8,peer=0x73b9ead0,"main"] recursive attempt to load library "/system/app/SemcMetadataCleanup/lib/arm/libsmfmf.so"
I/art     ( 3008): Thread[1,tid=3008,WaitingForJniOnLoad,Thread*=0xab0ccbd8,peer=0x73b9ead0,"main"] recursive attempt to load library "/system/app/SemcMetadataCleanup/lib/arm/libsmfmf.so"
W/DefCapUpdaterService( 1254): There is no records in files table for: /storage/emulated/0/default-capability.xml
I/art     ( 3008): Thread[1,tid=3008,WaitingForJniOnLoad,Thread*=0xab0ccbd8,peer=0x73b9ead0,"main"] recursive attempt to load library "/system/app/SemcMetadataCleanup/lib/arm/libsmfmf.so"
D/Backup  ( 2885): [BackupTransportMigratorService] Couldn't find backup account, notifying.
W/DefCapUpdaterService( 1254): There is no records in files table for: /storage/emulated/0/default-capability.xml
D/MediaFile( 1336): [FXN.ASD] getFormatCode::retCode[12288] from /storage/emulated/0/default-capability.xml
W/ResourcesManager( 2192): Asset path '/system/framework/com.android.media.remotedisplay.jar' does not exist or contains no resources.
W/ResourcesManager( 2192): Asset path '/system/framework/com.android.location.provider.jar' does not exist or contains no resources.
I/MultiDex( 2192): VM with version 2.1.0 has multidex support
I/MultiDex( 2192): install
I/MultiDex( 2192): VM has multidex support, MultiDex support library is disabled.
I/ProviderInstaller( 2192): Insert disabled by gate 'gms:security:enable_conscrypt_in_gms_application'
I/ActivityManager(  912): Start proc com.sonymobile.synchub for broadcast com.sonymobile.synchub/.util.BackupLocationUtils: pid=3040 uid=10167 gids={50167, 9997, 1028, 1015, 1023, 3003, 2996} abi=armeabi-v7a
D/audio_hw_extn(  310): audio_extn_get_parameters: returns 
D/sony_audio_effect(  310): found KEY_SUPPORTED_EFFECT
D/sony_audio_effect(  310): 0, add effect name xLOUD
D/sony_audio_effect(  310): 1, add effect name ClearPhase
D/sony_audio_effect(  310): 2, add effect name ClearAudioVPT
D/sony_audio_effect(  310): 3, add effect name DynamicNormalizer
I/str_params(  310): key: 'supported_effect' value: ''
I/str_params(  310): key: 'Sony_effect' value: ''
W/DefCapUpdaterService( 1254): There is no records in files table for: /storage/emulated/0/default-capability.xml
I/ServiceManager(  348): Waiting for service AtCmdFwd...
W/DefCapUpdaterService( 1254): There is no records in files table for: /storage/emulated/0/default-capability.xml
I/ActivityManager(  912): Killing 1279:com.sonyericsson.tetherentitlementcheck/u0a169 (adj 15): empty #21
E/USB_UICC(  326): Timeout! No signal received. Retry num = 27
W/MediaScanner( 1336): Error opening directory '/storage/sdcard1/', skipping: Permission denied.
D/MediaScannerReceiver( 1336): action: com.sonymobile.intent.action.MEDIA_STATE_CHANGED path: /storage/emulated/0
W/libprocessgroup(  912): failed to open /acct/uid_10169/pid_1279/cgroup.procs: No such file or directory
D/ForegroundUtils( 1624): Process died; UID 10169 PID 1279
D/ForegroundUtils( 1624): Foreground changed, PID: 1279 UID: 10169 foreground: false
D/ForegroundUtils( 1624): Foreground UID/PID combinations:
D/StatusBar.NetworkController( 1228): hasService: mServiceState=2 1 home null null null  Unknown Unknown CSS not supported -1 -1 RoamInd=-1 DefRoamInd=-1 EmergOnly=true retVal=false
D/StatusBar.NetworkController( 1228): refreshViews: Data not connected!! Set no data type icon / Roaming
D/StatusBar.NetworkController( 1228): refreshViews connected={ wifi } level=0 combinedSignalIconId=0x7f020398/com.android.systemui:drawable/stat_sys_wifi_signal_4 combinedActivityIconId=0x0 mobileLabel=Emergency calls only wifiLabel="SwitchDatacentersGuest"xxxxXXXXxxxxXXXX emergencyOnly=true combinedLabel="SwitchDatacentersGuest"xxxxXXXXxxxxXXXX mAirplaneMode=false mDataActivity=0 mPhoneSignalIconId=0x7f020378/com.android.systemui:drawable/stat_sys_signal_null mQSPhoneSignalIconId=0x7f0200ae/com.android.systemui:drawable/ic_qs_signal_no_signal mDataDirectionIconId=0x0/(null) mDataSignalIconId=0x7f020378/com.android.systemui:drawable/stat_sys_signal_null mDataTypeIconId=0x0/(null) mQSDataTypeIconId=0x0/(null) mNoSimIconId=0x7f0201b5/com.android.systemui:drawable/stat_sys_no_sim mWifiIconId=0x7f020398/com.android.systemui:drawable/stat_sys_wifi_signal_4 mQSWifiIconId=0x7f0200bd/com.android.systemui:drawable/ic_qs_wifi_4 mWifiActivityIconId=0x0/(null) mBluetoothTetherIconId=0x108077d/android:drawable/stat_sys_tether_bluetooth
D/StatusBar.NetworkController( 1228): refreshSignalCluster - setMobileDataIndicators:  mHasMobileDataFeature = true mPhoneSignalIconId = com.android.systemui:drawable/stat_sys_signal_null mDataSignalIconId = com.android.systemui:drawable/stat_sys_signal_null mMobileActivityIconId = (null) mDataTypeIconId = (null) mNoSimIconId = com.android.systemui:drawable/stat_sys_no_sim
D/StatusBar.NetworkController( 1228): refreshSignalCluster - setMobileDataIndicators:  mHasMobileDataFeature = true mPhoneSignalIconId = com.android.systemui:drawable/stat_sys_signal_null mDataSignalIconId = com.android.systemui:drawable/stat_sys_signal_null mMobileActivityIconId = (null) mDataTypeIconId = (null) mNoSimIconId = com.android.systemui:drawable/stat_sys_no_sim
D/StatusBar.NetworkController( 1228): refreshSignalCluster - setMobileDataIndicators:  mHasMobileDataFeature = true mPhoneSignalIconId = com.android.systemui:drawable/stat_sys_signal_null mDataSignalIconId = com.android.systemui:drawable/stat_sys_signal_null mMobileActivityIconId = (null) mDataTypeIconId = (null) mNoSimIconId = com.android.systemui:drawable/stat_sys_no_sim
D/StatusBar.NetworkController( 1228): changing data overlay icon id to 0
I/ActivityManager(  912): Start proc com.sonyericsson.tetherentitlementcheck for broadcast com.sonyericsson.tetherentitlementcheck/.TetheringMobileStateReceiver: pid=3070 uid=10169 gids={50169, 9997, 3002, 3001} abi=arm64-v8a
D/MediaProvider( 1336): [FXN.ASD] doMountOrEject: method=com.android.providers.media.MediaScannerPostscan
D/MediaProvider( 1336): [FXN.ASD] doMountOrEject: Not Mount/Eject return
I/art     (  340): Explicit concurrent mark sweep GC freed 706(30KB) AllocSpace objects, 0(0B) LOS objects, 40% free, 6MB/10MB, paused 322us total 26.773ms
D/MediaProvider( 1336): [FXN.ASD] onReceive: android.intent.action.MEDIA_SCANNER_FINISHED, path = /storage/emulated/0
D/MediaProvider( 1336): [FXN.ASD]Device does not recover default ringtone, due to initialed file exist
V/MediaProvider( 1336): [FXN.ASD]scanEndSync :: /storage/emulated/0
W/MediaProvider( 1336): [FXN.ASD]Sync file is not existed. Failed to delete :: /storage/emulated/0
W/MediaProvider( 1336): [FXN.ASD]/storage/emulated/0 failed to end sync.
I/GAV2    ( 2248): Thread[GAThread,5,main]: No campaign data found.
D/MediaProvider( 1336): object removed 1703
D/NetworkChangeReceiver( 1377): Network connected.
I/zipdump ( 3102): start compress crashdump 
I/AlarmManager(  912): [FXN.ASD]set  [type=0 trigger on=(+8h1m34s570ms) repeatInt=0 repeatInt=PendingIntent{61fa391: PendingIntentRecord{127502f6 com.sonyericsson.extras.liveware startService}} worksource = null]
I/zipdump ( 3104): crashinfo does not exist 
D/MediaFile( 1336): [FXN.ASD] getFormatCode::retCode[12288] from /storage/emulated/0/default-capability.xml
D/BluetoothManagerService(  912): Message: 20
D/BluetoothManagerService(  912): Added callback: android.bluetooth.IBluetoothManagerCallback$Stub$Proxy@154e4964:true
D/DefCapUpdaterService( 1254): MediaScannerConnectionClient onScanCompleted: /storage/emulated/0/default-capability.xml
D/MediaProvider( 1336): object removed 1704
I/ActivityManager(  912): Killing 1486:com.android.providers.calendar/u0a20 (adj 15): empty #21
W/libprocessgroup(  912): failed to open /acct/uid_10020/pid_1486/cgroup.procs: No such file or directory
D/ForegroundUtils( 1624): Process died; UID 10020 PID 1486
D/ForegroundUtils( 1624): Foreground changed, PID: 1486 UID: 10020 foreground: false
D/ForegroundUtils( 1624): Foreground UID/PID combinations:
I/MTP-usbux.Class( 1441): Current User ID:0,Receiver Process ID:0
W/ContextImpl( 1441): Calling a method in the system process without a qualified user: android.app.ContextImpl.startService:1703 android.content.ContextWrapper.startService:515 android.content.ContextWrapper.startService:515 com.sonyericsson.usbux.service.UsbServiceReceiver.onReceive:73 android.app.ActivityThread.handleReceiver:2623 
I/MTP-usbux.Class( 1441): Action = android.net.wifi.STATE_CHANGE
D/NetworkChangeReceiver( 1377): Network connected.
D/NetworkChangeReceiver( 1377): Network connected.
I/art     (  912): Explicit concurrent mark sweep GC freed 11103(536KB) AllocSpace objects, 0(0B) LOS objects, 33% free, 19MB/29MB, paused 2.353ms total 193.533ms
D/class com.mobisystems.wifi_direct.StartWifiDirectReceiver( 1377): Wifi notification received.
D/class com.mobisystems.wifi_direct.StartWifiDirectReceiver( 1377): WIFI State Changed.
W/DefCapUpdaterService( 1254): There is no records in files table for: /storage/emulated/0/default-capability.xml
D/class com.mobisystems.wifi_direct.StartWifiDirectReceiver( 2653): Wifi notification received.
D/class com.mobisystems.wifi_direct.StartWifiDirectReceiver( 2653): WIFI State Changed.
D/MediaFile( 1336): [FXN.ASD] getFormatCode::retCode[12288] from /storage/emulated/0/default-capability.xml
D/class com.mobisystems.wifi_direct.StartWifiDirectReceiver( 1377): Wifi notification received.
D/class com.mobisystems.wifi_direct.StartWifiDirectReceiver( 1377): P2P WIFI Connection State: Disconnected.
D/wifidirect( 1377): Intent ----> Stop Receiver Service
D/wifidirect( 1377): Intent ----> Stop Sender Service 
I/ThermalEngine(  327): TM Id 'TUL_8939_NORMAL_GPU' Sensor 'tsens_tz_sensor3' - alarm cleared 1 at 55.0 degC
I/ThermalEngine(  327): ACTION: GPU - Setting GPU[0] to 550000000
I/ThermalEngine(  327): Mitigation:GPU[0]:550000000 Hz
E/wifidirect( 1377): onStartCommand 1
E/wifidirect( 1377): Exitting file transfer service.
E/wifidirect( 1377): onStartCommand 1
E/wifidirect( 1377): Exitting file transfer service.
D/class com.mobisystems.wifi_direct.StartWifiDirectReceiver( 2653): Wifi notification received.
D/DefCapUpdaterService( 1254): MediaScannerConnectionClient onScanCompleted: /storage/emulated/0/default-capability.xml
D/MediaProvider( 1336): object removed 1705
D/class com.mobisystems.wifi_direct.StartWifiDirectReceiver( 2653): P2P WIFI Connection State: Disconnected.
D/wifidirect( 2653): Intent ----> Stop Receiver Service
D/wifidirect( 2653): Intent ----> Stop Sender Service 
E/wifidirect( 2653): onStartCommand 1
E/wifidirect( 2653): Exitting file transfer service.
E/wifidirect( 2653): onStartCommand 1
E/wifidirect( 2653): Exitting file transfer service.
I/MTP-usbux.Class( 1441): Current User ID:0,Receiver Process ID:0
W/ContextImpl( 1441): Calling a method in the system process without a qualified user: android.app.ContextImpl.startService:1703 android.content.ContextWrapper.startService:515 android.content.ContextWrapper.startService:515 com.sonyericsson.usbux.service.UsbServiceReceiver.onReceive:73 android.app.ActivityThread.handleReceiver:2623 
I/MTP-usbux.Class( 1441): Action = android.net.wifi.STATE_CHANGE
D/MediaFile( 1336): [FXN.ASD] getFormatCode::retCode[12288] from /storage/emulated/0/default-capability.xml
I/MTP-usbux.Class( 1441): Current User ID:0,Receiver Process ID:0
W/ContextImpl( 1441): Calling a method in the system process without a qualified user: android.app.ContextImpl.startService:1703 android.content.ContextWrapper.startService:515 android.content.ContextWrapper.startService:515 com.sonyericsson.usbux.service.UsbServiceReceiver.onReceive:73 android.app.ActivityThread.handleReceiver:2623 
I/MTP-usbux.Class( 1441): Action = android.net.wifi.STATE_CHANGE
D/DefCapUpdaterService( 1254): MediaScannerConnectionClient onScanCompleted: /storage/emulated/0/default-capability.xml
I/ServiceManager(  348): Waiting for service AtCmdFwd...
E/USB_UICC(  326): Timeout! No signal received. Retry num = 28
